ARM Linker, RVCT4.0 [Build 728] [Standard]

==============================================================================

Section Cross References

    startup_stm32f10x_md.o(RESET) refers to startup_stm32f10x_md.o(STACK) for __initial_sp
    startup_stm32f10x_md.o(RESET) refers to startup_stm32f10x_md.o(.text) for Reset_Handler
    startup_stm32f10x_md.o(RESET) refers to stm32f10x_it.o(.text) for NMI_Handler
    startup_stm32f10x_md.o(RESET) refers to rtc.o(.text) for RTC_IRQHandler
    startup_stm32f10x_md.o(RESET) refers to key.o(.text) for EXTI0_IRQHandler
    startup_stm32f10x_md.o(RESET) refers to pwm.o(.text) for TIM2_IRQHandler
    startup_stm32f10x_md.o(RESET) refers to tim.o(.text) for TIM4_IRQHandler
    startup_stm32f10x_md.o(RESET) refers to uart.o(.text) for USART2_IRQHandler
    startup_stm32f10x_md.o(.text) refers to system_stm32f10x.o(.text) for SystemInit
    startup_stm32f10x_md.o(.text) refers to entry.o(.ARM.Collect$$$$00000000) for __main
    main.o(.text) refers to misc.o(.text) for NVIC_PriorityGroupConfig
    main.o(.text) refers to lcd.o(.text) for STM3210B_LCD_Init
    main.o(.text) refers to led.o(.text) for led_init
    main.o(.text) refers to key.o(.text) for key_init
    main.o(.text) refers to uart.o(.text) for uart_init
    main.o(.text) refers to i2c.o(.text) for i2c_init
    main.o(.text) refers to rtc.o(.text) for rtc_init
    main.o(.text) refers to tim.o(.text) for tim4_Init
    main.o(.text) refers to adc.o(.text) for adc_init
    main.o(.text) refers to pwm.o(.text) for pwm_Init
    main.o(.text) refers to printf1.o(i.__0printf$1) for __2printf
    main.o(.text) refers to main.o(.data) for TimingDelay
    main.o(.text) refers to system_stm32f10x.o(.data) for SystemCoreClock
    stm32f10x_it.o(.text) refers to main.o(.data) for TimingDelay
    system_stm32f10x.o(.text) refers to system_stm32f10x.o(.data) for SystemCoreClock
    stm32f10x_adc.o(.text) refers to stm32f10x_rcc.o(.text) for RCC_APB2PeriphResetCmd
    stm32f10x_bkp.o(.text) refers to stm32f10x_rcc.o(.text) for RCC_BackupResetCmd
    stm32f10x_can.o(.text) refers to stm32f10x_rcc.o(.text) for RCC_APB1PeriphResetCmd
    stm32f10x_cec.o(.text) refers to stm32f10x_rcc.o(.text) for RCC_APB1PeriphResetCmd
    stm32f10x_dac.o(.text) refers to stm32f10x_rcc.o(.text) for RCC_APB1PeriphResetCmd
    stm32f10x_gpio.o(.text) refers to stm32f10x_rcc.o(.text) for RCC_APB2PeriphResetCmd
    stm32f10x_i2c.o(.text) refers to stm32f10x_rcc.o(.text) for RCC_APB1PeriphResetCmd
    stm32f10x_pwr.o(.text) refers to stm32f10x_rcc.o(.text) for RCC_APB1PeriphResetCmd
    stm32f10x_rcc.o(.text) refers to stm32f10x_rcc.o(.data) for .data
    stm32f10x_spi.o(.text) refers to stm32f10x_rcc.o(.text) for RCC_APB2PeriphResetCmd
    stm32f10x_tim.o(.text) refers to stm32f10x_rcc.o(.text) for RCC_APB2PeriphResetCmd
    stm32f10x_usart.o(.text) refers to stm32f10x_rcc.o(.text) for RCC_APB2PeriphResetCmd
    stm32f10x_wwdg.o(.text) refers to stm32f10x_rcc.o(.text) for RCC_APB1PeriphResetCmd
    adc.o(.text) refers to stm32f10x_rcc.o(.text) for RCC_APB2PeriphClockCmd
    adc.o(.text) refers to stm32f10x_gpio.o(.text) for GPIO_Init
    adc.o(.text) refers to stm32f10x_adc.o(.text) for ADC_Init
    i2c.o(.text) refers to stm32f10x_gpio.o(.text) for GPIO_Init
    i2c.o(.text) refers to stm32f10x_rcc.o(.text) for RCC_APB2PeriphClockCmd
    i2c.o(.text) refers to main.o(.text) for Delay_Ms
    key.o(.text) refers to stm32f10x_rcc.o(.text) for RCC_APB2PeriphClockCmd
    key.o(.text) refers to stm32f10x_gpio.o(.text) for GPIO_Init
    key.o(.text) refers to stm32f10x_exti.o(.text) for EXTI_Init
    key.o(.text) refers to misc.o(.text) for NVIC_Init
    key.o(.text) refers to main.o(.text) for Delay_Ms
    key.o(.text) refers to lcd.o(.text) for LCD_Clear
    key.o(.text) refers to key.o(.data) for key_flag
    lcd.o(.text) refers to stm32f10x_gpio.o(.text) for GPIO_Init
    lcd.o(.text) refers to stm32f10x_rcc.o(.text) for RCC_APB2PeriphClockCmd
    lcd.o(.text) refers to lcd.o(.data) for dummy
    lcd.o(.text) refers to lcd.o(.constdata) for ASCII_Table
    led.o(.text) refers to stm32f10x_rcc.o(.text) for RCC_APB2PeriphClockCmd
    led.o(.text) refers to stm32f10x_gpio.o(.text) for GPIO_Init
    pwm.o(.text) refers to stm32f10x_rcc.o(.text) for RCC_APB1PeriphClockCmd
    pwm.o(.text) refers to stm32f10x_gpio.o(.text) for GPIO_Init
    pwm.o(.text) refers to misc.o(.text) for NVIC_Init
    pwm.o(.text) refers to stm32f10x_tim.o(.text) for TIM_TimeBaseInit
    pwm.o(.text) refers to ffltui.o(.text) for __aeabi_ui2f
    pwm.o(.text) refers to fmul.o(.text) for __aeabi_fmul
    pwm.o(.text) refers to fadd.o(.text) for __aeabi_fadd
    pwm.o(.text) refers to ffixui.o(.text) for __aeabi_f2uiz
    pwm.o(.text) refers to pwm.o(.data) for CCR1_Val
    pwm.o(.text) refers to printf1.o(i.__0printf$1) for __2printf
    rtc.o(.text) refers to stm32f10x_rcc.o(.text) for RCC_APB1PeriphClockCmd
    rtc.o(.text) refers to stm32f10x_pwr.o(.text) for PWR_BackupAccessCmd
    rtc.o(.text) refers to stm32f10x_bkp.o(.text) for BKP_DeInit
    rtc.o(.text) refers to stm32f10x_rtc.o(.text) for RTC_WaitForSynchro
    rtc.o(.text) refers to misc.o(.text) for NVIC_Init
    rtc.o(.text) refers to printf1.o(i.__0sprintf$1) for __2sprintf
    rtc.o(.text) refers to lcd.o(.text) for LCD_DisplayStringLine
    tim.o(.text) refers to stm32f10x_rcc.o(.text) for RCC_APB1PeriphClockCmd
    tim.o(.text) refers to stm32f10x_tim.o(.text) for TIM_TimeBaseInit
    tim.o(.text) refers to misc.o(.text) for NVIC_Init
    uart.o(.text) refers to stm32f10x_rcc.o(.text) for RCC_APB2PeriphClockCmd
    uart.o(.text) refers to stm32f10x_gpio.o(.text) for GPIO_Init
    uart.o(.text) refers to stm32f10x_usart.o(.text) for USART_Init
    uart.o(.text) refers to misc.o(.text) for NVIC_Init
    uart.o(.text) refers to uart.o(.data) for RxCounter1
    uart.o(.text) refers to uart.o(.bss) for RxBuffer1
    buzz.o(.text) refers to stm32f10x_rcc.o(.text) for RCC_APB2PeriphClockCmd
    buzz.o(.text) refers to stm32f10x_gpio.o(.text) for GPIO_Init
    entry.o(.ARM.Collect$$$$00000000) refers (Special) to entry7.o(.ARM.Collect$$$$00000007) for _main_init
    entry.o(.ARM.Collect$$$$00000000) refers (Special) to entry5.o(.ARM.Collect$$$$00000004) for _main_scatterload
    entry.o(.ARM.Collect$$$$00000000) refers (Special) to entry2.o(.ARM.Collect$$$$00000001) for _main_stk
    printfb.o(i.__0fprintf$bare) refers to printfb.o(i._printf_core) for _printf_core
    printfb.o(i.__0fprintf$bare) refers to uart.o(.text) for fputc
    printfb.o(i.__0printf$bare) refers to printfb.o(i._printf_core) for _printf_core
    printfb.o(i.__0printf$bare) refers to uart.o(.text) for fputc
    printfb.o(i.__0printf$bare) refers to stdout.o(.data) for __stdout
    printfb.o(i.__0snprintf$bare) refers to printfb.o(i._printf_core) for _printf_core
    printfb.o(i.__0snprintf$bare) refers to printfb.o(i._snputc) for _snputc
    printfb.o(i.__0sprintf$bare) refers to printfb.o(i._printf_core) for _printf_core
    printfb.o(i.__0sprintf$bare) refers to printfb.o(i._sputc) for _sputc
    printfb.o(i.__0vfprintf$bare) refers to printfb.o(i._printf_core) for _printf_core
    printfb.o(i.__0vfprintf$bare) refers to uart.o(.text) for fputc
    printfb.o(i.__0vprintf$bare) refers to printfb.o(i._printf_core) for _printf_core
    printfb.o(i.__0vprintf$bare) refers to uart.o(.text) for fputc
    printfb.o(i.__0vprintf$bare) refers to stdout.o(.data) for __stdout
    printfb.o(i.__0vsnprintf$bare) refers to printfb.o(i._printf_core) for _printf_core
    printfb.o(i.__0vsnprintf$bare) refers to printfb.o(i._snputc) for _snputc
    printfb.o(i.__0vsprintf$bare) refers to printfb.o(i._printf_core) for _printf_core
    printfb.o(i.__0vsprintf$bare) refers to printfb.o(i._sputc) for _sputc
    printf0.o(i.__0fprintf$0) refers to printf0.o(i._printf_core) for _printf_core
    printf0.o(i.__0fprintf$0) refers to uart.o(.text) for fputc
    printf0.o(i.__0printf$0) refers to printf0.o(i._printf_core) for _printf_core
    printf0.o(i.__0printf$0) refers to uart.o(.text) for fputc
    printf0.o(i.__0printf$0) refers to stdout.o(.data) for __stdout
    printf0.o(i.__0snprintf$0) refers to printf0.o(i._printf_core) for _printf_core
    printf0.o(i.__0snprintf$0) refers to printf0.o(i._snputc) for _snputc
    printf0.o(i.__0sprintf$0) refers to printf0.o(i._printf_core) for _printf_core
    printf0.o(i.__0sprintf$0) refers to printf0.o(i._sputc) for _sputc
    printf0.o(i.__0vfprintf$0) refers to printf0.o(i._printf_core) for _printf_core
    printf0.o(i.__0vfprintf$0) refers to uart.o(.text) for fputc
    printf0.o(i.__0vprintf$0) refers to printf0.o(i._printf_core) for _printf_core
    printf0.o(i.__0vprintf$0) refers to uart.o(.text) for fputc
    printf0.o(i.__0vprintf$0) refers to stdout.o(.data) for __stdout
    printf0.o(i.__0vsnprintf$0) refers to printf0.o(i._printf_core) for _printf_core
    printf0.o(i.__0vsnprintf$0) refers to printf0.o(i._snputc) for _snputc
    printf0.o(i.__0vsprintf$0) refers to printf0.o(i._printf_core) for _printf_core
    printf0.o(i.__0vsprintf$0) refers to printf0.o(i._sputc) for _sputc
    printf1.o(i.__0fprintf$1) refers to printf1.o(i._printf_core) for _printf_core
    printf1.o(i.__0fprintf$1) refers to uart.o(.text) for fputc
    printf1.o(i.__0printf$1) refers to printf1.o(i._printf_core) for _printf_core
    printf1.o(i.__0printf$1) refers to uart.o(.text) for fputc
    printf1.o(i.__0printf$1) refers to stdout.o(.data) for __stdout
    printf1.o(i.__0snprintf$1) refers to printf1.o(i._printf_core) for _printf_core
    printf1.o(i.__0snprintf$1) refers to printf1.o(i._snputc) for _snputc
    printf1.o(i.__0sprintf$1) refers to printf1.o(i._printf_core) for _printf_core
    printf1.o(i.__0sprintf$1) refers to printf1.o(i._sputc) for _sputc
    printf1.o(i.__0vfprintf$1) refers to printf1.o(i._printf_core) for _printf_core
    printf1.o(i.__0vfprintf$1) refers to uart.o(.text) for fputc
    printf1.o(i.__0vprintf$1) refers to printf1.o(i._printf_core) for _printf_core
    printf1.o(i.__0vprintf$1) refers to uart.o(.text) for fputc
    printf1.o(i.__0vprintf$1) refers to stdout.o(.data) for __stdout
    printf1.o(i.__0vsnprintf$1) refers to printf1.o(i._printf_core) for _printf_core
    printf1.o(i.__0vsnprintf$1) refers to printf1.o(i._snputc) for _snputc
    printf1.o(i.__0vsprintf$1) refers to printf1.o(i._printf_core) for _printf_core
    printf1.o(i.__0vsprintf$1) refers to printf1.o(i._sputc) for _sputc
    printf1.o(i._printf_core) refers to uidiv.o(.text) for __aeabi_uidivmod
    printf2.o(i.__0fprintf$2) refers to printf2.o(i._printf_core) for _printf_core
    printf2.o(i.__0fprintf$2) refers to uart.o(.text) for fputc
    printf2.o(i.__0printf$2) refers to printf2.o(i._printf_core) for _printf_core
    printf2.o(i.__0printf$2) refers to uart.o(.text) for fputc
    printf2.o(i.__0printf$2) refers to stdout.o(.data) for __stdout
    printf2.o(i.__0snprintf$2) refers to printf2.o(i._printf_core) for _printf_core
    printf2.o(i.__0snprintf$2) refers to printf2.o(i._snputc) for _snputc
    printf2.o(i.__0sprintf$2) refers to printf2.o(i._printf_core) for _printf_core
    printf2.o(i.__0sprintf$2) refers to printf2.o(i._sputc) for _sputc
    printf2.o(i.__0vfprintf$2) refers to printf2.o(i._printf_core) for _printf_core
    printf2.o(i.__0vfprintf$2) refers to uart.o(.text) for fputc
    printf2.o(i.__0vprintf$2) refers to printf2.o(i._printf_core) for _printf_core
    printf2.o(i.__0vprintf$2) refers to uart.o(.text) for fputc
    printf2.o(i.__0vprintf$2) refers to stdout.o(.data) for __stdout
    printf2.o(i.__0vsnprintf$2) refers to printf2.o(i._printf_core) for _printf_core
    printf2.o(i.__0vsnprintf$2) refers to printf2.o(i._snputc) for _snputc
    printf2.o(i.__0vsprintf$2) refers to printf2.o(i._printf_core) for _printf_core
    printf2.o(i.__0vsprintf$2) refers to printf2.o(i._sputc) for _sputc
    printf3.o(i.__0fprintf$3) refers to printf3.o(i._printf_core) for _printf_core
    printf3.o(i.__0fprintf$3) refers to uart.o(.text) for fputc
    printf3.o(i.__0printf$3) refers to printf3.o(i._printf_core) for _printf_core
    printf3.o(i.__0printf$3) refers to uart.o(.text) for fputc
    printf3.o(i.__0printf$3) refers to stdout.o(.data) for __stdout
    printf3.o(i.__0snprintf$3) refers to printf3.o(i._printf_core) for _printf_core
    printf3.o(i.__0snprintf$3) refers to printf3.o(i._snputc) for _snputc
    printf3.o(i.__0sprintf$3) refers to printf3.o(i._printf_core) for _printf_core
    printf3.o(i.__0sprintf$3) refers to printf3.o(i._sputc) for _sputc
    printf3.o(i.__0vfprintf$3) refers to printf3.o(i._printf_core) for _printf_core
    printf3.o(i.__0vfprintf$3) refers to uart.o(.text) for fputc
    printf3.o(i.__0vprintf$3) refers to printf3.o(i._printf_core) for _printf_core
    printf3.o(i.__0vprintf$3) refers to uart.o(.text) for fputc
    printf3.o(i.__0vprintf$3) refers to stdout.o(.data) for __stdout
    printf3.o(i.__0vsnprintf$3) refers to printf3.o(i._printf_core) for _printf_core
    printf3.o(i.__0vsnprintf$3) refers to printf3.o(i._snputc) for _snputc
    printf3.o(i.__0vsprintf$3) refers to printf3.o(i._printf_core) for _printf_core
    printf3.o(i.__0vsprintf$3) refers to printf3.o(i._sputc) for _sputc
    printf3.o(i._printf_core) refers to uidiv.o(.text) for __aeabi_uidivmod
    printf4.o(i.__0fprintf$4) refers to printf4.o(i._printf_core) for _printf_core
    printf4.o(i.__0fprintf$4) refers to uart.o(.text) for fputc
    printf4.o(i.__0printf$4) refers to printf4.o(i._printf_core) for _printf_core
    printf4.o(i.__0printf$4) refers to uart.o(.text) for fputc
    printf4.o(i.__0printf$4) refers to stdout.o(.data) for __stdout
    printf4.o(i.__0snprintf$4) refers to printf4.o(i._printf_core) for _printf_core
    printf4.o(i.__0snprintf$4) refers to printf4.o(i._snputc) for _snputc
    printf4.o(i.__0sprintf$4) refers to printf4.o(i._printf_core) for _printf_core
    printf4.o(i.__0sprintf$4) refers to printf4.o(i._sputc) for _sputc
    printf4.o(i.__0vfprintf$4) refers to printf4.o(i._printf_core) for _printf_core
    printf4.o(i.__0vfprintf$4) refers to uart.o(.text) for fputc
    printf4.o(i.__0vprintf$4) refers to printf4.o(i._printf_core) for _printf_core
    printf4.o(i.__0vprintf$4) refers to uart.o(.text) for fputc
    printf4.o(i.__0vprintf$4) refers to stdout.o(.data) for __stdout
    printf4.o(i.__0vsnprintf$4) refers to printf4.o(i._printf_core) for _printf_core
    printf4.o(i.__0vsnprintf$4) refers to printf4.o(i._snputc) for _snputc
    printf4.o(i.__0vsprintf$4) refers to printf4.o(i._printf_core) for _printf_core
    printf4.o(i.__0vsprintf$4) refers to printf4.o(i._sputc) for _sputc
    printf4.o(i._printf_core) refers to uldiv.o(.text) for __aeabi_uldivmod
    printf5.o(i.__0fprintf$5) refers to printf5.o(i._printf_core) for _printf_core
    printf5.o(i.__0fprintf$5) refers to uart.o(.text) for fputc
    printf5.o(i.__0printf$5) refers to printf5.o(i._printf_core) for _printf_core
    printf5.o(i.__0printf$5) refers to uart.o(.text) for fputc
    printf5.o(i.__0printf$5) refers to stdout.o(.data) for __stdout
    printf5.o(i.__0snprintf$5) refers to printf5.o(i._printf_core) for _printf_core
    printf5.o(i.__0snprintf$5) refers to printf5.o(i._snputc) for _snputc
    printf5.o(i.__0sprintf$5) refers to printf5.o(i._printf_core) for _printf_core
    printf5.o(i.__0sprintf$5) refers to printf5.o(i._sputc) for _sputc
    printf5.o(i.__0vfprintf$5) refers to printf5.o(i._printf_core) for _printf_core
    printf5.o(i.__0vfprintf$5) refers to uart.o(.text) for fputc
    printf5.o(i.__0vprintf$5) refers to printf5.o(i._printf_core) for _printf_core
    printf5.o(i.__0vprintf$5) refers to uart.o(.text) for fputc
    printf5.o(i.__0vprintf$5) refers to stdout.o(.data) for __stdout
    printf5.o(i.__0vsnprintf$5) refers to printf5.o(i._printf_core) for _printf_core
    printf5.o(i.__0vsnprintf$5) refers to printf5.o(i._snputc) for _snputc
    printf5.o(i.__0vsprintf$5) refers to printf5.o(i._printf_core) for _printf_core
    printf5.o(i.__0vsprintf$5) refers to printf5.o(i._sputc) for _sputc
    printf5.o(i._printf_core) refers to uldiv.o(.text) for __aeabi_uldivmod
    printf6.o(i.__0fprintf$6) refers to printf6.o(i._printf_core) for _printf_core
    printf6.o(i.__0fprintf$6) refers to uart.o(.text) for fputc
    printf6.o(i.__0printf$6) refers to printf6.o(i._printf_core) for _printf_core
    printf6.o(i.__0printf$6) refers to uart.o(.text) for fputc
    printf6.o(i.__0printf$6) refers to stdout.o(.data) for __stdout
    printf6.o(i.__0snprintf$6) refers to printf6.o(i._printf_core) for _printf_core
    printf6.o(i.__0snprintf$6) refers to printf6.o(i._snputc) for _snputc
    printf6.o(i.__0sprintf$6) refers to printf6.o(i._printf_core) for _printf_core
    printf6.o(i.__0sprintf$6) refers to printf6.o(i._sputc) for _sputc
    printf6.o(i.__0vfprintf$6) refers to printf6.o(i._printf_core) for _printf_core
    printf6.o(i.__0vfprintf$6) refers to uart.o(.text) for fputc
    printf6.o(i.__0vprintf$6) refers to printf6.o(i._printf_core) for _printf_core
    printf6.o(i.__0vprintf$6) refers to uart.o(.text) for fputc
    printf6.o(i.__0vprintf$6) refers to stdout.o(.data) for __stdout
    printf6.o(i.__0vsnprintf$6) refers to printf6.o(i._printf_core) for _printf_core
    printf6.o(i.__0vsnprintf$6) refers to printf6.o(i._snputc) for _snputc
    printf6.o(i.__0vsprintf$6) refers to printf6.o(i._printf_core) for _printf_core
    printf6.o(i.__0vsprintf$6) refers to printf6.o(i._sputc) for _sputc
    printf6.o(i._printf_core) refers to printf6.o(i._printf_pre_padding) for _printf_pre_padding
    printf6.o(i._printf_core) refers to uidiv.o(.text) for __aeabi_uidivmod
    printf6.o(i._printf_core) refers to printf6.o(i._printf_post_padding) for _printf_post_padding
    printf7.o(i.__0fprintf$7) refers to printf7.o(i._printf_core) for _printf_core
    printf7.o(i.__0fprintf$7) refers to uart.o(.text) for fputc
    printf7.o(i.__0printf$7) refers to printf7.o(i._printf_core) for _printf_core
    printf7.o(i.__0printf$7) refers to uart.o(.text) for fputc
    printf7.o(i.__0printf$7) refers to stdout.o(.data) for __stdout
    printf7.o(i.__0snprintf$7) refers to printf7.o(i._printf_core) for _printf_core
    printf7.o(i.__0snprintf$7) refers to printf7.o(i._snputc) for _snputc
    printf7.o(i.__0sprintf$7) refers to printf7.o(i._printf_core) for _printf_core
    printf7.o(i.__0sprintf$7) refers to printf7.o(i._sputc) for _sputc
    printf7.o(i.__0vfprintf$7) refers to printf7.o(i._printf_core) for _printf_core
    printf7.o(i.__0vfprintf$7) refers to uart.o(.text) for fputc
    printf7.o(i.__0vprintf$7) refers to printf7.o(i._printf_core) for _printf_core
    printf7.o(i.__0vprintf$7) refers to uart.o(.text) for fputc
    printf7.o(i.__0vprintf$7) refers to stdout.o(.data) for __stdout
    printf7.o(i.__0vsnprintf$7) refers to printf7.o(i._printf_core) for _printf_core
    printf7.o(i.__0vsnprintf$7) refers to printf7.o(i._snputc) for _snputc
    printf7.o(i.__0vsprintf$7) refers to printf7.o(i._printf_core) for _printf_core
    printf7.o(i.__0vsprintf$7) refers to printf7.o(i._sputc) for _sputc
    printf7.o(i._printf_core) refers to printf7.o(i._printf_pre_padding) for _printf_pre_padding
    printf7.o(i._printf_core) refers to uldiv.o(.text) for __aeabi_uldivmod
    printf7.o(i._printf_core) refers to printf7.o(i._printf_post_padding) for _printf_post_padding
    printf8.o(i.__0fprintf$8) refers to printf8.o(i._printf_core) for _printf_core
    printf8.o(i.__0fprintf$8) refers to uart.o(.text) for fputc
    printf8.o(i.__0printf$8) refers to printf8.o(i._printf_core) for _printf_core
    printf8.o(i.__0printf$8) refers to uart.o(.text) for fputc
    printf8.o(i.__0printf$8) refers to stdout.o(.data) for __stdout
    printf8.o(i.__0snprintf$8) refers to printf8.o(i._printf_core) for _printf_core
    printf8.o(i.__0snprintf$8) refers to printf8.o(i._snputc) for _snputc
    printf8.o(i.__0sprintf$8) refers to printf8.o(i._printf_core) for _printf_core
    printf8.o(i.__0sprintf$8) refers to printf8.o(i._sputc) for _sputc
    printf8.o(i.__0vfprintf$8) refers to printf8.o(i._printf_core) for _printf_core
    printf8.o(i.__0vfprintf$8) refers to uart.o(.text) for fputc
    printf8.o(i.__0vprintf$8) refers to printf8.o(i._printf_core) for _printf_core
    printf8.o(i.__0vprintf$8) refers to uart.o(.text) for fputc
    printf8.o(i.__0vprintf$8) refers to stdout.o(.data) for __stdout
    printf8.o(i.__0vsnprintf$8) refers to printf8.o(i._printf_core) for _printf_core
    printf8.o(i.__0vsnprintf$8) refers to printf8.o(i._snputc) for _snputc
    printf8.o(i.__0vsprintf$8) refers to printf8.o(i._printf_core) for _printf_core
    printf8.o(i.__0vsprintf$8) refers to printf8.o(i._sputc) for _sputc
    printf8.o(i._printf_core) refers to printf8.o(i._printf_pre_padding) for _printf_pre_padding
    printf8.o(i._printf_core) refers to uldiv.o(.text) for __aeabi_uldivmod
    printf8.o(i._printf_core) refers to printf8.o(i._printf_post_padding) for _printf_post_padding
    printfa.o(i.__0fprintf) refers (Special) to iusefp.o(.text) for __I$use$fp
    printfa.o(i.__0fprintf) refers to printfa.o(i._printf_core) for _printf_core
    printfa.o(i.__0fprintf) refers to uart.o(.text) for fputc
    printfa.o(i.__0printf) refers (Special) to iusefp.o(.text) for __I$use$fp
    printfa.o(i.__0printf) refers to printfa.o(i._printf_core) for _printf_core
    printfa.o(i.__0printf) refers to uart.o(.text) for fputc
    printfa.o(i.__0printf) refers to stdout.o(.data) for __stdout
    printfa.o(i.__0snprintf) refers (Special) to iusefp.o(.text) for __I$use$fp
    printfa.o(i.__0snprintf) refers to printfa.o(i._printf_core) for _printf_core
    printfa.o(i.__0snprintf) refers to printfa.o(i._snputc) for _snputc
    printfa.o(i.__0sprintf) refers (Special) to iusefp.o(.text) for __I$use$fp
    printfa.o(i.__0sprintf) refers to printfa.o(i._printf_core) for _printf_core
    printfa.o(i.__0sprintf) refers to printfa.o(i._sputc) for _sputc
    printfa.o(i.__0vfprintf) refers (Special) to iusefp.o(.text) for __I$use$fp
    printfa.o(i.__0vfprintf) refers to printfa.o(i._printf_core) for _printf_core
    printfa.o(i.__0vfprintf) refers to uart.o(.text) for fputc
    printfa.o(i.__0vprintf) refers (Special) to iusefp.o(.text) for __I$use$fp
    printfa.o(i.__0vprintf) refers to printfa.o(i._printf_core) for _printf_core
    printfa.o(i.__0vprintf) refers to uart.o(.text) for fputc
    printfa.o(i.__0vprintf) refers to stdout.o(.data) for __stdout
    printfa.o(i.__0vsnprintf) refers (Special) to iusefp.o(.text) for __I$use$fp
    printfa.o(i.__0vsnprintf) refers to printfa.o(i._printf_core) for _printf_core
    printfa.o(i.__0vsnprintf) refers to printfa.o(i._snputc) for _snputc
    printfa.o(i.__0vsprintf) refers (Special) to iusefp.o(.text) for __I$use$fp
    printfa.o(i.__0vsprintf) refers to printfa.o(i._printf_core) for _printf_core
    printfa.o(i.__0vsprintf) refers to printfa.o(i._sputc) for _sputc
    printfa.o(i._fp_digits) refers (Special) to iusefp.o(.text) for __I$use$fp
    printfa.o(i._fp_digits) refers to dmul.o(.text) for __aeabi_dmul
    printfa.o(i._fp_digits) refers to ddiv.o(.text) for __aeabi_ddiv
    printfa.o(i._fp_digits) refers to cdrcmple.o(.text) for __aeabi_cdrcmple
    printfa.o(i._fp_digits) refers to dadd.o(.text) for __aeabi_dadd
    printfa.o(i._fp_digits) refers to dfixul.o(.text) for __aeabi_d2ulz
    printfa.o(i._fp_digits) refers to uldiv.o(.text) for __aeabi_uldivmod
    printfa.o(i._printf_core) refers (Special) to iusefp.o(.text) for __I$use$fp
    printfa.o(i._printf_core) refers to printfa.o(i._printf_pre_padding) for _printf_pre_padding
    printfa.o(i._printf_core) refers to uldiv.o(.text) for __aeabi_uldivmod
    printfa.o(i._printf_core) refers to printfa.o(i._printf_post_padding) for _printf_post_padding
    printfa.o(i._printf_core) refers to printfa.o(i._fp_digits) for _fp_digits
    printfa.o(i._printf_core) refers to uidiv.o(.text) for __aeabi_uidivmod
    printfa.o(i._printf_post_padding) refers (Special) to iusefp.o(.text) for __I$use$fp
    printfa.o(i._printf_pre_padding) refers (Special) to iusefp.o(.text) for __I$use$fp
    printfa.o(i._snputc) refers (Special) to iusefp.o(.text) for __I$use$fp
    printfa.o(i._sputc) refers (Special) to iusefp.o(.text) for __I$use$fp
    fadd.o(.text) refers (Special) to iusefp.o(.text) for __I$use$fp
    fadd.o(.text) refers to fepilogue.o(.text) for _float_epilogue
    fmul.o(.text) refers (Special) to iusefp.o(.text) for __I$use$fp
    ffltui.o(.text) refers (Special) to iusefp.o(.text) for __I$use$fp
    ffltui.o(.text) refers to fepilogue.o(.text) for _float_epilogue
    ffixui.o(.text) refers (Special) to iusefp.o(.text) for __I$use$fp
    entry2.o(.ARM.Collect$$$$00000001) refers to entry2.o(.ARM.Collect$$$$00002712) for __lit__00000000
    entry2.o(.ARM.Collect$$$$00002712) refers to startup_stm32f10x_md.o(STACK) for __initial_sp
    entry2.o(__vectab_stack_and_reset_area) refers to startup_stm32f10x_md.o(STACK) for __initial_sp
    entry2.o(__vectab_stack_and_reset_area) refers to entry.o(.ARM.Collect$$$$00000000) for __main
    entry5.o(.ARM.Collect$$$$00000004) refers to init.o(.text) for __scatterload
    entry7.o(.ARM.Collect$$$$00000007) refers to main.o(.text) for main
    uldiv.o(.text) refers to llushr.o(.text) for __aeabi_llsr
    uldiv.o(.text) refers to llshl.o(.text) for __aeabi_llsl
    dadd.o(.text) refers to llshl.o(.text) for __aeabi_llsl
    dadd.o(.text) refers to llsshr.o(.text) for __aeabi_lasr
    dadd.o(.text) refers to depilogue.o(.text) for _double_epilogue
    dmul.o(.text) refers to depilogue.o(.text) for _double_epilogue
    ddiv.o(.text) refers to depilogue.o(.text) for _double_round
    dfixul.o(.text) refers to llushr.o(.text) for __aeabi_llsr
    dfixul.o(.text) refers to llshl.o(.text) for __aeabi_llsl
    init.o(.text) refers to entry5.o(.ARM.Collect$$$$00000004) for __main_after_scatterload
    depilogue.o(.text) refers to llshl.o(.text) for __aeabi_llsl
    depilogue.o(.text) refers to llushr.o(.text) for __aeabi_llsr


==============================================================================

Removing Unused input sections from the image.

    Removing core_cm3.o(.emb_text), (32 bytes).
    Removing startup_stm32f10x_md.o(HEAP), (512 bytes).
    Removing stm32f10x_can.o(.text), (2580 bytes).
    Removing stm32f10x_cec.o(.text), (312 bytes).
    Removing stm32f10x_crc.o(.text), (72 bytes).
    Removing stm32f10x_dac.o(.text), (424 bytes).
    Removing stm32f10x_dbgmcu.o(.text), (48 bytes).
    Removing stm32f10x_dma.o(.text), (584 bytes).
    Removing stm32f10x_flash.o(.text), (1496 bytes).
    Removing stm32f10x_fsmc.o(.text), (1560 bytes).
    Removing stm32f10x_i2c.o(.text), (1016 bytes).
    Removing stm32f10x_iwdg.o(.text), (64 bytes).
    Removing stm32f10x_sdio.o(.text), (472 bytes).
    Removing stm32f10x_spi.o(.text), (780 bytes).
    Removing stm32f10x_wwdg.o(.text), (136 bytes).
    Removing led.o(.data), (1 bytes).
    Removing buzz.o(.text), (52 bytes).
    Removing dadd.o(.text), (350 bytes).
    Removing dmul.o(.text), (240 bytes).
    Removing ddiv.o(.text), (280 bytes).
    Removing dfixul.o(.text), (50 bytes).
    Removing cdrcmple.o(.text), (76 bytes).
    Removing depilogue.o(.text), (234 bytes).

23 unused section(s) (total 11371 bytes) removed from the image.

==============================================================================

Image Symbol Table

    Local Symbols

    Symbol Name                              Value     Ov Type        Size  Object(Section)

    ../../microlib/division.c                0x00000000   Number         0  uidiv.o ABSOLUTE
    ../../microlib/division.c                0x00000000   Number         0  uldiv.o ABSOLUTE
    ../../microlib/fpadd.c                   0x00000000   Number         0  fadd.o ABSOLUTE
    ../../microlib/fpadd.c                   0x00000000   Number         0  dadd.o ABSOLUTE
    ../../microlib/fpdiv.c                   0x00000000   Number         0  ddiv.o ABSOLUTE
    ../../microlib/fpepilogue.c              0x00000000   Number         0  depilogue.o ABSOLUTE
    ../../microlib/fpepilogue.c              0x00000000   Number         0  fepilogue.o ABSOLUTE
    ../../microlib/fpfix.c                   0x00000000   Number         0  dfixul.o ABSOLUTE
    ../../microlib/fpfix.c                   0x00000000   Number         0  ffixui.o ABSOLUTE
    ../../microlib/fpflt.c                   0x00000000   Number         0  ffltui.o ABSOLUTE
    ../../microlib/fpmul.c                   0x00000000   Number         0  dmul.o ABSOLUTE
    ../../microlib/fpmul.c                   0x00000000   Number         0  fmul.o ABSOLUTE
    ../../microlib/init/entry.s              0x00000000   Number         0  entry.o ABSOLUTE
    ../../microlib/init/entry.s              0x00000000   Number         0  entry7.o ABSOLUTE
    ../../microlib/init/entry.s              0x00000000   Number         0  entry2.o ABSOLUTE
    ../../microlib/init/entry.s              0x00000000   Number         0  entry5.o ABSOLUTE
    ../../microlib/longlong.c                0x00000000   Number         0  llushr.o ABSOLUTE
    ../../microlib/longlong.c                0x00000000   Number         0  llshl.o ABSOLUTE
    ../../microlib/longlong.c                0x00000000   Number         0  llsshr.o ABSOLUTE
    ../../microlib/printf/printf.c           0x00000000   Number         0  printf2.o ABSOLUTE
    ../../microlib/printf/printf.c           0x00000000   Number         0  printfa.o ABSOLUTE
    ../../microlib/printf/printf.c           0x00000000   Number         0  printf3.o ABSOLUTE
    ../../microlib/printf/printf.c           0x00000000   Number         0  printf0.o ABSOLUTE
    ../../microlib/printf/printf.c           0x00000000   Number         0  printf4.o ABSOLUTE
    ../../microlib/printf/printf.c           0x00000000   Number         0  printf5.o ABSOLUTE
    ../../microlib/printf/printf.c           0x00000000   Number         0  printf7.o ABSOLUTE
    ../../microlib/printf/printf.c           0x00000000   Number         0  printf6.o ABSOLUTE
    ../../microlib/printf/printf.c           0x00000000   Number         0  printf8.o ABSOLUTE
    ../../microlib/printf/printf.c           0x00000000   Number         0  printfb.o ABSOLUTE
    ../../microlib/printf/printf.c           0x00000000   Number         0  printf1.o ABSOLUTE
    ../../microlib/printf/stubs.s            0x00000000   Number         0  stubs.o ABSOLUTE
    ../../microlib/stdio/streams.c           0x00000000   Number         0  stdout.o ABSOLUTE
    ../../microlib/stubs.s                   0x00000000   Number         0  iusefp.o ABSOLUTE
    ..\CORE\core_cm3.c                       0x00000000   Number         0  core_cm3.o ABSOLUTE
    ..\CORE\startup_stm32f10x_md.s           0x00000000   Number         0  startup_stm32f10x_md.o ABSOLUTE
    ..\FWLIB\src\misc.c                      0x00000000   Number         0  misc.o ABSOLUTE
    ..\FWLIB\src\stm32f10x_adc.c             0x00000000   Number         0  stm32f10x_adc.o ABSOLUTE
    ..\FWLIB\src\stm32f10x_bkp.c             0x00000000   Number         0  stm32f10x_bkp.o ABSOLUTE
    ..\FWLIB\src\stm32f10x_can.c             0x00000000   Number         0  stm32f10x_can.o ABSOLUTE
    ..\FWLIB\src\stm32f10x_cec.c             0x00000000   Number         0  stm32f10x_cec.o ABSOLUTE
    ..\FWLIB\src\stm32f10x_crc.c             0x00000000   Number         0  stm32f10x_crc.o ABSOLUTE
    ..\FWLIB\src\stm32f10x_dac.c             0x00000000   Number         0  stm32f10x_dac.o ABSOLUTE
    ..\FWLIB\src\stm32f10x_dbgmcu.c          0x00000000   Number         0  stm32f10x_dbgmcu.o ABSOLUTE
    ..\FWLIB\src\stm32f10x_dma.c             0x00000000   Number         0  stm32f10x_dma.o ABSOLUTE
    ..\FWLIB\src\stm32f10x_exti.c            0x00000000   Number         0  stm32f10x_exti.o ABSOLUTE
    ..\FWLIB\src\stm32f10x_flash.c           0x00000000   Number         0  stm32f10x_flash.o ABSOLUTE
    ..\FWLIB\src\stm32f10x_fsmc.c            0x00000000   Number         0  stm32f10x_fsmc.o ABSOLUTE
    ..\FWLIB\src\stm32f10x_gpio.c            0x00000000   Number         0  stm32f10x_gpio.o ABSOLUTE
    ..\FWLIB\src\stm32f10x_i2c.c             0x00000000   Number         0  stm32f10x_i2c.o ABSOLUTE
    ..\FWLIB\src\stm32f10x_iwdg.c            0x00000000   Number         0  stm32f10x_iwdg.o ABSOLUTE
    ..\FWLIB\src\stm32f10x_pwr.c             0x00000000   Number         0  stm32f10x_pwr.o ABSOLUTE
    ..\FWLIB\src\stm32f10x_rcc.c             0x00000000   Number         0  stm32f10x_rcc.o ABSOLUTE
    ..\FWLIB\src\stm32f10x_rtc.c             0x00000000   Number         0  stm32f10x_rtc.o ABSOLUTE
    ..\FWLIB\src\stm32f10x_sdio.c            0x00000000   Number         0  stm32f10x_sdio.o ABSOLUTE
    ..\FWLIB\src\stm32f10x_spi.c             0x00000000   Number         0  stm32f10x_spi.o ABSOLUTE
    ..\FWLIB\src\stm32f10x_tim.c             0x00000000   Number         0  stm32f10x_tim.o ABSOLUTE
    ..\FWLIB\src\stm32f10x_usart.c           0x00000000   Number         0  stm32f10x_usart.o ABSOLUTE
    ..\FWLIB\src\stm32f10x_wwdg.c            0x00000000   Number         0  stm32f10x_wwdg.o ABSOLUTE
    ..\HARDWARE\adc.c                        0x00000000   Number         0  adc.o ABSOLUTE
    ..\HARDWARE\buzz.c                       0x00000000   Number         0  buzz.o ABSOLUTE
    ..\HARDWARE\i2c.c                        0x00000000   Number         0  i2c.o ABSOLUTE
    ..\HARDWARE\key.c                        0x00000000   Number         0  key.o ABSOLUTE
    ..\HARDWARE\lcd.c                        0x00000000   Number         0  lcd.o ABSOLUTE
    ..\HARDWARE\led.c                        0x00000000   Number         0  led.o ABSOLUTE
    ..\HARDWARE\pwm.c                        0x00000000   Number         0  pwm.o ABSOLUTE
    ..\HARDWARE\rtc.c                        0x00000000   Number         0  rtc.o ABSOLUTE
    ..\HARDWARE\tim.c                        0x00000000   Number         0  tim.o ABSOLUTE
    ..\HARDWARE\uart.c                       0x00000000   Number         0  uart.o ABSOLUTE
    ..\\CORE\\core_cm3.c                     0x00000000   Number         0  core_cm3.o ABSOLUTE
    cdrcmple.s                               0x00000000   Number         0  cdrcmple.o ABSOLUTE
    dc.s                                     0x00000000   Number         0  dc.o ABSOLUTE
    handlers.s                               0x00000000   Number         0  handlers.o ABSOLUTE
    init.s                                   0x00000000   Number         0  init.o ABSOLUTE
    main.c                                   0x00000000   Number         0  main.o ABSOLUTE
    stm32f10x_it.c                           0x00000000   Number         0  stm32f10x_it.o ABSOLUTE
    system_stm32f10x.c                       0x00000000   Number         0  system_stm32f10x.o ABSOLUTE
    RESET                                    0x08000000   Section      236  startup_stm32f10x_md.o(RESET)
    .ARM.Collect$$$$00000000                 0x080000ec   Section        0  entry.o(.ARM.Collect$$$$00000000)
    .ARM.Collect$$$$00000001                 0x080000ec   Section        4  entry2.o(.ARM.Collect$$$$00000001)
    .ARM.Collect$$$$00000004                 0x080000f0   Section        4  entry5.o(.ARM.Collect$$$$00000004)
    .ARM.Collect$$$$00000007                 0x080000f4   Section        8  entry7.o(.ARM.Collect$$$$00000007)
    .ARM.Collect$$$$00002712                 0x080000fc   Section        4  entry2.o(.ARM.Collect$$$$00002712)
    __lit__00000000                          0x080000fc   Data           4  entry2.o(.ARM.Collect$$$$00002712)
    .text                                    0x08000100   Section       36  startup_stm32f10x_md.o(.text)
    .text                                    0x08000124   Section        0  main.o(.text)
    .text                                    0x080001f4   Section        0  stm32f10x_it.o(.text)
    .text                                    0x0800021c   Section        0  system_stm32f10x.o(.text)
    SetSysClockTo72                          0x0800021d   Thumb Code   192  system_stm32f10x.o(.text)
    SetSysClock                              0x080002dd   Thumb Code     8  system_stm32f10x.o(.text)
    .text                                    0x080003e4   Section        0  misc.o(.text)
    .text                                    0x080004dc   Section        0  stm32f10x_adc.o(.text)
    .text                                    0x08000910   Section        0  stm32f10x_bkp.o(.text)
    .text                                    0x080009d0   Section        0  stm32f10x_exti.o(.text)
    .text                                    0x08000b0c   Section        0  stm32f10x_gpio.o(.text)
    .text                                    0x08000e58   Section        0  stm32f10x_pwr.o(.text)
    .text                                    0x08000f2c   Section        0  stm32f10x_rcc.o(.text)
    .text                                    0x080012c0   Section        0  stm32f10x_rtc.o(.text)
    .text                                    0x08001438   Section        0  stm32f10x_tim.o(.text)
    TI4_Config                               0x080018c1   Thumb Code   114  stm32f10x_tim.o(.text)
    TI3_Config                               0x08001945   Thumb Code   110  stm32f10x_tim.o(.text)
    TI2_Config                               0x080019c9   Thumb Code   114  stm32f10x_tim.o(.text)
    TI1_Config                               0x08001a4d   Thumb Code   102  stm32f10x_tim.o(.text)
    .text                                    0x0800219c   Section        0  stm32f10x_usart.o(.text)
    .text                                    0x080025a4   Section        0  adc.o(.text)
    .text                                    0x08002658   Section        0  i2c.o(.text)
    .text                                    0x080029f0   Section        0  key.o(.text)
    .text                                    0x08002c64   Section        0  lcd.o(.text)
    .text                                    0x08003734   Section        0  led.o(.text)
    .text                                    0x080037ac   Section        0  pwm.o(.text)
    .text                                    0x08003ca4   Section        0  rtc.o(.text)
    .text                                    0x08003db8   Section        0  tim.o(.text)
    .text                                    0x08003e2c   Section        0  uart.o(.text)
    .text                                    0x08003f48   Section        0  fadd.o(.text)
    .text                                    0x08003ff8   Section        0  fmul.o(.text)
    .text                                    0x08004062   Section        0  ffltui.o(.text)
    .text                                    0x0800406c   Section        0  ffixui.o(.text)
    .text                                    0x08004094   Section        0  uidiv.o(.text)
    .text                                    0x080040c0   Section        0  iusefp.o(.text)
    .text                                    0x080040c0   Section        0  fepilogue.o(.text)
    .text                                    0x08004130   Section       36  init.o(.text)
    i.__0printf$1                            0x08004154   Section        0  printf1.o(i.__0printf$1)
    i.__0sprintf$1                           0x08004174   Section        0  printf1.o(i.__0sprintf$1)
    i.__scatterload_copy                     0x0800419c   Section       14  handlers.o(i.__scatterload_copy)
    i.__scatterload_null                     0x080041aa   Section        2  handlers.o(i.__scatterload_null)
    i.__scatterload_zeroinit                 0x080041ac   Section       14  handlers.o(i.__scatterload_zeroinit)
    i._printf_core                           0x080041bc   Section        0  printf1.o(i._printf_core)
    _printf_core                             0x080041bd   Thumb Code   336  printf1.o(i._printf_core)
    i._sputc                                 0x08004310   Section        0  printf1.o(i._sputc)
    _sputc                                   0x08004311   Thumb Code    10  printf1.o(i._sputc)
    .constdata                               0x0800431a   Section     4560  lcd.o(.constdata)
    .data                                    0x20000000   Section        4  main.o(.data)
    .data                                    0x20000004   Section       20  system_stm32f10x.o(.data)
    .data                                    0x20000018   Section       20  stm32f10x_rcc.o(.data)
    APBAHBPrescTable                         0x20000018   Data          16  stm32f10x_rcc.o(.data)
    ADCPrescTable                            0x20000028   Data           4  stm32f10x_rcc.o(.data)
    .data                                    0x2000002c   Section        1  key.o(.data)
    .data                                    0x2000002e   Section        6  lcd.o(.data)
    TextColor                                0x2000002e   Data           2  lcd.o(.data)
    BackColor                                0x20000030   Data           2  lcd.o(.data)
    .data                                    0x20000034   Section       44  pwm.o(.data)
    IC1Value_temp                            0x20000050   Data           2  pwm.o(.data)
    .data                                    0x20000060   Section        2  uart.o(.data)
    .data                                    0x20000064   Section        4  stdout.o(.data)
    .bss                                     0x20000068   Section       30  uart.o(.bss)
    STACK                                    0x20000088   Section     1024  startup_stm32f10x_md.o(STACK)

    Global Symbols

    Symbol Name                              Value     Ov Type        Size  Object(Section)

    BuildAttributes$$THM_ISAv4$P$D$K$B$S$PE$A:L22UL41UL21$X:L11$S22US41US21$IEEE1$IW$USESV6$~STKCKD$USESV7$~SHL$OTIME$ROPI$EBA8$MICROLIB$REQ8$PRES8$EABIv2 0x00000000   Number         0  anon$$obj.o ABSOLUTE
    __ARM_use_no_argv                        0x00000000   Number         0  main.o ABSOLUTE
    _printf_a                                0x00000000   Number         0  stubs.o ABSOLUTE
    _printf_c                                0x00000000   Number         0  stubs.o ABSOLUTE
    _printf_charcount                        0x00000000   Number         0  stubs.o ABSOLUTE
    _printf_d                                0x00000000   Number         0  stubs.o ABSOLUTE
    _printf_e                                0x00000000   Number         0  stubs.o ABSOLUTE
    _printf_f                                0x00000000   Number         0  stubs.o ABSOLUTE
    _printf_flags                            0x00000000   Number         0  stubs.o ABSOLUTE
    _printf_fp_dec                           0x00000000   Number         0  stubs.o ABSOLUTE
    _printf_fp_hex                           0x00000000   Number         0  stubs.o ABSOLUTE
    _printf_g                                0x00000000   Number         0  stubs.o ABSOLUTE
    _printf_i                                0x00000000   Number         0  stubs.o ABSOLUTE
    _printf_int_dec                          0x00000000   Number         0  stubs.o ABSOLUTE
    _printf_l                                0x00000000   Number         0  stubs.o ABSOLUTE
    _printf_lc                               0x00000000   Number         0  stubs.o ABSOLUTE
    _printf_ll                               0x00000000   Number         0  stubs.o ABSOLUTE
    _printf_lld                              0x00000000   Number         0  stubs.o ABSOLUTE
    _printf_lli                              0x00000000   Number         0  stubs.o ABSOLUTE
    _printf_llo                              0x00000000   Number         0  stubs.o ABSOLUTE
    _printf_llu                              0x00000000   Number         0  stubs.o ABSOLUTE
    _printf_llx                              0x00000000   Number         0  stubs.o ABSOLUTE
    _printf_longlong_dec                     0x00000000   Number         0  stubs.o ABSOLUTE
    _printf_longlong_hex                     0x00000000   Number         0  stubs.o ABSOLUTE
    _printf_longlong_oct                     0x00000000   Number         0  stubs.o ABSOLUTE
    _printf_ls                               0x00000000   Number         0  stubs.o ABSOLUTE
    _printf_mbtowc                           0x00000000   Number         0  stubs.o ABSOLUTE
    _printf_n                                0x00000000   Number         0  stubs.o ABSOLUTE
    _printf_o                                0x00000000   Number         0  stubs.o ABSOLUTE
    _printf_p                                0x00000000   Number         0  stubs.o ABSOLUTE
    _printf_percent                          0x00000000   Number         0  stubs.o ABSOLUTE
    _printf_pre_padding                      0x00000000   Number         0  stubs.o ABSOLUTE
    _printf_return_value                     0x00000000   Number         0  stubs.o ABSOLUTE
    _printf_s                                0x00000000   Number         0  stubs.o ABSOLUTE
    _printf_sizespec                         0x00000000   Number         0  stubs.o ABSOLUTE
    _printf_str                              0x00000000   Number         0  stubs.o ABSOLUTE
    _printf_truncate_signed                  0x00000000   Number         0  stubs.o ABSOLUTE
    _printf_truncate_unsigned                0x00000000   Number         0  stubs.o ABSOLUTE
    _printf_u                                0x00000000   Number         0  stubs.o ABSOLUTE
    _printf_wc                               0x00000000   Number         0  stubs.o ABSOLUTE
    _printf_wctomb                           0x00000000   Number         0  stubs.o ABSOLUTE
    _printf_widthprec                        0x00000000   Number         0  stubs.o ABSOLUTE
    _printf_x                                0x00000000   Number         0  stubs.o ABSOLUTE
    __decompress                              - Undefined Weak Reference
    __Vectors_Size                           0x000000ec   Number         0  startup_stm32f10x_md.o ABSOLUTE
    __Vectors                                0x08000000   Data           4  startup_stm32f10x_md.o(RESET)
    __Vectors_End                            0x080000ec   Data           0  startup_stm32f10x_md.o(RESET)
    __main                                   0x080000ed   Thumb Code     0  entry.o(.ARM.Collect$$$$00000000)
    _main_stk                                0x080000ed   Thumb Code     0  entry2.o(.ARM.Collect$$$$00000001)
    _main_scatterload                        0x080000f1   Thumb Code     0  entry5.o(.ARM.Collect$$$$00000004)
    __main_after_scatterload                 0x080000f5   Thumb Code     0  entry5.o(.ARM.Collect$$$$00000004)
    _main_init                               0x080000f5   Thumb Code     0  entry7.o(.ARM.Collect$$$$00000007)
    Reset_Handler                            0x08000101   Thumb Code     8  startup_stm32f10x_md.o(.text)
    ADC1_2_IRQHandler                        0x0800011b   Thumb Code     0  startup_stm32f10x_md.o(.text)
    CAN1_RX1_IRQHandler                      0x0800011b   Thumb Code     0  startup_stm32f10x_md.o(.text)
    CAN1_SCE_IRQHandler                      0x0800011b   Thumb Code     0  startup_stm32f10x_md.o(.text)
    DMA1_Channel1_IRQHandler                 0x0800011b   Thumb Code     0  startup_stm32f10x_md.o(.text)
    DMA1_Channel2_IRQHandler                 0x0800011b   Thumb Code     0  startup_stm32f10x_md.o(.text)
    DMA1_Channel3_IRQHandler                 0x0800011b   Thumb Code     0  startup_stm32f10x_md.o(.text)
    DMA1_Channel4_IRQHandler                 0x0800011b   Thumb Code     0  startup_stm32f10x_md.o(.text)
    DMA1_Channel5_IRQHandler                 0x0800011b   Thumb Code     0  startup_stm32f10x_md.o(.text)
    DMA1_Channel6_IRQHandler                 0x0800011b   Thumb Code     0  startup_stm32f10x_md.o(.text)
    DMA1_Channel7_IRQHandler                 0x0800011b   Thumb Code     0  startup_stm32f10x_md.o(.text)
    EXTI15_10_IRQHandler                     0x0800011b   Thumb Code     0  startup_stm32f10x_md.o(.text)
    EXTI3_IRQHandler                         0x0800011b   Thumb Code     0  startup_stm32f10x_md.o(.text)
    EXTI4_IRQHandler                         0x0800011b   Thumb Code     0  startup_stm32f10x_md.o(.text)
    FLASH_IRQHandler                         0x0800011b   Thumb Code     0  startup_stm32f10x_md.o(.text)
    I2C1_ER_IRQHandler                       0x0800011b   Thumb Code     0  startup_stm32f10x_md.o(.text)
    I2C1_EV_IRQHandler                       0x0800011b   Thumb Code     0  startup_stm32f10x_md.o(.text)
    I2C2_ER_IRQHandler                       0x0800011b   Thumb Code     0  startup_stm32f10x_md.o(.text)
    I2C2_EV_IRQHandler                       0x0800011b   Thumb Code     0  startup_stm32f10x_md.o(.text)
    PVD_IRQHandler                           0x0800011b   Thumb Code     0  startup_stm32f10x_md.o(.text)
    RCC_IRQHandler                           0x0800011b   Thumb Code     0  startup_stm32f10x_md.o(.text)
    RTCAlarm_IRQHandler                      0x0800011b   Thumb Code     0  startup_stm32f10x_md.o(.text)
    SPI1_IRQHandler                          0x0800011b   Thumb Code     0  startup_stm32f10x_md.o(.text)
    SPI2_IRQHandler                          0x0800011b   Thumb Code     0  startup_stm32f10x_md.o(.text)
    TAMPER_IRQHandler                        0x0800011b   Thumb Code     0  startup_stm32f10x_md.o(.text)
    TIM1_BRK_IRQHandler                      0x0800011b   Thumb Code     0  startup_stm32f10x_md.o(.text)
    TIM1_CC_IRQHandler                       0x0800011b   Thumb Code     0  startup_stm32f10x_md.o(.text)
    TIM1_TRG_COM_IRQHandler                  0x0800011b   Thumb Code     0  startup_stm32f10x_md.o(.text)
    TIM1_UP_IRQHandler                       0x0800011b   Thumb Code     0  startup_stm32f10x_md.o(.text)
    USART1_IRQHandler                        0x0800011b   Thumb Code     0  startup_stm32f10x_md.o(.text)
    USART3_IRQHandler                        0x0800011b   Thumb Code     0  startup_stm32f10x_md.o(.text)
    USBWakeUp_IRQHandler                     0x0800011b   Thumb Code     0  startup_stm32f10x_md.o(.text)
    USB_HP_CAN1_TX_IRQHandler                0x0800011b   Thumb Code     0  startup_stm32f10x_md.o(.text)
    USB_LP_CAN1_RX0_IRQHandler               0x0800011b   Thumb Code     0  startup_stm32f10x_md.o(.text)
    WWDG_IRQHandler                          0x0800011b   Thumb Code     0  startup_stm32f10x_md.o(.text)
    Delay_Ms                                 0x08000125   Thumb Code    16  main.o(.text)
    main                                     0x08000135   Thumb Code   170  main.o(.text)
    NMI_Handler                              0x080001f5   Thumb Code     2  stm32f10x_it.o(.text)
    HardFault_Handler                        0x080001f7   Thumb Code     4  stm32f10x_it.o(.text)
    MemManage_Handler                        0x080001fb   Thumb Code     4  stm32f10x_it.o(.text)
    BusFault_Handler                         0x080001ff   Thumb Code     4  stm32f10x_it.o(.text)
    UsageFault_Handler                       0x08000203   Thumb Code     4  stm32f10x_it.o(.text)
    SVC_Handler                              0x08000207   Thumb Code     2  stm32f10x_it.o(.text)
    DebugMon_Handler                         0x08000209   Thumb Code     2  stm32f10x_it.o(.text)
    PendSV_Handler                           0x0800020b   Thumb Code     2  stm32f10x_it.o(.text)
    SysTick_Handler                          0x0800020d   Thumb Code    12  stm32f10x_it.o(.text)
    SystemInit                               0x080002e5   Thumb Code    78  system_stm32f10x.o(.text)
    SystemCoreClockUpdate                    0x08000333   Thumb Code   142  system_stm32f10x.o(.text)
    NVIC_PriorityGroupConfig                 0x080003e5   Thumb Code    10  misc.o(.text)
    NVIC_Init                                0x080003ef   Thumb Code   118  misc.o(.text)
    NVIC_SetVectorTable                      0x08000465   Thumb Code    12  misc.o(.text)
    NVIC_SystemLPConfig                      0x08000471   Thumb Code    38  misc.o(.text)
    SysTick_CLKSourceConfig                  0x08000497   Thumb Code    40  misc.o(.text)
    ADC_DeInit                               0x080004dd   Thumb Code    78  stm32f10x_adc.o(.text)
    ADC_Init                                 0x0800052b   Thumb Code    68  stm32f10x_adc.o(.text)
    ADC_StructInit                           0x0800056f   Thumb Code    18  stm32f10x_adc.o(.text)
    ADC_Cmd                                  0x08000581   Thumb Code    22  stm32f10x_adc.o(.text)
    ADC_DMACmd                               0x08000597   Thumb Code    22  stm32f10x_adc.o(.text)
    ADC_ITConfig                             0x080005ad   Thumb Code    24  stm32f10x_adc.o(.text)
    ADC_ResetCalibration                     0x080005c5   Thumb Code    10  stm32f10x_adc.o(.text)
    ADC_GetResetCalibrationStatus            0x080005cf   Thumb Code    20  stm32f10x_adc.o(.text)
    ADC_StartCalibration                     0x080005e3   Thumb Code    10  stm32f10x_adc.o(.text)
    ADC_GetCalibrationStatus                 0x080005ed   Thumb Code    20  stm32f10x_adc.o(.text)
    ADC_SoftwareStartConvCmd                 0x08000601   Thumb Code    22  stm32f10x_adc.o(.text)
    ADC_GetSoftwareStartConvStatus           0x08000617   Thumb Code    20  stm32f10x_adc.o(.text)
    ADC_DiscModeChannelCountConfig           0x0800062b   Thumb Code    22  stm32f10x_adc.o(.text)
    ADC_DiscModeCmd                          0x08000641   Thumb Code    22  stm32f10x_adc.o(.text)
    ADC_RegularChannelConfig                 0x08000657   Thumb Code   180  stm32f10x_adc.o(.text)
    ADC_ExternalTrigConvCmd                  0x0800070b   Thumb Code    22  stm32f10x_adc.o(.text)
    ADC_GetConversionValue                   0x08000721   Thumb Code     8  stm32f10x_adc.o(.text)
    ADC_GetDualModeConversionValue           0x08000729   Thumb Code     6  stm32f10x_adc.o(.text)
    ADC_AutoInjectedConvCmd                  0x0800072f   Thumb Code    22  stm32f10x_adc.o(.text)
    ADC_InjectedDiscModeCmd                  0x08000745   Thumb Code    22  stm32f10x_adc.o(.text)
    ADC_ExternalTrigInjectedConvConfig       0x0800075b   Thumb Code    14  stm32f10x_adc.o(.text)
    ADC_ExternalTrigInjectedConvCmd          0x08000769   Thumb Code    22  stm32f10x_adc.o(.text)
    ADC_SoftwareStartInjectedConvCmd         0x0800077f   Thumb Code    22  stm32f10x_adc.o(.text)
    ADC_GetSoftwareStartInjectedConvCmdStatus 0x08000795   Thumb Code    20  stm32f10x_adc.o(.text)
    ADC_InjectedChannelConfig                0x080007a9   Thumb Code   126  stm32f10x_adc.o(.text)
    ADC_InjectedSequencerLengthConfig        0x08000827   Thumb Code    22  stm32f10x_adc.o(.text)
    ADC_SetInjectedOffset                    0x0800083d   Thumb Code    14  stm32f10x_adc.o(.text)
    ADC_GetInjectedConversionValue           0x0800084b   Thumb Code    20  stm32f10x_adc.o(.text)
    ADC_AnalogWatchdogCmd                    0x0800085f   Thumb Code    14  stm32f10x_adc.o(.text)
    ADC_AnalogWatchdogThresholdsConfig       0x0800086d   Thumb Code     6  stm32f10x_adc.o(.text)
    ADC_AnalogWatchdogSingleChannelConfig    0x08000873   Thumb Code    14  stm32f10x_adc.o(.text)
    ADC_TempSensorVrefintCmd                 0x08000881   Thumb Code    34  stm32f10x_adc.o(.text)
    ADC_GetFlagStatus                        0x080008a3   Thumb Code    18  stm32f10x_adc.o(.text)
    ADC_ClearFlag                            0x080008b5   Thumb Code     6  stm32f10x_adc.o(.text)
    ADC_GetITStatus                          0x080008bb   Thumb Code    74  stm32f10x_adc.o(.text)
    ADC_ClearITPendingBit                    0x08000905   Thumb Code    10  stm32f10x_adc.o(.text)
    BKP_DeInit                               0x08000911   Thumb Code    16  stm32f10x_bkp.o(.text)
    BKP_TamperPinLevelConfig                 0x08000921   Thumb Code     6  stm32f10x_bkp.o(.text)
    BKP_TamperPinCmd                         0x08000927   Thumb Code     6  stm32f10x_bkp.o(.text)
    BKP_ITConfig                             0x0800092d   Thumb Code     6  stm32f10x_bkp.o(.text)
    BKP_RTCOutputConfig                      0x08000933   Thumb Code    26  stm32f10x_bkp.o(.text)
    BKP_SetRTCCalibrationValue               0x0800094d   Thumb Code    26  stm32f10x_bkp.o(.text)
    BKP_WriteBackupRegister                  0x08000967   Thumb Code    12  stm32f10x_bkp.o(.text)
    BKP_ReadBackupRegister                   0x08000973   Thumb Code    14  stm32f10x_bkp.o(.text)
    BKP_GetFlagStatus                        0x08000981   Thumb Code     8  stm32f10x_bkp.o(.text)
    BKP_ClearFlag                            0x08000989   Thumb Code    16  stm32f10x_bkp.o(.text)
    BKP_GetITStatus                          0x08000999   Thumb Code     8  stm32f10x_bkp.o(.text)
    BKP_ClearITPendingBit                    0x080009a1   Thumb Code    16  stm32f10x_bkp.o(.text)
    EXTI_DeInit                              0x080009d1   Thumb Code    30  stm32f10x_exti.o(.text)
    EXTI_Init                                0x080009ef   Thumb Code   160  stm32f10x_exti.o(.text)
    EXTI_StructInit                          0x08000a8f   Thumb Code    16  stm32f10x_exti.o(.text)
    EXTI_GenerateSWInterrupt                 0x08000a9f   Thumb Code    16  stm32f10x_exti.o(.text)
    EXTI_GetFlagStatus                       0x08000aaf   Thumb Code    20  stm32f10x_exti.o(.text)
    EXTI_ClearFlag                           0x08000ac3   Thumb Code     6  stm32f10x_exti.o(.text)
    EXTI_GetITStatus                         0x08000ac9   Thumb Code    34  stm32f10x_exti.o(.text)
    EXTI_ClearITPendingBit                   0x08000aeb   Thumb Code     6  stm32f10x_exti.o(.text)
    GPIO_DeInit                              0x08000b0d   Thumb Code   172  stm32f10x_gpio.o(.text)
    GPIO_AFIODeInit                          0x08000bb9   Thumb Code    20  stm32f10x_gpio.o(.text)
    GPIO_Init                                0x08000bcd   Thumb Code   272  stm32f10x_gpio.o(.text)
    GPIO_StructInit                          0x08000cdd   Thumb Code    16  stm32f10x_gpio.o(.text)
    GPIO_ReadInputDataBit                    0x08000ced   Thumb Code    18  stm32f10x_gpio.o(.text)
    GPIO_ReadInputData                       0x08000cff   Thumb Code     8  stm32f10x_gpio.o(.text)
    GPIO_ReadOutputDataBit                   0x08000d07   Thumb Code    18  stm32f10x_gpio.o(.text)
    GPIO_ReadOutputData                      0x08000d19   Thumb Code     8  stm32f10x_gpio.o(.text)
    GPIO_SetBits                             0x08000d21   Thumb Code     4  stm32f10x_gpio.o(.text)
    GPIO_ResetBits                           0x08000d25   Thumb Code     4  stm32f10x_gpio.o(.text)
    GPIO_WriteBit                            0x08000d29   Thumb Code    10  stm32f10x_gpio.o(.text)
    GPIO_Write                               0x08000d33   Thumb Code     4  stm32f10x_gpio.o(.text)
    GPIO_PinLockConfig                       0x08000d37   Thumb Code    18  stm32f10x_gpio.o(.text)
    GPIO_EventOutputConfig                   0x08000d49   Thumb Code    24  stm32f10x_gpio.o(.text)
    GPIO_EventOutputCmd                      0x08000d61   Thumb Code     6  stm32f10x_gpio.o(.text)
    GPIO_PinRemapConfig                      0x08000d67   Thumb Code   136  stm32f10x_gpio.o(.text)
    GPIO_EXTILineConfig                      0x08000def   Thumb Code    60  stm32f10x_gpio.o(.text)
    GPIO_ETH_MediaInterfaceConfig            0x08000e2b   Thumb Code     6  stm32f10x_gpio.o(.text)
    PWR_DeInit                               0x08000e59   Thumb Code    22  stm32f10x_pwr.o(.text)
    PWR_BackupAccessCmd                      0x08000e6f   Thumb Code     6  stm32f10x_pwr.o(.text)
    PWR_PVDCmd                               0x08000e75   Thumb Code     6  stm32f10x_pwr.o(.text)
    PWR_PVDLevelConfig                       0x08000e7b   Thumb Code    16  stm32f10x_pwr.o(.text)
    PWR_WakeUpPinCmd                         0x08000e8b   Thumb Code     6  stm32f10x_pwr.o(.text)
    PWR_EnterSTOPMode                        0x08000e91   Thumb Code    60  stm32f10x_pwr.o(.text)
    PWR_EnterSTANDBYMode                     0x08000ecd   Thumb Code    46  stm32f10x_pwr.o(.text)
    PWR_GetFlagStatus                        0x08000efb   Thumb Code    20  stm32f10x_pwr.o(.text)
    PWR_ClearFlag                            0x08000f0f   Thumb Code    14  stm32f10x_pwr.o(.text)
    RCC_DeInit                               0x08000f2d   Thumb Code    64  stm32f10x_rcc.o(.text)
    RCC_HSEConfig                            0x08000f6d   Thumb Code    70  stm32f10x_rcc.o(.text)
    RCC_GetFlagStatus                        0x08000fb3   Thumb Code    56  stm32f10x_rcc.o(.text)
    RCC_WaitForHSEStartUp                    0x08000feb   Thumb Code    48  stm32f10x_rcc.o(.text)
    RCC_AdjustHSICalibrationValue            0x0800101b   Thumb Code    18  stm32f10x_rcc.o(.text)
    RCC_HSICmd                               0x0800102d   Thumb Code     6  stm32f10x_rcc.o(.text)
    RCC_PLLConfig                            0x08001033   Thumb Code    22  stm32f10x_rcc.o(.text)
    RCC_PLLCmd                               0x08001049   Thumb Code     6  stm32f10x_rcc.o(.text)
    RCC_SYSCLKConfig                         0x0800104f   Thumb Code    16  stm32f10x_rcc.o(.text)
    RCC_GetSYSCLKSource                      0x0800105f   Thumb Code    10  stm32f10x_rcc.o(.text)
    RCC_HCLKConfig                           0x08001069   Thumb Code    16  stm32f10x_rcc.o(.text)
    RCC_PCLK1Config                          0x08001079   Thumb Code    16  stm32f10x_rcc.o(.text)
    RCC_PCLK2Config                          0x08001089   Thumb Code    18  stm32f10x_rcc.o(.text)
    RCC_ITConfig                             0x0800109b   Thumb Code    30  stm32f10x_rcc.o(.text)
    RCC_USBCLKConfig                         0x080010b9   Thumb Code     6  stm32f10x_rcc.o(.text)
    RCC_ADCCLKConfig                         0x080010bf   Thumb Code    16  stm32f10x_rcc.o(.text)
    RCC_LSEConfig                            0x080010cf   Thumb Code    44  stm32f10x_rcc.o(.text)
    RCC_LSICmd                               0x080010fb   Thumb Code     6  stm32f10x_rcc.o(.text)
    RCC_RTCCLKConfig                         0x08001101   Thumb Code    12  stm32f10x_rcc.o(.text)
    RCC_RTCCLKCmd                            0x0800110d   Thumb Code     6  stm32f10x_rcc.o(.text)
    RCC_GetClocksFreq                        0x08001113   Thumb Code   194  stm32f10x_rcc.o(.text)
    RCC_AHBPeriphClockCmd                    0x080011d5   Thumb Code    26  stm32f10x_rcc.o(.text)
    RCC_APB2PeriphClockCmd                   0x080011ef   Thumb Code    26  stm32f10x_rcc.o(.text)
    RCC_APB1PeriphClockCmd                   0x08001209   Thumb Code    26  stm32f10x_rcc.o(.text)
    RCC_APB2PeriphResetCmd                   0x08001223   Thumb Code    26  stm32f10x_rcc.o(.text)
    RCC_APB1PeriphResetCmd                   0x0800123d   Thumb Code    26  stm32f10x_rcc.o(.text)
    RCC_BackupResetCmd                       0x08001257   Thumb Code     6  stm32f10x_rcc.o(.text)
    RCC_ClockSecuritySystemCmd               0x0800125d   Thumb Code     6  stm32f10x_rcc.o(.text)
    RCC_MCOConfig                            0x08001263   Thumb Code     6  stm32f10x_rcc.o(.text)
    RCC_ClearFlag                            0x08001269   Thumb Code    14  stm32f10x_rcc.o(.text)
    RCC_GetITStatus                          0x08001277   Thumb Code    20  stm32f10x_rcc.o(.text)
    RCC_ClearITPendingBit                    0x0800128b   Thumb Code     6  stm32f10x_rcc.o(.text)
    RTC_ITConfig                             0x080012c1   Thumb Code    40  stm32f10x_rtc.o(.text)
    RTC_EnterConfigMode                      0x080012e9   Thumb Code    16  stm32f10x_rtc.o(.text)
    RTC_ExitConfigMode                       0x080012f9   Thumb Code    20  stm32f10x_rtc.o(.text)
    RTC_GetCounter                           0x0800130d   Thumb Code    18  stm32f10x_rtc.o(.text)
    RTC_SetCounter                           0x0800131f   Thumb Code    26  stm32f10x_rtc.o(.text)
    RTC_SetPrescaler                         0x08001339   Thumb Code    28  stm32f10x_rtc.o(.text)
    RTC_SetAlarm                             0x08001355   Thumb Code    26  stm32f10x_rtc.o(.text)
    RTC_GetDivider                           0x0800136f   Thumb Code    26  stm32f10x_rtc.o(.text)
    RTC_WaitForLastTask                      0x08001389   Thumb Code    14  stm32f10x_rtc.o(.text)
    RTC_WaitForSynchro                       0x08001397   Thumb Code    32  stm32f10x_rtc.o(.text)
    RTC_GetFlagStatus                        0x080013b7   Thumb Code    20  stm32f10x_rtc.o(.text)
    RTC_ClearFlag                            0x080013cb   Thumb Code    22  stm32f10x_rtc.o(.text)
    RTC_GetITStatus                          0x080013e1   Thumb Code    34  stm32f10x_rtc.o(.text)
    RTC_ClearITPendingBit                    0x08001403   Thumb Code    22  stm32f10x_rtc.o(.text)
    TIM_DeInit                               0x08001439   Thumb Code   424  stm32f10x_tim.o(.text)
    TIM_TimeBaseInit                         0x080015e1   Thumb Code   122  stm32f10x_tim.o(.text)
    TIM_OC1Init                              0x0800165b   Thumb Code   132  stm32f10x_tim.o(.text)
    TIM_OC2Init                              0x080016df   Thumb Code   146  stm32f10x_tim.o(.text)
    TIM_OC3Init                              0x08001771   Thumb Code   142  stm32f10x_tim.o(.text)
    TIM_OC4Init                              0x080017ff   Thumb Code   172  stm32f10x_tim.o(.text)
    TIM_SetIC4Prescaler                      0x080018ab   Thumb Code    22  stm32f10x_tim.o(.text)
    TIM_SetIC3Prescaler                      0x08001933   Thumb Code    18  stm32f10x_tim.o(.text)
    TIM_SetIC2Prescaler                      0x080019b3   Thumb Code    22  stm32f10x_tim.o(.text)
    TIM_SetIC1Prescaler                      0x08001a3b   Thumb Code    18  stm32f10x_tim.o(.text)
    TIM_ICInit                               0x08001ab3   Thumb Code   150  stm32f10x_tim.o(.text)
    TIM_PWMIConfig                           0x08001b49   Thumb Code   124  stm32f10x_tim.o(.text)
    TIM_BDTRConfig                           0x08001bc5   Thumb Code    32  stm32f10x_tim.o(.text)
    TIM_TimeBaseStructInit                   0x08001be5   Thumb Code    18  stm32f10x_tim.o(.text)
    TIM_OCStructInit                         0x08001bf7   Thumb Code    20  stm32f10x_tim.o(.text)
    TIM_ICStructInit                         0x08001c0b   Thumb Code    18  stm32f10x_tim.o(.text)
    TIM_BDTRStructInit                       0x08001c1d   Thumb Code    18  stm32f10x_tim.o(.text)
    TIM_Cmd                                  0x08001c2f   Thumb Code    24  stm32f10x_tim.o(.text)
    TIM_CtrlPWMOutputs                       0x08001c47   Thumb Code    50  stm32f10x_tim.o(.text)
    TIM_ITConfig                             0x08001c79   Thumb Code    24  stm32f10x_tim.o(.text)
    TIM_GenerateEvent                        0x08001c91   Thumb Code     4  stm32f10x_tim.o(.text)
    TIM_DMAConfig                            0x08001c95   Thumb Code    10  stm32f10x_tim.o(.text)
    TIM_DMACmd                               0x08001c9f   Thumb Code    24  stm32f10x_tim.o(.text)
    TIM_InternalClockConfig                  0x08001cb7   Thumb Code    12  stm32f10x_tim.o(.text)
    TIM_SelectInputTrigger                   0x08001cc3   Thumb Code    16  stm32f10x_tim.o(.text)
    TIM_ITRxExternalClockConfig              0x08001cd3   Thumb Code    24  stm32f10x_tim.o(.text)
    TIM_TIxExternalClockConfig               0x08001ceb   Thumb Code    62  stm32f10x_tim.o(.text)
    TIM_ETRConfig                            0x08001d29   Thumb Code    22  stm32f10x_tim.o(.text)
    TIM_ETRClockMode1Config                  0x08001d3f   Thumb Code    54  stm32f10x_tim.o(.text)
    TIM_ETRClockMode2Config                  0x08001d75   Thumb Code    32  stm32f10x_tim.o(.text)
    TIM_PrescalerConfig                      0x08001d95   Thumb Code     6  stm32f10x_tim.o(.text)
    TIM_CounterModeConfig                    0x08001d9b   Thumb Code    16  stm32f10x_tim.o(.text)
    TIM_EncoderInterfaceConfig               0x08001dab   Thumb Code    56  stm32f10x_tim.o(.text)
    TIM_ForcedOC1Config                      0x08001de3   Thumb Code    16  stm32f10x_tim.o(.text)
    TIM_ForcedOC2Config                      0x08001df3   Thumb Code    20  stm32f10x_tim.o(.text)
    TIM_ForcedOC3Config                      0x08001e07   Thumb Code    16  stm32f10x_tim.o(.text)
    TIM_ForcedOC4Config                      0x08001e17   Thumb Code    20  stm32f10x_tim.o(.text)
    TIM_ARRPreloadConfig                     0x08001e2b   Thumb Code    24  stm32f10x_tim.o(.text)
    TIM_SelectCOM                            0x08001e43   Thumb Code    24  stm32f10x_tim.o(.text)
    TIM_SelectCCDMA                          0x08001e5b   Thumb Code    24  stm32f10x_tim.o(.text)
    TIM_CCPreloadControl                     0x08001e73   Thumb Code    24  stm32f10x_tim.o(.text)
    TIM_OC1PreloadConfig                     0x08001e8b   Thumb Code    16  stm32f10x_tim.o(.text)
    TIM_OC2PreloadConfig                     0x08001e9b   Thumb Code    20  stm32f10x_tim.o(.text)
    TIM_OC3PreloadConfig                     0x08001eaf   Thumb Code    16  stm32f10x_tim.o(.text)
    TIM_OC4PreloadConfig                     0x08001ebf   Thumb Code    20  stm32f10x_tim.o(.text)
    TIM_OC1FastConfig                        0x08001ed3   Thumb Code    16  stm32f10x_tim.o(.text)
    TIM_OC2FastConfig                        0x08001ee3   Thumb Code    20  stm32f10x_tim.o(.text)
    TIM_OC3FastConfig                        0x08001ef7   Thumb Code    16  stm32f10x_tim.o(.text)
    TIM_OC4FastConfig                        0x08001f07   Thumb Code    20  stm32f10x_tim.o(.text)
    TIM_ClearOC1Ref                          0x08001f1b   Thumb Code    16  stm32f10x_tim.o(.text)
    TIM_ClearOC2Ref                          0x08001f2b   Thumb Code    18  stm32f10x_tim.o(.text)
    TIM_ClearOC3Ref                          0x08001f3d   Thumb Code    16  stm32f10x_tim.o(.text)
    TIM_ClearOC4Ref                          0x08001f4d   Thumb Code    18  stm32f10x_tim.o(.text)
    TIM_OC1PolarityConfig                    0x08001f5f   Thumb Code    16  stm32f10x_tim.o(.text)
    TIM_OC1NPolarityConfig                   0x08001f6f   Thumb Code    16  stm32f10x_tim.o(.text)
    TIM_OC2PolarityConfig                    0x08001f7f   Thumb Code    20  stm32f10x_tim.o(.text)
    TIM_OC2NPolarityConfig                   0x08001f93   Thumb Code    20  stm32f10x_tim.o(.text)
    TIM_OC3PolarityConfig                    0x08001fa7   Thumb Code    20  stm32f10x_tim.o(.text)
    TIM_OC3NPolarityConfig                   0x08001fbb   Thumb Code    20  stm32f10x_tim.o(.text)
    TIM_OC4PolarityConfig                    0x08001fcf   Thumb Code    20  stm32f10x_tim.o(.text)
    TIM_CCxCmd                               0x08001fe3   Thumb Code    34  stm32f10x_tim.o(.text)
    TIM_CCxNCmd                              0x08002005   Thumb Code    34  stm32f10x_tim.o(.text)
    TIM_SelectOCxM                           0x08002027   Thumb Code    82  stm32f10x_tim.o(.text)
    TIM_UpdateDisableConfig                  0x08002079   Thumb Code    24  stm32f10x_tim.o(.text)
    TIM_UpdateRequestConfig                  0x08002091   Thumb Code    24  stm32f10x_tim.o(.text)
    TIM_SelectHallSensor                     0x080020a9   Thumb Code    24  stm32f10x_tim.o(.text)
    TIM_SelectOnePulseMode                   0x080020c1   Thumb Code    18  stm32f10x_tim.o(.text)
    TIM_SelectOutputTrigger                  0x080020d3   Thumb Code    18  stm32f10x_tim.o(.text)
    TIM_SelectSlaveMode                      0x080020e5   Thumb Code    18  stm32f10x_tim.o(.text)
    TIM_SelectMasterSlaveMode                0x080020f7   Thumb Code    18  stm32f10x_tim.o(.text)
    TIM_SetCounter                           0x08002109   Thumb Code     4  stm32f10x_tim.o(.text)
    TIM_SetAutoreload                        0x0800210d   Thumb Code     4  stm32f10x_tim.o(.text)
    TIM_SetCompare1                          0x08002111   Thumb Code     4  stm32f10x_tim.o(.text)
    TIM_SetCompare2                          0x08002115   Thumb Code     4  stm32f10x_tim.o(.text)
    TIM_SetCompare3                          0x08002119   Thumb Code     4  stm32f10x_tim.o(.text)
    TIM_SetCompare4                          0x0800211d   Thumb Code     6  stm32f10x_tim.o(.text)
    TIM_SetClockDivision                     0x08002123   Thumb Code    18  stm32f10x_tim.o(.text)
    TIM_GetCapture1                          0x08002135   Thumb Code     6  stm32f10x_tim.o(.text)
    TIM_GetCapture2                          0x0800213b   Thumb Code     6  stm32f10x_tim.o(.text)
    TIM_GetCapture3                          0x08002141   Thumb Code     6  stm32f10x_tim.o(.text)
    TIM_GetCapture4                          0x08002147   Thumb Code     8  stm32f10x_tim.o(.text)
    TIM_GetCounter                           0x0800214f   Thumb Code     6  stm32f10x_tim.o(.text)
    TIM_GetPrescaler                         0x08002155   Thumb Code     6  stm32f10x_tim.o(.text)
    TIM_GetFlagStatus                        0x0800215b   Thumb Code    18  stm32f10x_tim.o(.text)
    TIM_ClearFlag                            0x0800216d   Thumb Code     6  stm32f10x_tim.o(.text)
    TIM_GetITStatus                          0x08002173   Thumb Code    34  stm32f10x_tim.o(.text)
    TIM_ClearITPendingBit                    0x08002195   Thumb Code     6  stm32f10x_tim.o(.text)
    USART_DeInit                             0x0800219d   Thumb Code   134  stm32f10x_usart.o(.text)
    USART_Init                               0x08002223   Thumb Code   210  stm32f10x_usart.o(.text)
    USART_StructInit                         0x080022f5   Thumb Code    24  stm32f10x_usart.o(.text)
    USART_ClockInit                          0x0800230d   Thumb Code    32  stm32f10x_usart.o(.text)
    USART_ClockStructInit                    0x0800232d   Thumb Code    12  stm32f10x_usart.o(.text)
    USART_Cmd                                0x08002339   Thumb Code    24  stm32f10x_usart.o(.text)
    USART_ITConfig                           0x08002351   Thumb Code    72  stm32f10x_usart.o(.text)
    USART_DMACmd                             0x08002399   Thumb Code    24  stm32f10x_usart.o(.text)
    USART_SetAddress                         0x080023b1   Thumb Code    18  stm32f10x_usart.o(.text)
    USART_WakeUpConfig                       0x080023c3   Thumb Code    18  stm32f10x_usart.o(.text)
    USART_ReceiverWakeUpCmd                  0x080023d5   Thumb Code    24  stm32f10x_usart.o(.text)
    USART_LINBreakDetectLengthConfig         0x080023ed   Thumb Code    18  stm32f10x_usart.o(.text)
    USART_LINCmd                             0x080023ff   Thumb Code    24  stm32f10x_usart.o(.text)
    USART_SendData                           0x08002417   Thumb Code     8  stm32f10x_usart.o(.text)
    USART_ReceiveData                        0x0800241f   Thumb Code    10  stm32f10x_usart.o(.text)
    USART_SendBreak                          0x08002429   Thumb Code    10  stm32f10x_usart.o(.text)
    USART_SetGuardTime                       0x08002433   Thumb Code    16  stm32f10x_usart.o(.text)
    USART_SetPrescaler                       0x08002443   Thumb Code    16  stm32f10x_usart.o(.text)
    USART_SmartCardCmd                       0x08002453   Thumb Code    24  stm32f10x_usart.o(.text)
    USART_SmartCardNACKCmd                   0x0800246b   Thumb Code    24  stm32f10x_usart.o(.text)
    USART_HalfDuplexCmd                      0x08002483   Thumb Code    24  stm32f10x_usart.o(.text)
    USART_OverSampling8Cmd                   0x0800249b   Thumb Code    22  stm32f10x_usart.o(.text)
    USART_OneBitMethodCmd                    0x080024b1   Thumb Code    24  stm32f10x_usart.o(.text)
    USART_IrDAConfig                         0x080024c9   Thumb Code    18  stm32f10x_usart.o(.text)
    USART_IrDACmd                            0x080024db   Thumb Code    24  stm32f10x_usart.o(.text)
    USART_GetFlagStatus                      0x080024f3   Thumb Code    26  stm32f10x_usart.o(.text)
    USART_ClearFlag                          0x0800250d   Thumb Code    18  stm32f10x_usart.o(.text)
    USART_GetITStatus                        0x0800251f   Thumb Code    84  stm32f10x_usart.o(.text)
    USART_ClearITPendingBit                  0x08002573   Thumb Code    50  stm32f10x_usart.o(.text)
    adc_init                                 0x080025a5   Thumb Code   138  adc.o(.text)
    get_adc                                  0x0800262f   Thumb Code    32  adc.o(.text)
    SDA_Input_Mode                           0x08002659   Thumb Code    30  i2c.o(.text)
    SDA_Output_Mode                          0x08002677   Thumb Code    30  i2c.o(.text)
    SDA_Output                               0x08002695   Thumb Code    26  i2c.o(.text)
    SCL_Output                               0x080026af   Thumb Code    26  i2c.o(.text)
    SDA_Input                                0x080026c9   Thumb Code    12  i2c.o(.text)
    delay1                                   0x080026d5   Thumb Code    12  i2c.o(.text)
    I2CStart                                 0x080026e1   Thumb Code    60  i2c.o(.text)
    I2CStop                                  0x0800271d   Thumb Code    60  i2c.o(.text)
    I2CWaitAck                               0x08002759   Thumb Code    88  i2c.o(.text)
    I2CSendAck                               0x080027b1   Thumb Code    54  i2c.o(.text)
    I2CSendNotAck                            0x080027e7   Thumb Code    46  i2c.o(.text)
    I2CSendByte                              0x08002815   Thumb Code    88  i2c.o(.text)
    I2CReceiveByte                           0x0800286d   Thumb Code    88  i2c.o(.text)
    i2c_init                                 0x080028c5   Thumb Code    38  i2c.o(.text)
    i2c_sendByte                             0x080028eb   Thumb Code    46  i2c.o(.text)
    i2c_readByte                             0x08002919   Thumb Code    60  i2c.o(.text)
    u24_write_int                            0x08002955   Thumb Code    74  i2c.o(.text)
    u24_read_int                             0x0800299f   Thumb Code    76  i2c.o(.text)
    key_init                                 0x080029f1   Thumb Code   366  key.o(.text)
    key_scan                                 0x08002b5f   Thumb Code   140  key.o(.text)
    EXTI0_IRQHandler                         0x08002beb   Thumb Code    26  key.o(.text)
    EXTI9_5_IRQHandler                       0x08002c05   Thumb Code    30  key.o(.text)
    EXTI1_IRQHandler                         0x08002c23   Thumb Code    26  key.o(.text)
    EXTI2_IRQHandler                         0x08002c3d   Thumb Code    26  key.o(.text)
    Delay_LCD                                0x08002c65   Thumb Code    30  lcd.o(.text)
    LCD_WriteReg                             0x08002c83   Thumb Code    80  lcd.o(.text)
    REG_8230_Init                            0x08002cd3   Thumb Code   288  lcd.o(.text)
    REG_932X_Init                            0x08002df3   Thumb Code   514  lcd.o(.text)
    LCD_BusOut                               0x08002ff5   Thumb Code    32  lcd.o(.text)
    LCD_BusIn                                0x08003015   Thumb Code    32  lcd.o(.text)
    LCD_ReadReg                              0x08003035   Thumb Code   114  lcd.o(.text)
    LCD_CtrlLinesConfig                      0x080030a7   Thumb Code    68  lcd.o(.text)
    STM3210B_LCD_Init                        0x080030eb   Thumb Code    50  lcd.o(.text)
    LCD_SetTextColor                         0x0800311d   Thumb Code     6  lcd.o(.text)
    LCD_SetBackColor                         0x08003123   Thumb Code     8  lcd.o(.text)
    LCD_SetCursor                            0x0800312b   Thumb Code    24  lcd.o(.text)
    LCD_WriteRAM                             0x08003143   Thumb Code    56  lcd.o(.text)
    LCD_WriteRAM_Prepare                     0x0800317b   Thumb Code    60  lcd.o(.text)
    LCD_DrawChar                             0x080031b7   Thumb Code   110  lcd.o(.text)
    LCD_DisplayChar                          0x08003225   Thumb Code    34  lcd.o(.text)
    LCD_DisplayStringLine                    0x08003247   Thumb Code    44  lcd.o(.text)
    LCD_ClearLine                            0x08003273   Thumb Code    14  lcd.o(.text)
    LCD_Clear                                0x08003281   Thumb Code    38  lcd.o(.text)
    LCD_SetDisplayWindow                     0x080032a7   Thumb Code    88  lcd.o(.text)
    LCD_WindowModeDisable                    0x080032ff   Thumb Code    28  lcd.o(.text)
    LCD_DrawLine                             0x0800331b   Thumb Code    90  lcd.o(.text)
    LCD_DrawRect                             0x08003375   Thumb Code    66  lcd.o(.text)
    LCD_DrawCircle                           0x080033b7   Thumb Code   348  lcd.o(.text)
    LCD_DrawMonoPict                         0x08003513   Thumb Code    78  lcd.o(.text)
    LCD_WriteBMP                             0x08003561   Thumb Code    74  lcd.o(.text)
    LCD_ReadRAM                              0x080035ab   Thumb Code    96  lcd.o(.text)
    LCD_PowerOn                              0x0800360b   Thumb Code   118  lcd.o(.text)
    LCD_DisplayOn                            0x08003681   Thumb Code    14  lcd.o(.text)
    LCD_DisplayOff                           0x0800368f   Thumb Code    12  lcd.o(.text)
    LCD_DrawPicture                          0x0800369b   Thumb Code    48  lcd.o(.text)
    DisChar                                  0x080036cb   Thumb Code    86  lcd.o(.text)
    led_control                              0x08003735   Thumb Code    40  led.o(.text)
    led_init                                 0x0800375d   Thumb Code    72  led.o(.text)
    pwm_tim2_init                            0x080037ad   Thumb Code   218  pwm.o(.text)
    pwm_tim3_init                            0x08003887   Thumb Code   208  pwm.o(.text)
    TIM3_IRQHandler                          0x08003957   Thumb Code   334  pwm.o(.text)
    pwm_Init                                 0x08003aa5   Thumb Code   170  pwm.o(.text)
    Timer2_PwmIn                             0x08003b4f   Thumb Code   236  pwm.o(.text)
    TIM2_IRQHandler                          0x08003c3b   Thumb Code    82  pwm.o(.text)
    rtc_init                                 0x08003ca5   Thumb Code   128  rtc.o(.text)
    display_RTC                              0x08003d25   Thumb Code    84  rtc.o(.text)
    RTC_IRQHandler                           0x08003d79   Thumb Code    34  rtc.o(.text)
    tim4_Init                                0x08003db9   Thumb Code    90  tim.o(.text)
    TIM4_IRQHandler                          0x08003e13   Thumb Code    22  tim.o(.text)
    uart_init                                0x08003e2d   Thumb Code   158  uart.o(.text)
    USART2_IRQHandler                        0x08003ecb   Thumb Code    72  uart.o(.text)
    fputc                                    0x08003f13   Thumb Code    32  uart.o(.text)
    __aeabi_fadd                             0x08003f49   Thumb Code   164  fadd.o(.text)
    __aeabi_fsub                             0x08003fed   Thumb Code     6  fadd.o(.text)
    __aeabi_frsub                            0x08003ff3   Thumb Code     6  fadd.o(.text)
    __aeabi_fmul                             0x08003ff9   Thumb Code   106  fmul.o(.text)
    __aeabi_ui2f                             0x08004063   Thumb Code    10  ffltui.o(.text)
    __aeabi_f2uiz                            0x0800406d   Thumb Code    40  ffixui.o(.text)
    __aeabi_uidiv                            0x08004095   Thumb Code     0  uidiv.o(.text)
    __aeabi_uidivmod                         0x08004095   Thumb Code    44  uidiv.o(.text)
    __I$use$fp                               0x080040c1   Thumb Code     0  iusefp.o(.text)
    _float_round                             0x080040c1   Thumb Code    18  fepilogue.o(.text)
    _float_epilogue                          0x080040d3   Thumb Code    92  fepilogue.o(.text)
    __scatterload                            0x08004131   Thumb Code    28  init.o(.text)
    __scatterload_rt2                        0x08004131   Thumb Code     0  init.o(.text)
    __0printf$1                              0x08004155   Thumb Code    22  printf1.o(i.__0printf$1)
    __1printf$1                              0x08004155   Thumb Code     0  printf1.o(i.__0printf$1)
    __2printf                                0x08004155   Thumb Code     0  printf1.o(i.__0printf$1)
    __0sprintf$1                             0x08004175   Thumb Code    34  printf1.o(i.__0sprintf$1)
    __1sprintf$1                             0x08004175   Thumb Code     0  printf1.o(i.__0sprintf$1)
    __2sprintf                               0x08004175   Thumb Code     0  printf1.o(i.__0sprintf$1)
    __scatterload_copy                       0x0800419d   Thumb Code    14  handlers.o(i.__scatterload_copy)
    __scatterload_null                       0x080041ab   Thumb Code     2  handlers.o(i.__scatterload_null)
    __scatterload_zeroinit                   0x080041ad   Thumb Code    14  handlers.o(i.__scatterload_zeroinit)
    ASCII_Table                              0x0800431a   Data        4560  lcd.o(.constdata)
    Region$$Table$$Base                      0x080054ec   Number         0  anon$$obj.o(Region$$Table)
    Region$$Table$$Limit                     0x0800550c   Number         0  anon$$obj.o(Region$$Table)
    TimingDelay                              0x20000000   Data           4  main.o(.data)
    SystemCoreClock                          0x20000004   Data           4  system_stm32f10x.o(.data)
    AHBPrescTable                            0x20000008   Data          16  system_stm32f10x.o(.data)
    key_flag                                 0x2000002c   Data           1  key.o(.data)
    dummy                                    0x20000032   Data           2  lcd.o(.data)
    CCR1_Val                                 0x20000034   Data           2  pwm.o(.data)
    CCR2_Val                                 0x20000036   Data           2  pwm.o(.data)
    CCR6_Val                                 0x20000038   Data           2  pwm.o(.data)
    CCR7_Val                                 0x2000003a   Data           2  pwm.o(.data)
    duty_ratio1                              0x2000003c   Data           4  pwm.o(.data)
    duty_ratio2                              0x20000040   Data           4  pwm.o(.data)
    duty_ratio6                              0x20000044   Data           4  pwm.o(.data)
    duty_ratio7                              0x20000048   Data           4  pwm.o(.data)
    pa1_state                                0x2000004c   Data           1  pwm.o(.data)
    pa2_state                                0x2000004d   Data           1  pwm.o(.data)
    pa6_state                                0x2000004e   Data           1  pwm.o(.data)
    pa7_state                                0x2000004f   Data           1  pwm.o(.data)
    IC1Value                                 0x20000052   Data           2  pwm.o(.data)
    IC2Value                                 0x20000054   Data           2  pwm.o(.data)
    IC3Value                                 0x20000056   Data           2  pwm.o(.data)
    Frequency_1                              0x20000058   Data           4  pwm.o(.data)
    Frequency_2                              0x2000005c   Data           4  pwm.o(.data)
    Rx_flag                                  0x20000060   Data           1  uart.o(.data)
    RxCounter1                               0x20000061   Data           1  uart.o(.data)
    __stdout                                 0x20000064   Data           4  stdout.o(.data)
    RxBuffer1                                0x20000068   Data          30  uart.o(.bss)
    __initial_sp                             0x20000488   Data           0  startup_stm32f10x_md.o(STACK)



==============================================================================

Memory Map of the image

  Image Entry point : 0x080000ed

  Load Region LR_IROM1 (Base: 0x08000000, Size: 0x00005574, Max: 0x00020000, ABSOLUTE)

    Execution Region ER_IROM1 (Base: 0x08000000, Size: 0x0000550c, Max: 0x00020000, ABSOLUTE)

    Base Addr    Size         Type   Attr      Idx    E Section Name        Object

    0x08000000   0x000000ec   Data   RO           19    RESET               startup_stm32f10x_md.o
    0x080000ec   0x00000000   Code   RO          742  * .ARM.Collect$$$$00000000  entry.o(mc_w.l)
    0x080000ec   0x00000004   Code   RO         1014    .ARM.Collect$$$$00000001  entry2.o(mc_w.l)
    0x080000f0   0x00000004   Code   RO         1017    .ARM.Collect$$$$00000004  entry5.o(mc_w.l)
    0x080000f4   0x00000008   Code   RO         1018    .ARM.Collect$$$$00000007  entry7.o(mc_w.l)
    0x080000fc   0x00000004   Code   RO         1015    .ARM.Collect$$$$00002712  entry2.o(mc_w.l)
    0x08000100   0x00000024   Code   RO           20    .text               startup_stm32f10x_md.o
    0x08000124   0x000000d0   Code   RO           24    .text               main.o
    0x080001f4   0x00000028   Code   RO          165    .text               stm32f10x_it.o
    0x0800021c   0x000001c8   Code   RO          264    .text               system_stm32f10x.o
    0x080003e4   0x000000f8   Code   RO          282    .text               misc.o
    0x080004dc   0x00000432   Code   RO          320    .text               stm32f10x_adc.o
    0x0800090e   0x00000002   PAD
    0x08000910   0x000000c0   Code   RO          332    .text               stm32f10x_bkp.o
    0x080009d0   0x0000013c   Code   RO          416    .text               stm32f10x_exti.o
    0x08000b0c   0x0000034c   Code   RO          452    .text               stm32f10x_gpio.o
    0x08000e58   0x000000d4   Code   RO          488    .text               stm32f10x_pwr.o
    0x08000f2c   0x00000394   Code   RO          500    .text               stm32f10x_rcc.o
    0x080012c0   0x00000178   Code   RO          514    .text               stm32f10x_rtc.o
    0x08001438   0x00000d62   Code   RO          550    .text               stm32f10x_tim.o
    0x0800219a   0x00000002   PAD
    0x0800219c   0x00000408   Code   RO          562    .text               stm32f10x_usart.o
    0x080025a4   0x000000b4   Code   RO          586    .text               adc.o
    0x08002658   0x00000398   Code   RO          602    .text               i2c.o
    0x080029f0   0x00000274   Code   RO          614    .text               key.o
    0x08002c64   0x00000ad0   Code   RO          632    .text               lcd.o
    0x08003734   0x00000078   Code   RO          651    .text               led.o
    0x080037ac   0x000004f8   Code   RO          669    .text               pwm.o
    0x08003ca4   0x00000114   Code   RO          684    .text               rtc.o
    0x08003db8   0x00000074   Code   RO          699    .text               tim.o
    0x08003e2c   0x0000011c   Code   RO          711    .text               uart.o
    0x08003f48   0x000000b0   Code   RO         1006    .text               fadd.o(mf_w.l)
    0x08003ff8   0x0000006a   Code   RO         1008    .text               fmul.o(mf_w.l)
    0x08004062   0x0000000a   Code   RO         1010    .text               ffltui.o(mf_w.l)
    0x0800406c   0x00000028   Code   RO         1012    .text               ffixui.o(mf_w.l)
    0x08004094   0x0000002c   Code   RO         1020    .text               uidiv.o(mc_w.l)
    0x080040c0   0x00000000   Code   RO         1024    .text               iusefp.o(mc_w.l)
    0x080040c0   0x0000006e   Code   RO         1025    .text               fepilogue.o(mf_w.l)
    0x0800412e   0x00000002   PAD
    0x08004130   0x00000024   Code   RO         1037    .text               init.o(mc_w.l)
    0x08004154   0x00000020   Code   RO          790    i.__0printf$1       printf1.o(mc_w.l)
    0x08004174   0x00000028   Code   RO          792    i.__0sprintf$1      printf1.o(mc_w.l)
    0x0800419c   0x0000000e   Code   RO         1049    i.__scatterload_copy  handlers.o(mc_w.l)
    0x080041aa   0x00000002   Code   RO         1050    i.__scatterload_null  handlers.o(mc_w.l)
    0x080041ac   0x0000000e   Code   RO         1051    i.__scatterload_zeroinit  handlers.o(mc_w.l)
    0x080041ba   0x00000002   PAD
    0x080041bc   0x00000154   Code   RO          797    i._printf_core      printf1.o(mc_w.l)
    0x08004310   0x0000000a   Code   RO          799    i._sputc            printf1.o(mc_w.l)
    0x0800431a   0x000011d0   Data   RO          633    .constdata          lcd.o
    0x080054ea   0x00000002   PAD
    0x080054ec   0x00000020   Data   RO         1047    Region$$Table       anon$$obj.o


    Execution Region RW_IRAM1 (Base: 0x20000000, Size: 0x00000488, Max: 0x00005000, ABSOLUTE)

    Base Addr    Size         Type   Attr      Idx    E Section Name        Object

    0x20000000   0x00000004   Data   RW           25    .data               main.o
    0x20000004   0x00000014   Data   RW          265    .data               system_stm32f10x.o
    0x20000018   0x00000014   Data   RW          501    .data               stm32f10x_rcc.o
    0x2000002c   0x00000001   Data   RW          615    .data               key.o
    0x2000002d   0x00000001   PAD
    0x2000002e   0x00000006   Data   RW          634    .data               lcd.o
    0x20000034   0x0000002c   Data   RW          670    .data               pwm.o
    0x20000060   0x00000002   Data   RW          713    .data               uart.o
    0x20000062   0x00000002   PAD
    0x20000064   0x00000004   Data   RW         1019    .data               stdout.o(mc_w.l)
    0x20000068   0x0000001e   Zero   RW          712    .bss                uart.o
    0x20000086   0x00000002   PAD
    0x20000088   0x00000400   Zero   RW           17    STACK               startup_stm32f10x_md.o


==============================================================================

Image component sizes


      Code (inc. data)   RO Data    RW Data    ZI Data      Debug   Object Name

       180         10          0          0          0        687   adc.o
         0          0          0          0          0       4180   core_cm3.o
       920          6          0          0          0       3638   i2c.o
       628         14          0          1          0       1597   key.o
      2768         90       4560          6          0       8724   lcd.o
       120          8          0          0          0        631   led.o
       208         22          0          4          0     265949   main.o
       248         30          0          0          0     215949   misc.o
      1272         64          0         44          0       3257   pwm.o
       276         30          0          0          0        826   rtc.o
        36          8        236          0       1024        460   startup_stm32f10x_md.o
      1074         38          0          0          0      10717   stm32f10x_adc.o
       192         32          0          0          0       3200   stm32f10x_bkp.o
       316         28          0          0          0       2095   stm32f10x_exti.o
       844         40          0          0          0       5533   stm32f10x_gpio.o
        40          4          0          0          0      44410   stm32f10x_it.o
       212         16          0          0          0       1843   stm32f10x_pwr.o
       916         48          0         20          0       8592   stm32f10x_rcc.o
       376         32          0          0          0       2638   stm32f10x_rtc.o
      3426         84          0          0          0      22232   stm32f10x_tim.o
      1032         20          0          0          0       8276   stm32f10x_usart.o
       456         36          0         20          0       1579   system_stm32f10x.o
       116          4          0          0          0        708   tim.o
       284         22          0          2         30       1495   uart.o

    ----------------------------------------------------------------------
     15944        686       4830        100       1056     619216   Object Totals
         0          0         32          0          0          0   (incl. Generated)
         4          0          2          3          2          0   (incl. Padding)

    ----------------------------------------------------------------------

      Code (inc. data)   RO Data    RW Data    ZI Data      Debug   Library Member Name

         0          0          0          0          0          0   entry.o
         8          4          0          0          0          0   entry2.o
         4          0          0          0          0          0   entry5.o
         8          4          0          0          0          0   entry7.o
       176          0          0          0          0        136   fadd.o
       110          0          0          0          0        164   fepilogue.o
        40          0          0          0          0         68   ffixui.o
        10          0          0          0          0         68   ffltui.o
       106          0          0          0          0         76   fmul.o
        30          0          0          0          0          0   handlers.o
        36          8          0          0          0         68   init.o
         0          0          0          0          0          0   iusefp.o
       422         20          0          0          0        328   printf1.o
         0          0          0          4          0          0   stdout.o
        44          0          0          0          0         76   uidiv.o

    ----------------------------------------------------------------------
       998         36          0          4          0        984   Library Totals
         4          0          0          0          0          0   (incl. Padding)

    ----------------------------------------------------------------------

      Code (inc. data)   RO Data    RW Data    ZI Data      Debug   Library Name

       552         36          0          4          0        472   mc_w.l
       442          0          0          0          0        512   mf_w.l

    ----------------------------------------------------------------------
       998         36          0          4          0        984   Library Totals

    ----------------------------------------------------------------------

==============================================================================


      Code (inc. data)   RO Data    RW Data    ZI Data      Debug   

     16942        722       4830        104       1056     617400   Grand Totals
     16942        722       4830        104       1056     617400   ELF Image Totals
     16942        722       4830        104          0          0   ROM Totals

==============================================================================

    Total RO  Size (Code + RO Data)                21772 (  21.26kB)
    Total RW  Size (RW Data + ZI Data)              1160 (   1.13kB)
    Total ROM Size (Code + RO Data + RW Data)      21876 (  21.36kB)

==============================================================================

