Component: ARM Compiler 5.06 update 7 (build 960) Tool: armlink [4d3601]

==============================================================================

Section Cross References

    startup_stm32f10x_md.o(RESET) refers to startup_stm32f10x_md.o(STACK) for __initial_sp
    startup_stm32f10x_md.o(RESET) refers to startup_stm32f10x_md.o(.text) for Reset_Handler
    startup_stm32f10x_md.o(RESET) refers to stm32f10x_it.o(.text) for NMI_Handler
    startup_stm32f10x_md.o(RESET) refers to rtc.o(.text) for RTC_IRQHandler
    startup_stm32f10x_md.o(RESET) refers to key.o(.text) for EXTI0_IRQHandler
    startup_stm32f10x_md.o(RESET) refers to pwm.o(.text) for TIM2_IRQHandler
    startup_stm32f10x_md.o(RESET) refers to tim.o(.text) for TIM4_IRQHandler
    startup_stm32f10x_md.o(RESET) refers to uart.o(.text) for USART2_IRQHandler
    startup_stm32f10x_md.o(.text) refers to system_stm32f10x.o(.text) for SystemInit
    startup_stm32f10x_md.o(.text) refers to entry.o(.ARM.Collect$$$$00000000) for __main
    main.o(.text) refers to misc.o(.text) for NVIC_PriorityGroupConfig
    main.o(.text) refers to lcd.o(.text) for STM3210B_LCD_Init
    main.o(.text) refers to led.o(.text) for led_init
    main.o(.text) refers to key.o(.text) for key_init
    main.o(.text) refers to uart.o(.text) for uart_init
    main.o(.text) refers to i2c.o(.text) for i2c_init
    main.o(.text) refers to rtc.o(.text) for rtc_init
    main.o(.text) refers to tim.o(.text) for tim4_Init
    main.o(.text) refers to adc.o(.text) for adc_init
    main.o(.text) refers to dht11.o(.text) for dht11_init
    main.o(.text) refers to main.o(.data) for TimingDelay
    main.o(.text) refers to system_stm32f10x.o(.data) for SystemCoreClock
    main.o(.text) refers to led.o(.data) for led_state
    stm32f10x_it.o(.text) refers to main.o(.data) for TimingDelay
    system_stm32f10x.o(.text) refers to system_stm32f10x.o(.data) for SystemCoreClock
    stm32f10x_adc.o(.text) refers to stm32f10x_rcc.o(.text) for RCC_APB2PeriphResetCmd
    stm32f10x_bkp.o(.text) refers to stm32f10x_rcc.o(.text) for RCC_BackupResetCmd
    stm32f10x_can.o(.text) refers to stm32f10x_rcc.o(.text) for RCC_APB1PeriphResetCmd
    stm32f10x_cec.o(.text) refers to stm32f10x_rcc.o(.text) for RCC_APB1PeriphResetCmd
    stm32f10x_dac.o(.text) refers to stm32f10x_rcc.o(.text) for RCC_APB1PeriphResetCmd
    stm32f10x_gpio.o(.text) refers to stm32f10x_rcc.o(.text) for RCC_APB2PeriphResetCmd
    stm32f10x_i2c.o(.text) refers to stm32f10x_rcc.o(.text) for RCC_APB1PeriphResetCmd
    stm32f10x_pwr.o(.text) refers to stm32f10x_rcc.o(.text) for RCC_APB1PeriphResetCmd
    stm32f10x_rcc.o(.text) refers to stm32f10x_rcc.o(.data) for APBAHBPrescTable
    stm32f10x_spi.o(.text) refers to stm32f10x_rcc.o(.text) for RCC_APB2PeriphResetCmd
    stm32f10x_tim.o(.text) refers to stm32f10x_rcc.o(.text) for RCC_APB2PeriphResetCmd
    stm32f10x_usart.o(.text) refers to stm32f10x_rcc.o(.text) for RCC_APB2PeriphResetCmd
    stm32f10x_wwdg.o(.text) refers to stm32f10x_rcc.o(.text) for RCC_APB1PeriphResetCmd
    adc.o(.text) refers to stm32f10x_rcc.o(.text) for RCC_APB2PeriphClockCmd
    adc.o(.text) refers to stm32f10x_gpio.o(.text) for GPIO_Init
    adc.o(.text) refers to stm32f10x_adc.o(.text) for ADC_Init
    i2c.o(.text) refers to stm32f10x_gpio.o(.text) for GPIO_Init
    i2c.o(.text) refers to stm32f10x_rcc.o(.text) for RCC_APB2PeriphClockCmd
    i2c.o(.text) refers to main.o(.text) for Delay_Ms
    key.o(.text) refers to stm32f10x_rcc.o(.text) for RCC_APB2PeriphClockCmd
    key.o(.text) refers to stm32f10x_gpio.o(.text) for GPIO_Init
    key.o(.text) refers to stm32f10x_exti.o(.text) for EXTI_Init
    key.o(.text) refers to misc.o(.text) for NVIC_Init
    key.o(.text) refers to main.o(.text) for Delay_Ms
    key.o(.text) refers to lcd.o(.text) for LCD_Clear
    key.o(.text) refers to key.o(.data) for key_flag
    lcd.o(.text) refers to stm32f10x_gpio.o(.text) for GPIO_Init
    lcd.o(.text) refers to stm32f10x_rcc.o(.text) for RCC_APB2PeriphClockCmd
    lcd.o(.text) refers to lcd.o(.data) for dummy
    lcd.o(.text) refers to lcd.o(.constdata) for ASCII_Table
    led.o(.text) refers to stm32f10x_rcc.o(.text) for RCC_APB2PeriphClockCmd
    led.o(.text) refers to stm32f10x_gpio.o(.text) for GPIO_Init
    pwm.o(.text) refers to stm32f10x_rcc.o(.text) for RCC_APB1PeriphClockCmd
    pwm.o(.text) refers to stm32f10x_gpio.o(.text) for GPIO_Init
    pwm.o(.text) refers to misc.o(.text) for NVIC_Init
    pwm.o(.text) refers to stm32f10x_tim.o(.text) for TIM_TimeBaseInit
    pwm.o(.text) refers to ffltui.o(.text) for __aeabi_ui2f
    pwm.o(.text) refers to fmul.o(.text) for __aeabi_fmul
    pwm.o(.text) refers to fadd.o(.text) for __aeabi_fadd
    pwm.o(.text) refers to ffixui.o(.text) for __aeabi_f2uiz
    pwm.o(.text) refers to pwm.o(.data) for CCR1_Val
    pwm.o(.text) refers to printf1.o(i.__0printf$1) for __2printf
    rtc.o(.text) refers to stm32f10x_rcc.o(.text) for RCC_APB1PeriphClockCmd
[...]
    printf2.o(i.__0vprintf$2) refers to printf2.o(i._printf_core) for _printf_core
    printf2.o(i.__0vprintf$2) refers to uart.o(.text) for fputc
    printf2.o(i.__0vprintf$2) refers to stdout.o(.data) for __stdout
    printf2.o(i.__0vsnprintf$2) refers to printf2.o(i._printf_core) for _printf_core
    printf2.o(i.__0vsnprintf$2) refers to printf2.o(i._snputc) for _snputc
    printf2.o(i.__0vsprintf$2) refers to printf2.o(i._printf_core) for _printf_core
    printf2.o(i.__0vsprintf$2) refers to printf2.o(i._sputc) for _sputc
    printf3.o(i.__0fprintf$3) refers to printf3.o(i._printf_core) for _printf_core
    printf3.o(i.__0fprintf$3) refers to uart.o(.text) for fputc
    printf3.o(i.__0printf$3) refers to printf3.o(i._printf_core) for _printf_core
    printf3.o(i.__0printf$3) refers to uart.o(.text) for fputc
    printf3.o(i.__0printf$3) refers to stdout.o(.data) for __stdout
    printf3.o(i.__0snprintf$3) refers to printf3.o(i._printf_core) for _printf_core
    printf3.o(i.__0snprintf$3) refers to printf3.o(i._snputc) for _snputc
    printf3.o(i.__0sprintf$3) refers to printf3.o(i._printf_core) for _printf_core
    printf3.o(i.__0sprintf$3) refers to printf3.o(i._sputc) for _sputc
    printf3.o(i.__0vfprintf$3) refers to printf3.o(i._printf_core) for _printf_core
    printf3.o(i.__0vfprintf$3) refers to uart.o(.text) for fputc
    printf3.o(i.__0vprintf$3) refers to printf3.o(i._printf_core) for _printf_core
    printf3.o(i.__0vprintf$3) refers to uart.o(.text) for fputc
    printf3.o(i.__0vprintf$3) refers to stdout.o(.data) for __stdout
    printf3.o(i.__0vsnprintf$3) refers to printf3.o(i._printf_core) for _printf_core
    printf3.o(i.__0vsnprintf$3) refers to printf3.o(i._snputc) for _snputc
    printf3.o(i.__0vsprintf$3) refers to printf3.o(i._printf_core) for _printf_core
    printf3.o(i.__0vsprintf$3) refers to printf3.o(i._sputc) for _sputc
    printf3.o(i._printf_core) refers to uidiv.o(.text) for __aeabi_uidivmod
    printf4.o(i.__0fprintf$4) refers to printf4.o(i._printf_core) for _printf_core
    printf4.o(i.__0fprintf$4) refers to uart.o(.text) for fputc
    printf4.o(i.__0printf$4) refers to printf4.o(i._printf_core) for _printf_core
    printf4.o(i.__0printf$4) refers to uart.o(.text) for fputc
    printf4.o(i.__0printf$4) refers to stdout.o(.data) for __stdout
    printf4.o(i.__0snprintf$4) refers to printf4.o(i._printf_core) for _printf_core
    printf4.o(i.__0snprintf$4) refers to printf4.o(i._snputc) for _snputc
    printf4.o(i.__0sprintf$4) refers to printf4.o(i._printf_core) for _printf_core
    printf4.o(i.__0sprintf$4) refers to printf4.o(i._sputc) for _sputc
    printf4.o(i.__0vfprintf$4) refers to printf4.o(i._printf_core) for _printf_core
    printf4.o(i.__0vfprintf$4) refers to uart.o(.text) for fputc
    printf4.o(i.__0vprintf$4) refers to printf4.o(i._printf_core) for _printf_core
    printf4.o(i.__0vprintf$4) refers to uart.o(.text) for fputc
    printf4.o(i.__0vprintf$4) refers to stdout.o(.data) for __stdout
    printf4.o(i.__0vsnprintf$4) refers to printf4.o(i._printf_core) for _printf_core
    printf4.o(i.__0vsnprintf$4) refers to printf4.o(i._snputc) for _snputc
    printf4.o(i.__0vsprintf$4) refers to printf4.o(i._printf_core) for _printf_core
    printf4.o(i.__0vsprintf$4) refers to printf4.o(i._sputc) for _sputc
    printf4.o(i._printf_core) refers to uldiv.o(.text) for __aeabi_uldivmod
    printf5.o(i.__0fprintf$5) refers to printf5.o(i._printf_core) for _printf_core
    printf5.o(i.__0fprintf$5) refers to uart.o(.text) for fputc
    printf5.o(i.__0printf$5) refers to printf5.o(i._printf_core) for _printf_core
    printf5.o(i.__0printf$5) refers to uart.o(.text) for fputc
    printf5.o(i.__0printf$5) refers to stdout.o(.data) for __stdout
    printf5.o(i.__0snprintf$5) refers to printf5.o(i._printf_core) for _printf_core
    printf5.o(i.__0snprintf$5) refers to printf5.o(i._snputc) for _snputc
    printf5.o(i.__0sprintf$5) refers to printf5.o(i._printf_core) for _printf_core
    printf5.o(i.__0sprintf$5) refers to printf5.o(i._sputc) for _sputc
    printf5.o(i.__0vfprintf$5) refers to printf5.o(i._printf_core) for _printf_core
    printf5.o(i.__0vfprintf$5) refers to uart.o(.text) for fputc
    printf5.o(i.__0vprintf$5) refers to printf5.o(i._printf_core) for _printf_core
    printf5.o(i.__0vprintf$5) refers to uart.o(.text) for fputc
    printf5.o(i.__0vprintf$5) refers to stdout.o(.data) for __stdout
    printf5.o(i.__0vsnprintf$5) refers to printf5.o(i._printf_core) for _printf_core
    printf5.o(i.__0vsnprintf$5) refers to printf5.o(i._snputc) for _snputc
    printf5.o(i.__0vsprintf$5) refers to printf5.o(i._printf_core) for _printf_core
    printf5.o(i.__0vsprintf$5) refers to printf5.o(i._sputc) for _sputc
    printf5.o(i._printf_core) refers to uldiv.o(.text) for __aeabi_uldivmod
    printf6.o(i.__0fprintf$6) refers to printf6.o(i._printf_core) for _printf_core
    printf6.o(i.__0fprintf$6) refers to uart.o(.text) for fputc
    printf6.o(i.__0printf$6) refers to printf6.o(i._printf_core) for _printf_core
    printf6.o(i.__0printf$6) refers to uart.o(.text) for fputc
    printf6.o(i.__0printf$6) refers to stdout.o(.data) for __stdout
    printf6.o(i.__0snprintf$6) refers to printf6.o(i._printf_core) for _printf_core
    printf6.o(i.__0snprintf$6) refers to printf6.o(i._snputc) for _snputc
    printf6.o(i.__0sprintf$6) refers to printf6.o(i._printf_core) for _printf_core
    printf6.o(i.__0sprintf$6) refers to printf6.o(i._sputc) for _sputc
    printf6.o(i.__0vfprintf$6) refers to printf6.o(i._printf_core) for _printf_core
    printf6.o(i.__0vfprintf$6) refers to uart.o(.text) for fputc
    printf6.o(i.__0vprintf$6) refers to printf6.o(i._printf_core) for _printf_core
    printf6.o(i.__0vprintf$6) refers to uart.o(.text) for fputc
    printf6.o(i.__0vprintf$6) refers to stdout.o(.data) for __stdout
    printf6.o(i.__0vsnprintf$6) refers to printf6.o(i._printf_core) for _printf_core
    printf6.o(i.__0vsnprintf$6) refers to printf6.o(i._snputc) for _snputc
    printf6.o(i.__0vsprintf$6) refers to printf6.o(i._printf_core) for _printf_core
    printf6.o(i.__0vsprintf$6) refers to printf6.o(i._sputc) for _sputc
    printf6.o(i._printf_core) refers to printf6.o(i._printf_pre_padding) for _printf_pre_padding
    printf6.o(i._printf_core) refers to uidiv.o(.text) for __aeabi_uidivmod
    printf6.o(i._printf_core) refers to printf6.o(i._printf_post_padding) for _printf_post_padding
    printf7.o(i.__0fprintf$7) refers to printf7.o(i._printf_core) for _printf_core
    printf7.o(i.__0fprintf$7) refers to uart.o(.text) for fputc
    printf7.o(i.__0printf$7) refers to printf7.o(i._printf_core) for _printf_core
    printf7.o(i.__0printf$7) refers to uart.o(.text) for fputc
    printf7.o(i.__0printf$7) refers to stdout.o(.data) for __stdout
    printf7.o(i.__0snprintf$7) refers to printf7.o(i._printf_core) for _printf_core
    printf7.o(i.__0snprintf$7) refers to printf7.o(i._snputc) for _snputc
    printf7.o(i.__0sprintf$7) refers to printf7.o(i._printf_core) for _printf_core
    printf7.o(i.__0sprintf$7) refers to printf7.o(i._sputc) for _sputc
    printf7.o(i.__0vfprintf$7) refers to printf7.o(i._printf_core) for _printf_core
    printf7.o(i.__0vfprintf$7) refers to uart.o(.text) for fputc
    printf7.o(i.__0vprintf$7) refers to printf7.o(i._printf_core) for _printf_core
    printf7.o(i.__0vprintf$7) refers to uart.o(.text) for fputc
    printf7.o(i.__0vprintf$7) refers to stdout.o(.data) for __stdout
    printf7.o(i.__0vsnprintf$7) refers to printf7.o(i._printf_core) for _printf_core
    printf7.o(i.__0vsnprintf$7) refers to printf7.o(i._snputc) for _snputc
    printf7.o(i.__0vsprintf$7) refers to printf7.o(i._printf_core) for _printf_core
    printf7.o(i.__0vsprintf$7) refers to printf7.o(i._sputc) for _sputc
    printf7.o(i._printf_core) refers to printf7.o(i._printf_pre_padding) for _printf_pre_padding
    printf7.o(i._printf_core) refers to uldiv.o(.text) for __aeabi_uldivmod
    printf7.o(i._printf_core) refers to printf7.o(i._printf_post_padding) for _printf_post_padding
    printf8.o(i.__0fprintf$8) refers to printf8.o(i._printf_core) for _printf_core
    printf8.o(i.__0fprintf$8) refers to uart.o(.text) for fputc
    printf8.o(i.__0printf$8) refers to printf8.o(i._printf_core) for _printf_core
    printf8.o(i.__0printf$8) refers to uart.o(.text) for fputc
    printf8.o(i.__0printf$8) refers to stdout.o(.data) for __stdout
    printf8.o(i.__0snprintf$8) refers to printf8.o(i._printf_core) for _printf_core
    printf8.o(i.__0snprintf$8) refers to printf8.o(i._snputc) for _snputc
    printf8.o(i.__0sprintf$8) refers to printf8.o(i._printf_core) for _printf_core
    printf8.o(i.__0sprintf$8) refers to printf8.o(i._sputc) for _sputc
    printf8.o(i.__0vfprintf$8) refers to printf8.o(i._printf_core) for _printf_core
    printf8.o(i.__0vfprintf$8) refers to uart.o(.text) for fputc
    printf8.o(i.__0vprintf$8) refers to printf8.o(i._printf_core) for _printf_core
    printf8.o(i.__0vprintf$8) refers to uart.o(.text) for fputc
    printf8.o(i.__0vprintf$8) refers to stdout.o(.data) for __stdout
    printf8.o(i.__0vsnprintf$8) refers to printf8.o(i._printf_core) for _printf_core
    printf8.o(i.__0vsnprintf$8) refers to printf8.o(i._snputc) for _snputc
    printf8.o(i.__0vsprintf$8) refers to printf8.o(i._printf_core) for _printf_core
    printf8.o(i.__0vsprintf$8) refers to printf8.o(i._sputc) for _sputc
    printf8.o(i._printf_core) refers to printf8.o(i._printf_pre_padding) for _printf_pre_padding
    printf8.o(i._printf_core) refers to uldiv.o(.text) for __aeabi_uldivmod
    printf8.o(i._printf_core) refers to printf8.o(i._printf_post_padding) for _printf_post_padding
    printfa.o(i.__0fprintf) refers (Special) to iusefp.o(.text) for __I$use$fp
    printfa.o(i.__0fprintf) refers to printfa.o(i._printf_core) for _printf_core
    printfa.o(i.__0fprintf) refers to uart.o(.text) for fputc
    printfa.o(i.__0printf) refers (Special) to iusefp.o(.text) for __I$use$fp
    printfa.o(i.__0printf) refers to printfa.o(i._printf_core) for _printf_core
    printfa.o(i.__0printf) refers to uart.o(.text) for fputc
    printfa.o(i.__0printf) refers to stdout.o(.data) for __stdout
    printfa.o(i.__0snprintf) refers (Special) to iusefp.o(.text) for __I$use$fp
    printfa.o(i.__0snprintf) refers to printfa.o(i._printf_core) for _printf_core
    printfa.o(i.__0snprintf) refers to printfa.o(i._snputc) for _snputc
    printfa.o(i.__0sprintf) refers (Special) to iusefp.o(.text) for __I$use$fp
    printfa.o(i.__0sprintf) refers to printfa.o(i._printf_core) for _printf_core
    printfa.o(i.__0sprintf) refers to printfa.o(i._sputc) for _sputc
    printfa.o(i.__0vfprintf) refers (Special) to iusefp.o(.text) for __I$use$fp
    printfa.o(i.__0vfprintf) refers to printfa.o(i._printf_core) for _printf_core
    printfa.o(i.__0vfprintf) refers to uart.o(.text) for fputc
    printfa.o(i.__0vprintf) refers (Special) to iusefp.o(.text) for __I$use$fp
    printfa.o(i.__0vprintf) refers to printfa.o(i._printf_core) for _printf_core
    printfa.o(i.__0vprintf) refers to uart.o(.text) for fputc
    printfa.o(i.__0vprintf) refers to stdout.o(.data) for __stdout
    printfa.o(i.__0vsnprintf) refers (Special) to iusefp.o(.text) for __I$use$fp
    printfa.o(i.__0vsnprintf) refers to printfa.o(i._printf_core) for _printf_core
    printfa.o(i.__0vsnprintf) refers to printfa.o(i._snputc) for _snputc
    printfa.o(i.__0vsprintf) refers (Special) to iusefp.o(.text) for __I$use$fp
    printfa.o(i.__0vsprintf) refers to printfa.o(i._printf_core) for _printf_core
    printfa.o(i.__0vsprintf) refers to printfa.o(i._sputc) for _sputc
    printfa.o(i._fp_digits) refers (Special) to iusefp.o(.text) for __I$use$fp
    printfa.o(i._fp_digits) refers to dmul.o(.text) for __aeabi_dmul
    printfa.o(i._fp_digits) refers to ddiv.o(.text) for __aeabi_ddiv
    printfa.o(i._fp_digits) refers to cdrcmple.o(.text) for __aeabi_cdrcmple
    printfa.o(i._fp_digits) refers to dadd.o(.text) for __aeabi_dadd
    printfa.o(i._fp_digits) refers to dfixul.o(.text) for __aeabi_d2ulz
    printfa.o(i._fp_digits) refers to uldiv.o(.text) for __aeabi_uldivmod
    printfa.o(i._printf_core) refers (Special) to iusefp.o(.text) for __I$use$fp
    printfa.o(i._printf_core) refers to printfa.o(i._printf_pre_padding) for _printf_pre_padding
    printfa.o(i._printf_core) refers to uldiv.o(.text) for __aeabi_uldivmod
    printfa.o(i._printf_core) refers to printfa.o(i._printf_post_padding) for _printf_post_padding
    printfa.o(i._printf_core) refers to printfa.o(i._fp_digits) for _fp_digits
    printfa.o(i._printf_core) refers to uidiv.o(.text) for __aeabi_uidivmod
    printfa.o(i._printf_post_padding) refers (Special) to iusefp.o(.text) for __I$use$fp
    printfa.o(i._printf_pre_padding) refers (Special) to iusefp.o(.text) for __I$use$fp
    printfa.o(i._snputc) refers (Special) to iusefp.o(.text) for __I$use$fp
    printfa.o(i._sputc) refers (Special) to iusefp.o(.text) for __I$use$fp
    fadd.o(.text) refers (Special) to iusefp.o(.text) for __I$use$fp
    fadd.o(.text) refers to fepilogue.o(.text) for _float_epilogue
    fmul.o(.text) refers (Special) to iusefp.o(.text) for __I$use$fp
    fdiv.o(.text) refers (Special) to iusefp.o(.text) for __I$use$fp
    fdiv.o(.text) refers to fepilogue.o(.text) for _float_round
    fflti.o(.text) refers (Special) to iusefp.o(.text) for __I$use$fp
    fflti.o(.text) refers to fepilogue.o(.text) for _float_epilogue
    ffltui.o(.text) refers (Special) to iusefp.o(.text) for __I$use$fp
    ffltui.o(.text) refers to fepilogue.o(.text) for _float_epilogue
    ffixui.o(.text) refers (Special) to iusefp.o(.text) for __I$use$fp
    f2d.o(.text) refers (Special) to iusefp.o(.text) for __I$use$fp
    entry2.o(.ARM.Collect$$$$00000001) refers to entry2.o(.ARM.Collect$$$$00002712) for __lit__00000000
    entry2.o(.ARM.Collect$$$$00002712) refers to startup_stm32f10x_md.o(STACK) for __initial_sp
    entry2.o(__vectab_stack_and_reset_area) refers to startup_stm32f10x_md.o(STACK) for __initial_sp
    entry2.o(__vectab_stack_and_reset_area) refers to entry.o(.ARM.Collect$$$$00000000) for __main
    entry5.o(.ARM.Collect$$$$00000004) refers to init.o(.text) for __scatterload
    entry9a.o(.ARM.Collect$$$$0000000B) refers to main.o(.text) for main
    entry9b.o(.ARM.Collect$$$$0000000C) refers to main.o(.text) for main
    uldiv.o(.text) refers to llushr.o(.text) for __aeabi_llsr
    uldiv.o(.text) refers to llshl.o(.text) for __aeabi_llsl
    dadd.o(.text) refers to llshl.o(.text) for __aeabi_llsl
    dadd.o(.text) refers to llsshr.o(.text) for __aeabi_lasr
    dadd.o(.text) refers to depilogue.o(.text) for _double_epilogue
    dmul.o(.text) refers to depilogue.o(.text) for _double_epilogue
    ddiv.o(.text) refers to depilogue.o(.text) for _double_round
    dfixul.o(.text) refers to llushr.o(.text) for __aeabi_llsr
    dfixul.o(.text) refers to llshl.o(.text) for __aeabi_llsl
    init.o(.text) refers to entry5.o(.ARM.Collect$$$$00000004) for __main_after_scatterload
    depilogue.o(.text) refers to llshl.o(.text) for __aeabi_llsl
    depilogue.o(.text) refers to llushr.o(.text) for __aeabi_llsr


==============================================================================

Removing Unused input sections from the image.

    Removing core_cm3.o(.emb_text), (32 bytes).
    Removing startup_stm32f10x_md.o(HEAP), (512 bytes).
    Removing stm32f10x_can.o(.text), (2544 bytes).
    Removing stm32f10x_cec.o(.text), (288 bytes).
    Removing stm32f10x_crc.o(.text), (72 bytes).
    Removing stm32f10x_dac.o(.text), (396 bytes).
    Removing stm32f10x_dbgmcu.o(.text), (48 bytes).
    Removing stm32f10x_dma.o(.text), (596 bytes).
    Removing stm32f10x_flash.o(.text), (1468 bytes).
    Removing stm32f10x_fsmc.o(.text), (1548 bytes).
    Removing stm32f10x_i2c.o(.text), (1028 bytes).
    Removing stm32f10x_iwdg.o(.text), (64 bytes).
    Removing stm32f10x_sdio.o(.text), (468 bytes).
    Removing stm32f10x_spi.o(.text), (780 bytes).
    Removing stm32f10x_wwdg.o(.text), (136 bytes).
    Removing buzz.o(.text), (52 bytes).
    Removing ds18b20.o(.text), (400 bytes).
    Removing display.o(.bss), (30 bytes).
    Removing exkey.o(.text), (328 bytes).
    Removing smg.o(.text), (44 bytes).
    Removing fdiv.o(.text), (124 bytes).
    Removing fflti.o(.text), (18 bytes).
    Removing f2d.o(.text), (38 bytes).
    Removing dadd.o(.text), (334 bytes).
    Removing dmul.o(.text), (228 bytes).
    Removing ddiv.o(.text), (222 bytes).
    Removing dfixul.o(.text), (48 bytes).
    Removing cdrcmple.o(.text), (48 bytes).
    Removing depilogue.o(.text), (186 bytes).

29 unused section(s) (total 12080 bytes) removed from the image.

==============================================================================

Image Symbol Table

    Local Symbols

    Symbol Name                              Value     Ov Type        Size  Object(Section)

    ../clib/microlib/division.c              0x00000000   Number         0  uidiv.o ABSOLUTE
    ../clib/microlib/division.c              0x00000000   Number         0  uldiv.o ABSOLUTE
    ../clib/microlib/init/entry.s            0x00000000   Number         0  entry7b.o ABSOLUTE
    ../clib/microlib/init/entry.s            0x00000000   Number         0  entry9a.o ABSOLUTE
    ../clib/microlib/init/entry.s            0x00000000   Number         0  entry5.o ABSOLUTE
    ../clib/microlib/init/entry.s            0x00000000   Number         0  entry8b.o ABSOLUTE
    ../clib/microlib/init/entry.s            0x00000000   Number         0  entry2.o ABSOLUTE
    ../clib/microlib/init/entry.s            0x00000000   Number         0  entry12b.o ABSOLUTE
    ../clib/microlib/init/entry.s            0x00000000   Number         0  entry12a.o ABSOLUTE
    ../clib/microlib/init/entry.s            0x00000000   Number         0  entry7a.o ABSOLUTE
    ../clib/microlib/init/entry.s            0x00000000   Number         0  entry11b.o ABSOLUTE
    ../clib/microlib/init/entry.s            0x00000000   Number         0  entry8a.o ABSOLUTE
    ../clib/microlib/init/entry.s            0x00000000   Number         0  entry.o ABSOLUTE
    ../clib/microlib/init/entry.s            0x00000000   Number         0  entry10b.o ABSOLUTE
    ../clib/microlib/init/entry.s            0x00000000   Number         0  entry10a.o ABSOLUTE
    ../clib/microlib/init/entry.s            0x00000000   Number         0  entry9b.o ABSOLUTE
    ../clib/microlib/init/entry.s            0x00000000   Number         0  entry11a.o ABSOLUTE
    ../clib/microlib/longlong.c              0x00000000   Number         0  llsshr.o ABSOLUTE
    ../clib/microlib/longlong.c              0x00000000   Number         0  llushr.o ABSOLUTE
    ../clib/microlib/longlong.c              0x00000000   Number         0  llshl.o ABSOLUTE
    ../clib/microlib/printf/printf.c         0x00000000   Number         0  printfb.o ABSOLUTE
    ../clib/microlib/printf/printf.c         0x00000000   Number         0  printf0.o ABSOLUTE
    ../clib/microlib/printf/printf.c         0x00000000   Number         0  printf1.o ABSOLUTE
    ../clib/microlib/printf/printf.c         0x00000000   Number         0  printf2.o ABSOLUTE
    ../clib/microlib/printf/printf.c         0x00000000   Number         0  printf8.o ABSOLUTE
    ../clib/microlib/printf/printf.c         0x00000000   Number         0  printf6.o ABSOLUTE
    ../clib/microlib/printf/printf.c         0x00000000   Number         0  printf5.o ABSOLUTE
    ../clib/microlib/printf/printf.c         0x00000000   Number         0  printf7.o ABSOLUTE
    ../clib/microlib/printf/printf.c         0x00000000   Number         0  printfa.o ABSOLUTE
    ../clib/microlib/printf/printf.c         0x00000000   Number         0  printf3.o ABSOLUTE
    ../clib/microlib/printf/printf.c         0x00000000   Number         0  printf4.o ABSOLUTE
    ../clib/microlib/printf/stubs.s          0x00000000   Number         0  stubs.o ABSOLUTE
    ../clib/microlib/stdio/streams.c         0x00000000   Number         0  stdout.o ABSOLUTE
    ../clib/microlib/stubs.s                 0x00000000   Number         0  iusefp.o ABSOLUTE
    ../fplib/microlib/f2d.c                  0x00000000   Number         0  f2d.o ABSOLUTE
    ../fplib/microlib/fpadd.c                0x00000000   Number         0  fadd.o ABSOLUTE
    ../fplib/microlib/fpadd.c                0x00000000   Number         0  dadd.o ABSOLUTE
    ../fplib/microlib/fpdiv.c                0x00000000   Number         0  ddiv.o ABSOLUTE
    ../fplib/microlib/fpdiv.c                0x00000000   Number         0  fdiv.o ABSOLUTE
    ../fplib/microlib/fpepilogue.c           0x00000000   Number         0  fepilogue.o ABSOLUTE
    ../fplib/microlib/fpepilogue.c           0x00000000   Number         0  depilogue.o ABSOLUTE
    ../fplib/microlib/fpfix.c                0x00000000   Number         0  ffixui.o ABSOLUTE
    ../fplib/microlib/fpfix.c                0x00000000   Number         0  dfixul.o ABSOLUTE
    ../fplib/microlib/fpflt.c                0x00000000   Number         0  fflti.o ABSOLUTE
    ../fplib/microlib/fpflt.c                0x00000000   Number         0  ffltui.o ABSOLUTE
    ../fplib/microlib/fpmul.c                0x00000000   Number         0  fmul.o ABSOLUTE
    ../fplib/microlib/fpmul.c                0x00000000   Number         0  dmul.o ABSOLUTE
    ..\CORE\core_cm3.c                       0x00000000   Number         0  core_cm3.o ABSOLUTE
    ..\CORE\startup_stm32f10x_md.s           0x00000000   Number         0  startup_stm32f10x_md.o ABSOLUTE
    ..\FWLIB\src\misc.c                      0x00000000   Number         0  misc.o ABSOLUTE
    ..\FWLIB\src\stm32f10x_adc.c             0x00000000   Number         0  stm32f10x_adc.o ABSOLUTE
    ..\FWLIB\src\stm32f10x_bkp.c             0x00000000   Number         0  stm32f10x_bkp.o ABSOLUTE
    ..\FWLIB\src\stm32f10x_can.c             0x00000000   Number         0  stm32f10x_can.o ABSOLUTE
    ..\FWLIB\src\stm32f10x_cec.c             0x00000000   Number         0  stm32f10x_cec.o ABSOLUTE
    ..\FWLIB\src\stm32f10x_crc.c             0x00000000   Number         0  stm32f10x_crc.o ABSOLUTE
    ..\FWLIB\src\stm32f10x_dac.c             0x00000000   Number         0  stm32f10x_dac.o ABSOLUTE
    ..\FWLIB\src\stm32f10x_dbgmcu.c          0x00000000   Number         0  stm32f10x_dbgmcu.o ABSOLUTE
    ..\FWLIB\src\stm32f10x_dma.c             0x00000000   Number         0  stm32f10x_dma.o ABSOLUTE
    ..\FWLIB\src\stm32f10x_exti.c            0x00000000   Number         0  stm32f10x_exti.o ABSOLUTE
    ..\FWLIB\src\stm32f10x_flash.c           0x00000000   Number         0  stm32f10x_flash.o ABSOLUTE
    ..\FWLIB\src\stm32f10x_fsmc.c            0x00000000   Number         0  stm32f10x_fsmc.o ABSOLUTE
    ..\FWLIB\src\stm32f10x_gpio.c            0x00000000   Number         0  stm32f10x_gpio.o ABSOLUTE
    ..\FWLIB\src\stm32f10x_i2c.c             0x00000000   Number         0  stm32f10x_i2c.o ABSOLUTE
    ..\FWLIB\src\stm32f10x_iwdg.c            0x00000000   Number         0  stm32f10x_iwdg.o ABSOLUTE
    ..\FWLIB\src\stm32f10x_pwr.c             0x00000000   Number         0  stm32f10x_pwr.o ABSOLUTE
    ..\FWLIB\src\stm32f10x_rcc.c             0x00000000   Number         0  stm32f10x_rcc.o ABSOLUTE
    ..\FWLIB\src\stm32f10x_rtc.c             0x00000000   Number         0  stm32f10x_rtc.o ABSOLUTE
    ..\FWLIB\src\stm32f10x_sdio.c            0x00000000   Number         0  stm32f10x_sdio.o ABSOLUTE
    ..\FWLIB\src\stm32f10x_spi.c             0x00000000   Number         0  stm32f10x_spi.o ABSOLUTE
    ..\FWLIB\src\stm32f10x_tim.c             0x00000000   Number         0  stm32f10x_tim.o ABSOLUTE
    ..\FWLIB\src\stm32f10x_usart.c           0x00000000   Number         0  stm32f10x_usart.o ABSOLUTE
    ..\FWLIB\src\stm32f10x_wwdg.c            0x00000000   Number         0  stm32f10x_wwdg.o ABSOLUTE
    ..\HARDWARE\adc.c                        0x00000000   Number         0  adc.o ABSOLUTE
    ..\HARDWARE\buzz.c                       0x00000000   Number         0  buzz.o ABSOLUTE
    ..\HARDWARE\dht11.c                      0x00000000   Number         0  dht11.o ABSOLUTE
    ..\HARDWARE\display.c                    0x00000000   Number         0  display.o ABSOLUTE
    ..\HARDWARE\ds18b20.c                    0x00000000   Number         0  ds18b20.o ABSOLUTE
    ..\HARDWARE\exkey.c                      0x00000000   Number         0  exkey.o ABSOLUTE
    ..\HARDWARE\i2c.c                        0x00000000   Number         0  i2c.o ABSOLUTE
    ..\HARDWARE\key.c                        0x00000000   Number         0  key.o ABSOLUTE
    ..\HARDWARE\lcd.c                        0x00000000   Number         0  lcd.o ABSOLUTE
    ..\HARDWARE\led.c                        0x00000000   Number         0  led.o ABSOLUTE
    ..\HARDWARE\pwm.c                        0x00000000   Number         0  pwm.o ABSOLUTE
    ..\HARDWARE\rtc.c                        0x00000000   Number         0  rtc.o ABSOLUTE
    ..\HARDWARE\smg.c                        0x00000000   Number         0  smg.o ABSOLUTE
    ..\HARDWARE\tim.c                        0x00000000   Number         0  tim.o ABSOLUTE
    ..\HARDWARE\uart.c                       0x00000000   Number         0  uart.o ABSOLUTE
    ..\\CORE\\core_cm3.c                     0x00000000   Number         0  core_cm3.o ABSOLUTE
    cdrcmple.s                               0x00000000   Number         0  cdrcmple.o ABSOLUTE
    dc.s                                     0x00000000   Number         0  dc.o ABSOLUTE
    handlers.s                               0x00000000   Number         0  handlers.o ABSOLUTE
    init.s                                   0x00000000   Number         0  init.o ABSOLUTE
    main.c                                   0x00000000   Number         0  main.o ABSOLUTE
    stm32f10x_it.c                           0x00000000   Number         0  stm32f10x_it.o ABSOLUTE
    system_stm32f10x.c                       0x00000000   Number         0  system_stm32f10x.o ABSOLUTE
    RESET                                    0x08000000   Section      236  startup_stm32f10x_md.o(RESET)
    .ARM.Collect$$$$00000000                 0x080000ec   Section        0  entry.o(.ARM.Collect$$$$00000000)
    .ARM.Collect$$$$00000001                 0x080000ec   Section        4  entry2.o(.ARM.Collect$$$$00000001)
    .ARM.Collect$$$$00000004                 0x080000f0   Section        4  entry5.o(.ARM.Collect$$$$00000004)
    .ARM.Collect$$$$00000008                 0x080000f4   Section        0  entry7b.o(.ARM.Collect$$$$00000008)
    .ARM.Collect$$$$0000000A                 0x080000f4   Section        0  entry8b.o(.ARM.Collect$$$$0000000A)
    .ARM.Collect$$$$0000000B                 0x080000f4   Section        8  entry9a.o(.ARM.Collect$$$$0000000B)
    .ARM.Collect$$$$0000000E                 0x080000fc   Section        4  entry12b.o(.ARM.Collect$$$$0000000E)
    .ARM.Collect$$$$0000000F                 0x08000100   Section        0  entry10a.o(.ARM.Collect$$$$0000000F)
    .ARM.Collect$$$$00000011                 0x08000100   Section        0  entry11a.o(.ARM.Collect$$$$00000011)
    .ARM.Collect$$$$00002712                 0x08000100   Section        4  entry2.o(.ARM.Collect$$$$00002712)
    __lit__00000000                          0x08000100   Data           4  entry2.o(.ARM.Collect$$$$00002712)
    .text                                    0x08000104   Section       36  startup_stm32f10x_md.o(.text)
    .text                                    0x08000128   Section        0  main.o(.text)
    .text                                    0x080001f8   Section        0  stm32f10x_it.o(.text)
    .text                                    0x08000220   Section        0  system_stm32f10x.o(.text)
    SetSysClockTo72                          0x08000221   Thumb Code   214  system_stm32f10x.o(.text)
    SetSysClock                              0x080002f7   Thumb Code     8  system_stm32f10x.o(.text)
    .text                                    0x08000400   Section        0  misc.o(.text)
    .text                                    0x080004dc   Section        0  stm32f10x_adc.o(.text)
    .text                                    0x0800092c   Section        0  stm32f10x_bkp.o(.text)
    .text                                    0x080009f0   Section        0  stm32f10x_exti.o(.text)
    .text                                    0x08000b0c   Section        0  stm32f10x_gpio.o(.text)
    .text                                    0x08000e68   Section        0  stm32f10x_pwr.o(.text)
    .text                                    0x08000f34   Section        0  stm32f10x_rcc.o(.text)
    .text                                    0x080012d8   Section        0  stm32f10x_rtc.o(.text)
    .text                                    0x08001420   Section        0  stm32f10x_tim.o(.text)
    TI4_Config                               0x080018c7   Thumb Code   130  stm32f10x_tim.o(.text)
    TI3_Config                               0x0800195b   Thumb Code   122  stm32f10x_tim.o(.text)
    TI2_Config                               0x080019ef   Thumb Code   130  stm32f10x_tim.o(.text)
    TI1_Config                               0x08001a83   Thumb Code   108  stm32f10x_tim.o(.text)
    .text                                    0x0800223c   Section        0  stm32f10x_usart.o(.text)
    .text                                    0x08002644   Section        0  adc.o(.text)
    .text                                    0x080026f8   Section        0  i2c.o(.text)
    .text                                    0x08002a90   Section        0  key.o(.text)
    .text                                    0x08002d04   Section        0  lcd.o(.text)
    .text                                    0x08003744   Section        0  led.o(.text)
    .text                                    0x080037b8   Section        0  pwm.o(.text)
    .text                                    0x08003cbc   Section        0  rtc.o(.text)
    .text                                    0x08003dd0   Section        0  tim.o(.text)
    .text                                    0x08003e44   Section        0  uart.o(.text)
    .text                                    0x08003f60   Section        0  dht11.o(.text)
    .text                                    0x08004140   Section        0  fadd.o(.text)
    .text                                    0x080041f0   Section        0  fmul.o(.text)
    .text                                    0x08004254   Section        0  ffltui.o(.text)
    .text                                    0x0800425e   Section        0  ffixui.o(.text)
    .text                                    0x08004286   Section        0  uidiv.o(.text)
    .text                                    0x080042b2   Section        0  iusefp.o(.text)
    .text                                    0x080042b2   Section        0  fepilogue.o(.text)
    .text                                    0x08004320   Section       36  init.o(.text)
    i.__0printf$1                            0x08004344   Section        0  printf1.o(i.__0printf$1)
    i.__0sprintf$1                           0x08004364   Section        0  printf1.o(i.__0sprintf$1)
    i.__scatterload_copy                     0x0800438c   Section       14  handlers.o(i.__scatterload_copy)
    i.__scatterload_null                     0x0800439a   Section        2  handlers.o(i.__scatterload_null)
    i.__scatterload_zeroinit                 0x0800439c   Section       14  handlers.o(i.__scatterload_zeroinit)
    i._printf_core                           0x080043ac   Section        0  printf1.o(i._printf_core)
    _printf_core                             0x080043ad   Thumb Code   336  printf1.o(i._printf_core)
    i._sputc                                 0x08004500   Section        0  printf1.o(i._sputc)
    _sputc                                   0x08004501   Thumb Code    10  printf1.o(i._sputc)
    .constdata                               0x0800450a   Section     4560  lcd.o(.constdata)
    .data                                    0x20000000   Section       16  main.o(.data)
    .data                                    0x20000010   Section       20  system_stm32f10x.o(.data)
    .data                                    0x20000024   Section       20  stm32f10x_rcc.o(.data)
    APBAHBPrescTable                         0x20000024   Data          16  stm32f10x_rcc.o(.data)
    ADCPrescTable                            0x20000034   Data           4  stm32f10x_rcc.o(.data)
    .data                                    0x20000038   Section        1  key.o(.data)
    .data                                    0x2000003a   Section        6  lcd.o(.data)
    TextColor                                0x2000003a   Data           2  lcd.o(.data)
    BackColor                                0x2000003c   Data           2  lcd.o(.data)
    .data                                    0x20000040   Section        1  led.o(.data)
    .data                                    0x20000044   Section       46  pwm.o(.data)
    IC1Value_temp                            0x20000070   Data           2  pwm.o(.data)
    .data                                    0x20000072   Section        2  uart.o(.data)
    .data                                    0x20000074   Section        4  stdout.o(.data)
    .bss                                     0x20000078   Section       30  uart.o(.bss)
    STACK                                    0x20000098   Section     1024  startup_stm32f10x_md.o(STACK)

    Global Symbols

    Symbol Name                              Value     Ov Type        Size  Object(Section)

    BuildAttributes$$THM_ISAv4$P$D$K$B$S$PE$A:L22UL41UL21$X:L11$S22US41US21$IEEE1$IW$USESV6$~STKCKD$USESV7$~SHL$OTIME$ROPI$EBA8$MICROLIB$REQ8$PRES8$EABIv2 0x00000000   Number         0  anon$$obj.o ABSOLUTE
    __ARM_use_no_argv                        0x00000000   Number         0  main.o ABSOLUTE
    _printf_a                                0x00000000   Number         0  stubs.o ABSOLUTE
    _printf_c                                0x00000000   Number         0  stubs.o ABSOLUTE
    _printf_charcount                        0x00000000   Number         0  stubs.o ABSOLUTE
    _printf_d                                0x00000000   Number         0  stubs.o ABSOLUTE
    _printf_e                                0x00000000   Number         0  stubs.o ABSOLUTE
    _printf_f                                0x00000000   Number         0  stubs.o ABSOLUTE
    _printf_flags                            0x00000000   Number         0  stubs.o ABSOLUTE
    _printf_fp_dec                           0x00000000   Number         0  stubs.o ABSOLUTE
    _printf_fp_hex                           0x00000000   Number         0  stubs.o ABSOLUTE
    _printf_g                                0x00000000   Number         0  stubs.o ABSOLUTE
    _printf_i                                0x00000000   Number         0  stubs.o ABSOLUTE
    _printf_int_dec                          0x00000000   Number         0  stubs.o ABSOLUTE
    _printf_l                                0x00000000   Number         0  stubs.o ABSOLUTE
    _printf_lc                               0x00000000   Number         0  stubs.o ABSOLUTE
    _printf_ll                               0x00000000   Number         0  stubs.o ABSOLUTE
    _printf_lld                              0x00000000   Number         0  stubs.o ABSOLUTE
    _printf_lli                              0x00000000   Number         0  stubs.o ABSOLUTE
    _printf_llo                              0x00000000   Number         0  stubs.o ABSOLUTE
    _printf_llu                              0x00000000   Number         0  stubs.o ABSOLUTE
    _printf_llx                              0x00000000   Number         0  stubs.o ABSOLUTE
    _printf_longlong_dec                     0x00000000   Number         0  stubs.o ABSOLUTE
    _printf_longlong_hex                     0x00000000   Number         0  stubs.o ABSOLUTE
    _printf_longlong_oct                     0x00000000   Number         0  stubs.o ABSOLUTE
    _printf_ls                               0x00000000   Number         0  stubs.o ABSOLUTE
    _printf_mbtowc                           0x00000000   Number         0  stubs.o ABSOLUTE
    _printf_n                                0x00000000   Number         0  stubs.o ABSOLUTE
    _printf_o                                0x00000000   Number         0  stubs.o ABSOLUTE
    _printf_p                                0x00000000   Number         0  stubs.o ABSOLUTE
    _printf_percent                          0x00000000   Number         0  stubs.o ABSOLUTE
    _printf_pre_padding                      0x00000000   Number         0  stubs.o ABSOLUTE
    _printf_return_value                     0x00000000   Number         0  stubs.o ABSOLUTE
    _printf_s                                0x00000000   Number         0  stubs.o ABSOLUTE
    _printf_sizespec                         0x00000000   Number         0  stubs.o ABSOLUTE
    _printf_str                              0x00000000   Number         0  stubs.o ABSOLUTE
    _printf_truncate_signed                  0x00000000   Number         0  stubs.o ABSOLUTE
    _printf_truncate_unsigned                0x00000000   Number         0  stubs.o ABSOLUTE
    _printf_u                                0x00000000   Number         0  stubs.o ABSOLUTE
    _printf_wc                               0x00000000   Number         0  stubs.o ABSOLUTE
    _printf_wctomb                           0x00000000   Number         0  stubs.o ABSOLUTE
    _printf_widthprec                        0x00000000   Number         0  stubs.o ABSOLUTE
    _printf_x                                0x00000000   Number         0  stubs.o ABSOLUTE
    __arm_fini_                               - Undefined Weak Reference
    __cpp_initialize__aeabi_                  - Undefined Weak Reference
    __cxa_finalize                            - Undefined Weak Reference
    __decompress                              - Undefined Weak Reference
    _clock_init                               - Undefined Weak Reference
    _microlib_exit                            - Undefined Weak Reference
    __Vectors_Size                           0x000000ec   Number         0  startup_stm32f10x_md.o ABSOLUTE
    __Vectors                                0x08000000   Data           4  startup_stm32f10x_md.o(RESET)
    __Vectors_End                            0x080000ec   Data           0  startup_stm32f10x_md.o(RESET)
    __main                                   0x080000ed   Thumb Code     0  entry.o(.ARM.Collect$$$$00000000)
    _main_stk                                0x080000ed   Thumb Code     0  entry2.o(.ARM.Collect$$$$00000001)
    _main_scatterload                        0x080000f1   Thumb Code     0  entry5.o(.ARM.Collect$$$$00000004)
    __main_after_scatterload                 0x080000f5   Thumb Code     0  entry5.o(.ARM.Collect$$$$00000004)
    _main_clock                              0x080000f5   Thumb Code     0  entry7b.o(.ARM.Collect$$$$00000008)
    _main_cpp_init                           0x080000f5   Thumb Code     0  entry8b.o(.ARM.Collect$$$$0000000A)
    _main_init                               0x080000f5   Thumb Code     0  entry9a.o(.ARM.Collect$$$$0000000B)
    __rt_lib_shutdown_fini                   0x080000fd   Thumb Code     0  entry12b.o(.ARM.Collect$$$$0000000E)
    __rt_final_cpp                           0x08000101   Thumb Code     0  entry10a.o(.ARM.Collect$$$$0000000F)
    __rt_final_exit                          0x08000101   Thumb Code     0  entry11a.o(.ARM.Collect$$$$00000011)
    Reset_Handler                            0x08000105   Thumb Code     8  startup_stm32f10x_md.o(.text)
    ADC1_2_IRQHandler                        0x0800011f   Thumb Code     0  startup_stm32f10x_md.o(.text)
    CAN1_RX1_IRQHandler                      0x0800011f   Thumb Code     0  startup_stm32f10x_md.o(.text)
    CAN1_SCE_IRQHandler                      0x0800011f   Thumb Code     0  startup_stm32f10x_md.o(.text)
    DMA1_Channel1_IRQHandler                 0x0800011f   Thumb Code     0  startup_stm32f10x_md.o(.text)
    DMA1_Channel2_IRQHandler                 0x0800011f   Thumb Code     0  startup_stm32f10x_md.o(.text)
    DMA1_Channel3_IRQHandler                 0x0800011f   Thumb Code     0  startup_stm32f10x_md.o(.text)
    DMA1_Channel4_IRQHandler                 0x0800011f   Thumb Code     0  startup_stm32f10x_md.o(.text)
    DMA1_Channel5_IRQHandler                 0x0800011f   Thumb Code     0  startup_stm32f10x_md.o(.text)
    DMA1_Channel6_IRQHandler                 0x0800011f   Thumb Code     0  startup_stm32f10x_md.o(.text)
    DMA1_Channel7_IRQHandler                 0x0800011f   Thumb Code     0  startup_stm32f10x_md.o(.text)
    EXTI15_10_IRQHandler                     0x0800011f   Thumb Code     0  startup_stm32f10x_md.o(.text)
    EXTI3_IRQHandler                         0x0800011f   Thumb Code     0  startup_stm32f10x_md.o(.text)
    EXTI4_IRQHandler                         0x0800011f   Thumb Code     0  startup_stm32f10x_md.o(.text)
    FLASH_IRQHandler                         0x0800011f   Thumb Code     0  startup_stm32f10x_md.o(.text)
    I2C1_ER_IRQHandler                       0x0800011f   Thumb Code     0  startup_stm32f10x_md.o(.text)
    I2C1_EV_IRQHandler                       0x0800011f   Thumb Code     0  startup_stm32f10x_md.o(.text)
    I2C2_ER_IRQHandler                       0x0800011f   Thumb Code     0  startup_stm32f10x_md.o(.text)
    I2C2_EV_IRQHandler                       0x0800011f   Thumb Code     0  startup_stm32f10x_md.o(.text)
    PVD_IRQHandler                           0x0800011f   Thumb Code     0  startup_stm32f10x_md.o(.text)
    RCC_IRQHandler                           0x0800011f   Thumb Code     0  startup_stm32f10x_md.o(.text)
    RTCAlarm_IRQHandler                      0x0800011f   Thumb Code     0  startup_stm32f10x_md.o(.text)
    SPI1_IRQHandler                          0x0800011f   Thumb Code     0  startup_stm32f10x_md.o(.text)
    SPI2_IRQHandler                          0x0800011f   Thumb Code     0  startup_stm32f10x_md.o(.text)
    TAMPER_IRQHandler                        0x0800011f   Thumb Code     0  startup_stm32f10x_md.o(.text)
    TIM1_BRK_IRQHandler                      0x0800011f   Thumb Code     0  startup_stm32f10x_md.o(.text)
    TIM1_CC_IRQHandler                       0x0800011f   Thumb Code     0  startup_stm32f10x_md.o(.text)
    TIM1_TRG_COM_IRQHandler                  0x0800011f   Thumb Code     0  startup_stm32f10x_md.o(.text)
    TIM1_UP_IRQHandler                       0x0800011f   Thumb Code     0  startup_stm32f10x_md.o(.text)
    USART1_IRQHandler                        0x0800011f   Thumb Code     0  startup_stm32f10x_md.o(.text)
    USART3_IRQHandler                        0x0800011f   Thumb Code     0  startup_stm32f10x_md.o(.text)
    USBWakeUp_IRQHandler                     0x0800011f   Thumb Code     0  startup_stm32f10x_md.o(.text)
    USB_HP_CAN1_TX_IRQHandler                0x0800011f   Thumb Code     0  startup_stm32f10x_md.o(.text)
    USB_LP_CAN1_RX0_IRQHandler               0x0800011f   Thumb Code     0  startup_stm32f10x_md.o(.text)
    WWDG_IRQHandler                          0x0800011f   Thumb Code     0  startup_stm32f10x_md.o(.text)
    Delay_Ms                                 0x08000129   Thumb Code    16  main.o(.text)
    main                                     0x08000139   Thumb Code   170  main.o(.text)
    NMI_Handler                              0x080001f9   Thumb Code     2  stm32f10x_it.o(.text)
    HardFault_Handler                        0x080001fb   Thumb Code     4  stm32f10x_it.o(.text)
    MemManage_Handler                        0x080001ff   Thumb Code     4  stm32f10x_it.o(.text)
    BusFault_Handler                         0x08000203   Thumb Code     4  stm32f10x_it.o(.text)
    UsageFault_Handler                       0x08000207   Thumb Code     4  stm32f10x_it.o(.text)
    SVC_Handler                              0x0800020b   Thumb Code     2  stm32f10x_it.o(.text)
    DebugMon_Handler                         0x0800020d   Thumb Code     2  stm32f10x_it.o(.text)
    PendSV_Handler                           0x0800020f   Thumb Code     2  stm32f10x_it.o(.text)
    SysTick_Handler                          0x08000211   Thumb Code    12  stm32f10x_it.o(.text)
    SystemInit                               0x080002ff   Thumb Code    78  system_stm32f10x.o(.text)
    SystemCoreClockUpdate                    0x0800034d   Thumb Code   142  system_stm32f10x.o(.text)
    NVIC_PriorityGroupConfig                 0x08000401   Thumb Code    10  misc.o(.text)
    NVIC_Init                                0x0800040b   Thumb Code   100  misc.o(.text)
    NVIC_SetVectorTable                      0x0800046f   Thumb Code    14  misc.o(.text)
    NVIC_SystemLPConfig                      0x0800047d   Thumb Code    34  misc.o(.text)
    SysTick_CLKSourceConfig                  0x0800049f   Thumb Code    40  misc.o(.text)
    ADC_DeInit                               0x080004dd   Thumb Code    78  stm32f10x_adc.o(.text)
    ADC_Init                                 0x0800052b   Thumb Code    70  stm32f10x_adc.o(.text)
    ADC_StructInit                           0x08000571   Thumb Code    18  stm32f10x_adc.o(.text)
    ADC_Cmd                                  0x08000583   Thumb Code    22  stm32f10x_adc.o(.text)
    ADC_DMACmd                               0x08000599   Thumb Code    22  stm32f10x_adc.o(.text)
    ADC_ITConfig                             0x080005af   Thumb Code    24  stm32f10x_adc.o(.text)
    ADC_ResetCalibration                     0x080005c7   Thumb Code    10  stm32f10x_adc.o(.text)
    ADC_GetResetCalibrationStatus            0x080005d1   Thumb Code    20  stm32f10x_adc.o(.text)
    ADC_StartCalibration                     0x080005e5   Thumb Code    10  stm32f10x_adc.o(.text)
    ADC_GetCalibrationStatus                 0x080005ef   Thumb Code    20  stm32f10x_adc.o(.text)
    ADC_SoftwareStartConvCmd                 0x08000603   Thumb Code    22  stm32f10x_adc.o(.text)
    ADC_GetSoftwareStartConvStatus           0x08000619   Thumb Code    20  stm32f10x_adc.o(.text)
    ADC_DiscModeChannelCountConfig           0x0800062d   Thumb Code    24  stm32f10x_adc.o(.text)
    ADC_DiscModeCmd                          0x08000645   Thumb Code    22  stm32f10x_adc.o(.text)
    ADC_RegularChannelConfig                 0x0800065b   Thumb Code   184  stm32f10x_adc.o(.text)
    ADC_ExternalTrigConvCmd                  0x08000713   Thumb Code    22  stm32f10x_adc.o(.text)
    ADC_GetConversionValue                   0x08000729   Thumb Code     8  stm32f10x_adc.o(.text)
    ADC_GetDualModeConversionValue           0x08000731   Thumb Code     8  stm32f10x_adc.o(.text)
    ADC_AutoInjectedConvCmd                  0x08000739   Thumb Code    22  stm32f10x_adc.o(.text)
    ADC_InjectedDiscModeCmd                  0x0800074f   Thumb Code    22  stm32f10x_adc.o(.text)
    ADC_ExternalTrigInjectedConvConfig       0x08000765   Thumb Code    16  stm32f10x_adc.o(.text)
    ADC_ExternalTrigInjectedConvCmd          0x08000775   Thumb Code    22  stm32f10x_adc.o(.text)
    ADC_SoftwareStartInjectedConvCmd         0x0800078b   Thumb Code    22  stm32f10x_adc.o(.text)
    ADC_GetSoftwareStartInjectedConvCmdStatus 0x080007a1   Thumb Code    20  stm32f10x_adc.o(.text)
    ADC_InjectedChannelConfig                0x080007b5   Thumb Code   130  stm32f10x_adc.o(.text)
    ADC_InjectedSequencerLengthConfig        0x08000837   Thumb Code    24  stm32f10x_adc.o(.text)
    ADC_SetInjectedOffset                    0x0800084f   Thumb Code    20  stm32f10x_adc.o(.text)
    ADC_GetInjectedConversionValue           0x08000863   Thumb Code    28  stm32f10x_adc.o(.text)
    ADC_AnalogWatchdogCmd                    0x0800087f   Thumb Code    16  stm32f10x_adc.o(.text)
    ADC_AnalogWatchdogThresholdsConfig       0x0800088f   Thumb Code     6  stm32f10x_adc.o(.text)
    ADC_AnalogWatchdogSingleChannelConfig    0x08000895   Thumb Code    16  stm32f10x_adc.o(.text)
    ADC_TempSensorVrefintCmd                 0x080008a5   Thumb Code    64  stm32f10x_adc.o(.text)
    ADC_GetFlagStatus                        0x080008e5   Thumb Code    18  stm32f10x_adc.o(.text)
    ADC_ClearFlag                            0x080008f7   Thumb Code     6  stm32f10x_adc.o(.text)
    ADC_GetITStatus                          0x080008fd   Thumb Code    36  stm32f10x_adc.o(.text)
    ADC_ClearITPendingBit                    0x08000921   Thumb Code    10  stm32f10x_adc.o(.text)
    BKP_DeInit                               0x0800092d   Thumb Code    16  stm32f10x_bkp.o(.text)
    BKP_TamperPinLevelConfig                 0x0800093d   Thumb Code     6  stm32f10x_bkp.o(.text)
    BKP_TamperPinCmd                         0x08000943   Thumb Code     8  stm32f10x_bkp.o(.text)
    BKP_ITConfig                             0x0800094b   Thumb Code     8  stm32f10x_bkp.o(.text)
    BKP_RTCOutputConfig                      0x08000953   Thumb Code    22  stm32f10x_bkp.o(.text)
    BKP_SetRTCCalibrationValue               0x08000969   Thumb Code    22  stm32f10x_bkp.o(.text)
    BKP_WriteBackupRegister                  0x0800097f   Thumb Code    24  stm32f10x_bkp.o(.text)
    BKP_ReadBackupRegister                   0x08000997   Thumb Code    26  stm32f10x_bkp.o(.text)
    BKP_GetFlagStatus                        0x080009b1   Thumb Code    10  stm32f10x_bkp.o(.text)
    BKP_ClearFlag                            0x080009bb   Thumb Code    18  stm32f10x_bkp.o(.text)
    BKP_GetITStatus                          0x080009cd   Thumb Code    10  stm32f10x_bkp.o(.text)
    BKP_ClearITPendingBit                    0x080009d7   Thumb Code    18  stm32f10x_bkp.o(.text)
    EXTI_DeInit                              0x080009f1   Thumb Code    28  stm32f10x_exti.o(.text)
    EXTI_Init                                0x08000a0d   Thumb Code   142  stm32f10x_exti.o(.text)
    EXTI_StructInit                          0x08000a9b   Thumb Code    16  stm32f10x_exti.o(.text)
    EXTI_GenerateSWInterrupt                 0x08000aab   Thumb Code    16  stm32f10x_exti.o(.text)
    EXTI_GetFlagStatus                       0x08000abb   Thumb Code    22  stm32f10x_exti.o(.text)
    EXTI_ClearFlag                           0x08000ad1   Thumb Code     8  stm32f10x_exti.o(.text)
    EXTI_GetITStatus                         0x08000ad9   Thumb Code    34  stm32f10x_exti.o(.text)
    EXTI_ClearITPendingBit                   0x08000afb   Thumb Code     8  stm32f10x_exti.o(.text)
    GPIO_DeInit                              0x08000b0d   Thumb Code   172  stm32f10x_gpio.o(.text)
    GPIO_AFIODeInit                          0x08000bb9   Thumb Code    20  stm32f10x_gpio.o(.text)
    GPIO_Init                                0x08000bcd   Thumb Code   278  stm32f10x_gpio.o(.text)
    GPIO_StructInit                          0x08000ce3   Thumb Code    16  stm32f10x_gpio.o(.text)
    GPIO_ReadInputDataBit                    0x08000cf3   Thumb Code    18  stm32f10x_gpio.o(.text)
    GPIO_ReadInputData                       0x08000d05   Thumb Code     8  stm32f10x_gpio.o(.text)
    GPIO_ReadOutputDataBit                   0x08000d0d   Thumb Code    18  stm32f10x_gpio.o(.text)
    GPIO_ReadOutputData                      0x08000d1f   Thumb Code     8  stm32f10x_gpio.o(.text)
    GPIO_SetBits                             0x08000d27   Thumb Code     4  stm32f10x_gpio.o(.text)
    GPIO_ResetBits                           0x08000d2b   Thumb Code     4  stm32f10x_gpio.o(.text)
    GPIO_WriteBit                            0x08000d2f   Thumb Code    10  stm32f10x_gpio.o(.text)
    GPIO_Write                               0x08000d39   Thumb Code     4  stm32f10x_gpio.o(.text)
    GPIO_PinLockConfig                       0x08000d3d   Thumb Code    18  stm32f10x_gpio.o(.text)
    GPIO_EventOutputConfig                   0x08000d4f   Thumb Code    26  stm32f10x_gpio.o(.text)
    GPIO_EventOutputCmd                      0x08000d69   Thumb Code     6  stm32f10x_gpio.o(.text)
    GPIO_PinRemapConfig                      0x08000d6f   Thumb Code   138  stm32f10x_gpio.o(.text)
    GPIO_EXTILineConfig                      0x08000df9   Thumb Code    66  stm32f10x_gpio.o(.text)
    GPIO_ETH_MediaInterfaceConfig            0x08000e3b   Thumb Code     8  stm32f10x_gpio.o(.text)
    PWR_DeInit                               0x08000e69   Thumb Code    22  stm32f10x_pwr.o(.text)
    PWR_BackupAccessCmd                      0x08000e7f   Thumb Code     6  stm32f10x_pwr.o(.text)
    PWR_PVDCmd                               0x08000e85   Thumb Code     6  stm32f10x_pwr.o(.text)
    PWR_PVDLevelConfig                       0x08000e8b   Thumb Code    18  stm32f10x_pwr.o(.text)
    PWR_WakeUpPinCmd                         0x08000e9d   Thumb Code     8  stm32f10x_pwr.o(.text)
    PWR_EnterSTOPMode                        0x08000ea5   Thumb Code    54  stm32f10x_pwr.o(.text)
    PWR_EnterSTANDBYMode                     0x08000edb   Thumb Code    42  stm32f10x_pwr.o(.text)
    PWR_GetFlagStatus                        0x08000f05   Thumb Code    20  stm32f10x_pwr.o(.text)
    PWR_ClearFlag                            0x08000f19   Thumb Code    14  stm32f10x_pwr.o(.text)
    RCC_DeInit                               0x08000f35   Thumb Code    64  stm32f10x_rcc.o(.text)
    RCC_HSEConfig                            0x08000f75   Thumb Code    70  stm32f10x_rcc.o(.text)
    RCC_GetFlagStatus                        0x08000fbb   Thumb Code    56  stm32f10x_rcc.o(.text)
    RCC_WaitForHSEStartUp                    0x08000ff3   Thumb Code    56  stm32f10x_rcc.o(.text)
    RCC_AdjustHSICalibrationValue            0x0800102b   Thumb Code    20  stm32f10x_rcc.o(.text)
    RCC_HSICmd                               0x0800103f   Thumb Code     6  stm32f10x_rcc.o(.text)
    RCC_PLLConfig                            0x08001045   Thumb Code    24  stm32f10x_rcc.o(.text)
    RCC_PLLCmd                               0x0800105d   Thumb Code     6  stm32f10x_rcc.o(.text)
    RCC_SYSCLKConfig                         0x08001063   Thumb Code    18  stm32f10x_rcc.o(.text)
    RCC_GetSYSCLKSource                      0x08001075   Thumb Code    10  stm32f10x_rcc.o(.text)
    RCC_HCLKConfig                           0x0800107f   Thumb Code    18  stm32f10x_rcc.o(.text)
    RCC_PCLK1Config                          0x08001091   Thumb Code    18  stm32f10x_rcc.o(.text)
    RCC_PCLK2Config                          0x080010a3   Thumb Code    20  stm32f10x_rcc.o(.text)
    RCC_ITConfig                             0x080010b7   Thumb Code    26  stm32f10x_rcc.o(.text)
    RCC_USBCLKConfig                         0x080010d1   Thumb Code     8  stm32f10x_rcc.o(.text)
    RCC_ADCCLKConfig                         0x080010d9   Thumb Code    18  stm32f10x_rcc.o(.text)
    RCC_LSEConfig                            0x080010eb   Thumb Code    50  stm32f10x_rcc.o(.text)
    RCC_LSICmd                               0x0800111d   Thumb Code     6  stm32f10x_rcc.o(.text)
    RCC_RTCCLKConfig                         0x08001123   Thumb Code    12  stm32f10x_rcc.o(.text)
    RCC_RTCCLKCmd                            0x0800112f   Thumb Code     8  stm32f10x_rcc.o(.text)
    RCC_GetClocksFreq                        0x08001137   Thumb Code   192  stm32f10x_rcc.o(.text)
    RCC_AHBPeriphClockCmd                    0x080011f7   Thumb Code    26  stm32f10x_rcc.o(.text)
    RCC_APB2PeriphClockCmd                   0x08001211   Thumb Code    26  stm32f10x_rcc.o(.text)
    RCC_APB1PeriphClockCmd                   0x0800122b   Thumb Code    26  stm32f10x_rcc.o(.text)
    RCC_APB2PeriphResetCmd                   0x08001245   Thumb Code    26  stm32f10x_rcc.o(.text)
    RCC_APB1PeriphResetCmd                   0x0800125f   Thumb Code    26  stm32f10x_rcc.o(.text)
    RCC_BackupResetCmd                       0x08001279   Thumb Code     8  stm32f10x_rcc.o(.text)
    RCC_ClockSecuritySystemCmd               0x08001281   Thumb Code     6  stm32f10x_rcc.o(.text)
    RCC_MCOConfig                            0x08001287   Thumb Code     6  stm32f10x_rcc.o(.text)
    RCC_ClearFlag                            0x0800128d   Thumb Code    14  stm32f10x_rcc.o(.text)
    RCC_GetITStatus                          0x0800129b   Thumb Code    20  stm32f10x_rcc.o(.text)
    RCC_ClearITPendingBit                    0x080012af   Thumb Code     6  stm32f10x_rcc.o(.text)
    RTC_ITConfig                             0x080012d9   Thumb Code    26  stm32f10x_rtc.o(.text)
    RTC_EnterConfigMode                      0x080012f3   Thumb Code    18  stm32f10x_rtc.o(.text)
    RTC_ExitConfigMode                       0x08001305   Thumb Code    20  stm32f10x_rtc.o(.text)
    RTC_GetCounter                           0x08001319   Thumb Code    18  stm32f10x_rtc.o(.text)
    RTC_SetCounter                           0x0800132b   Thumb Code    26  stm32f10x_rtc.o(.text)
    RTC_SetPrescaler                         0x08001345   Thumb Code    28  stm32f10x_rtc.o(.text)
    RTC_SetAlarm                             0x08001361   Thumb Code    26  stm32f10x_rtc.o(.text)
    RTC_GetDivider                           0x0800137b   Thumb Code    22  stm32f10x_rtc.o(.text)
    RTC_WaitForLastTask                      0x08001391   Thumb Code    18  stm32f10x_rtc.o(.text)
    RTC_WaitForSynchro                       0x080013a3   Thumb Code    36  stm32f10x_rtc.o(.text)
    RTC_GetFlagStatus                        0x080013c7   Thumb Code    22  stm32f10x_rtc.o(.text)
    RTC_ClearFlag                            0x080013dd   Thumb Code    16  stm32f10x_rtc.o(.text)
    RTC_GetITStatus                          0x080013ed   Thumb Code    32  stm32f10x_rtc.o(.text)
    RTC_ClearITPendingBit                    0x0800140d   Thumb Code    16  stm32f10x_rtc.o(.text)
    TIM_DeInit                               0x08001421   Thumb Code   424  stm32f10x_tim.o(.text)
    TIM_TimeBaseInit                         0x080015c9   Thumb Code   122  stm32f10x_tim.o(.text)
    TIM_OC1Init                              0x08001643   Thumb Code   132  stm32f10x_tim.o(.text)
    TIM_OC2Init                              0x080016c7   Thumb Code   154  stm32f10x_tim.o(.text)
    TIM_OC3Init                              0x08001761   Thumb Code   150  stm32f10x_tim.o(.text)
    TIM_OC4Init                              0x080017f7   Thumb Code   182  stm32f10x_tim.o(.text)
    TIM_SetIC4Prescaler                      0x080018ad   Thumb Code    26  stm32f10x_tim.o(.text)
    TIM_SetIC3Prescaler                      0x08001949   Thumb Code    18  stm32f10x_tim.o(.text)
    TIM_SetIC2Prescaler                      0x080019d5   Thumb Code    26  stm32f10x_tim.o(.text)
    TIM_SetIC1Prescaler                      0x08001a71   Thumb Code    18  stm32f10x_tim.o(.text)
    TIM_ICInit                               0x08001aef   Thumb Code   150  stm32f10x_tim.o(.text)
    TIM_PWMIConfig                           0x08001b85   Thumb Code   124  stm32f10x_tim.o(.text)
    TIM_BDTRConfig                           0x08001c01   Thumb Code    32  stm32f10x_tim.o(.text)
    TIM_TimeBaseStructInit                   0x08001c21   Thumb Code    18  stm32f10x_tim.o(.text)
    TIM_OCStructInit                         0x08001c33   Thumb Code    20  stm32f10x_tim.o(.text)
    TIM_ICStructInit                         0x08001c47   Thumb Code    18  stm32f10x_tim.o(.text)
    TIM_BDTRStructInit                       0x08001c59   Thumb Code    40  stm32f10x_tim.o(.text)
    TIM_Cmd                                  0x08001c81   Thumb Code    24  stm32f10x_tim.o(.text)
    TIM_CtrlPWMOutputs                       0x08001c99   Thumb Code    30  stm32f10x_tim.o(.text)
    TIM_ITConfig                             0x08001cb7   Thumb Code    18  stm32f10x_tim.o(.text)
    TIM_GenerateEvent                        0x08001cc9   Thumb Code     4  stm32f10x_tim.o(.text)
    TIM_DMAConfig                            0x08001ccd   Thumb Code    10  stm32f10x_tim.o(.text)
    TIM_DMACmd                               0x08001cd7   Thumb Code    18  stm32f10x_tim.o(.text)
    TIM_InternalClockConfig                  0x08001ce9   Thumb Code    12  stm32f10x_tim.o(.text)
    TIM_SelectInputTrigger                   0x08001cf5   Thumb Code    18  stm32f10x_tim.o(.text)
    TIM_ITRxExternalClockConfig              0x08001d07   Thumb Code    24  stm32f10x_tim.o(.text)
    TIM_TIxExternalClockConfig               0x08001d1f   Thumb Code    62  stm32f10x_tim.o(.text)
    TIM_ETRConfig                            0x08001d5d   Thumb Code    28  stm32f10x_tim.o(.text)
    TIM_ETRClockMode1Config                  0x08001d79   Thumb Code    54  stm32f10x_tim.o(.text)
    TIM_ETRClockMode2Config                  0x08001daf   Thumb Code    32  stm32f10x_tim.o(.text)
    TIM_PrescalerConfig                      0x08001dcf   Thumb Code     6  stm32f10x_tim.o(.text)
    TIM_CounterModeConfig                    0x08001dd5   Thumb Code    18  stm32f10x_tim.o(.text)
    TIM_EncoderInterfaceConfig               0x08001de7   Thumb Code    66  stm32f10x_tim.o(.text)
    TIM_ForcedOC1Config                      0x08001e29   Thumb Code    18  stm32f10x_tim.o(.text)
    TIM_ForcedOC2Config                      0x08001e3b   Thumb Code    26  stm32f10x_tim.o(.text)
    TIM_ForcedOC3Config                      0x08001e55   Thumb Code    18  stm32f10x_tim.o(.text)
    TIM_ForcedOC4Config                      0x08001e67   Thumb Code    26  stm32f10x_tim.o(.text)
    TIM_ARRPreloadConfig                     0x08001e81   Thumb Code    24  stm32f10x_tim.o(.text)
    TIM_SelectCOM                            0x08001e99   Thumb Code    24  stm32f10x_tim.o(.text)
    TIM_SelectCCDMA                          0x08001eb1   Thumb Code    24  stm32f10x_tim.o(.text)
    TIM_CCPreloadControl                     0x08001ec9   Thumb Code    24  stm32f10x_tim.o(.text)
    TIM_OC1PreloadConfig                     0x08001ee1   Thumb Code    18  stm32f10x_tim.o(.text)
    TIM_OC2PreloadConfig                     0x08001ef3   Thumb Code    26  stm32f10x_tim.o(.text)
    TIM_OC3PreloadConfig                     0x08001f0d   Thumb Code    18  stm32f10x_tim.o(.text)
    TIM_OC4PreloadConfig                     0x08001f1f   Thumb Code    26  stm32f10x_tim.o(.text)
    TIM_OC1FastConfig                        0x08001f39   Thumb Code    18  stm32f10x_tim.o(.text)
    TIM_OC2FastConfig                        0x08001f4b   Thumb Code    26  stm32f10x_tim.o(.text)
    TIM_OC3FastConfig                        0x08001f65   Thumb Code    18  stm32f10x_tim.o(.text)
    TIM_OC4FastConfig                        0x08001f77   Thumb Code    26  stm32f10x_tim.o(.text)
    TIM_ClearOC1Ref                          0x08001f91   Thumb Code    18  stm32f10x_tim.o(.text)
    TIM_ClearOC2Ref                          0x08001fa3   Thumb Code    24  stm32f10x_tim.o(.text)
    TIM_ClearOC3Ref                          0x08001fbb   Thumb Code    18  stm32f10x_tim.o(.text)
    TIM_ClearOC4Ref                          0x08001fcd   Thumb Code    24  stm32f10x_tim.o(.text)
    TIM_OC1PolarityConfig                    0x08001fe5   Thumb Code    18  stm32f10x_tim.o(.text)
    TIM_OC1NPolarityConfig                   0x08001ff7   Thumb Code    18  stm32f10x_tim.o(.text)
    TIM_OC2PolarityConfig                    0x08002009   Thumb Code    26  stm32f10x_tim.o(.text)
    TIM_OC2NPolarityConfig                   0x08002023   Thumb Code    26  stm32f10x_tim.o(.text)
    TIM_OC3PolarityConfig                    0x0800203d   Thumb Code    26  stm32f10x_tim.o(.text)
    TIM_OC3NPolarityConfig                   0x08002057   Thumb Code    26  stm32f10x_tim.o(.text)
    TIM_OC4PolarityConfig                    0x08002071   Thumb Code    26  stm32f10x_tim.o(.text)
    TIM_CCxCmd                               0x0800208b   Thumb Code    30  stm32f10x_tim.o(.text)
    TIM_CCxNCmd                              0x080020a9   Thumb Code    30  stm32f10x_tim.o(.text)
    TIM_SelectOCxM                           0x080020c7   Thumb Code    82  stm32f10x_tim.o(.text)
    TIM_UpdateDisableConfig                  0x08002119   Thumb Code    24  stm32f10x_tim.o(.text)
    TIM_UpdateRequestConfig                  0x08002131   Thumb Code    24  stm32f10x_tim.o(.text)
    TIM_SelectHallSensor                     0x08002149   Thumb Code    24  stm32f10x_tim.o(.text)
    TIM_SelectOnePulseMode                   0x08002161   Thumb Code    18  stm32f10x_tim.o(.text)
    TIM_SelectOutputTrigger                  0x08002173   Thumb Code    18  stm32f10x_tim.o(.text)
    TIM_SelectSlaveMode                      0x08002185   Thumb Code    18  stm32f10x_tim.o(.text)
    TIM_SelectMasterSlaveMode                0x08002197   Thumb Code    18  stm32f10x_tim.o(.text)
    TIM_SetCounter                           0x080021a9   Thumb Code     4  stm32f10x_tim.o(.text)
    TIM_SetAutoreload                        0x080021ad   Thumb Code     4  stm32f10x_tim.o(.text)
    TIM_SetCompare1                          0x080021b1   Thumb Code     4  stm32f10x_tim.o(.text)
    TIM_SetCompare2                          0x080021b5   Thumb Code     4  stm32f10x_tim.o(.text)
    TIM_SetCompare3                          0x080021b9   Thumb Code     4  stm32f10x_tim.o(.text)
    TIM_SetCompare4                          0x080021bd   Thumb Code     6  stm32f10x_tim.o(.text)
    TIM_SetClockDivision                     0x080021c3   Thumb Code    18  stm32f10x_tim.o(.text)
    TIM_GetCapture1                          0x080021d5   Thumb Code     6  stm32f10x_tim.o(.text)
    TIM_GetCapture2                          0x080021db   Thumb Code     6  stm32f10x_tim.o(.text)
    TIM_GetCapture3                          0x080021e1   Thumb Code     6  stm32f10x_tim.o(.text)
    TIM_GetCapture4                          0x080021e7   Thumb Code     8  stm32f10x_tim.o(.text)
    TIM_GetCounter                           0x080021ef   Thumb Code     6  stm32f10x_tim.o(.text)
    TIM_GetPrescaler                         0x080021f5   Thumb Code     6  stm32f10x_tim.o(.text)
    TIM_GetFlagStatus                        0x080021fb   Thumb Code    18  stm32f10x_tim.o(.text)
    TIM_ClearFlag                            0x0800220d   Thumb Code     6  stm32f10x_tim.o(.text)
    TIM_GetITStatus                          0x08002213   Thumb Code    34  stm32f10x_tim.o(.text)
    TIM_ClearITPendingBit                    0x08002235   Thumb Code     6  stm32f10x_tim.o(.text)
    USART_DeInit                             0x0800223d   Thumb Code   134  stm32f10x_usart.o(.text)
    USART_Init                               0x080022c3   Thumb Code   210  stm32f10x_usart.o(.text)
    USART_StructInit                         0x08002395   Thumb Code    24  stm32f10x_usart.o(.text)
    USART_ClockInit                          0x080023ad   Thumb Code    34  stm32f10x_usart.o(.text)
    USART_ClockStructInit                    0x080023cf   Thumb Code    12  stm32f10x_usart.o(.text)
    USART_Cmd                                0x080023db   Thumb Code    24  stm32f10x_usart.o(.text)
    USART_ITConfig                           0x080023f3   Thumb Code    74  stm32f10x_usart.o(.text)
    USART_DMACmd                             0x0800243d   Thumb Code    18  stm32f10x_usart.o(.text)
    USART_SetAddress                         0x0800244f   Thumb Code    18  stm32f10x_usart.o(.text)
    USART_WakeUpConfig                       0x08002461   Thumb Code    18  stm32f10x_usart.o(.text)
    USART_ReceiverWakeUpCmd                  0x08002473   Thumb Code    24  stm32f10x_usart.o(.text)
    USART_LINBreakDetectLengthConfig         0x0800248b   Thumb Code    18  stm32f10x_usart.o(.text)
    USART_LINCmd                             0x0800249d   Thumb Code    24  stm32f10x_usart.o(.text)
    USART_SendData                           0x080024b5   Thumb Code     8  stm32f10x_usart.o(.text)
    USART_ReceiveData                        0x080024bd   Thumb Code    10  stm32f10x_usart.o(.text)
    USART_SendBreak                          0x080024c7   Thumb Code    10  stm32f10x_usart.o(.text)
    USART_SetGuardTime                       0x080024d1   Thumb Code    16  stm32f10x_usart.o(.text)
    USART_SetPrescaler                       0x080024e1   Thumb Code    16  stm32f10x_usart.o(.text)
    USART_SmartCardCmd                       0x080024f1   Thumb Code    24  stm32f10x_usart.o(.text)
    USART_SmartCardNACKCmd                   0x08002509   Thumb Code    24  stm32f10x_usart.o(.text)
    USART_HalfDuplexCmd                      0x08002521   Thumb Code    24  stm32f10x_usart.o(.text)
    USART_OverSampling8Cmd                   0x08002539   Thumb Code    22  stm32f10x_usart.o(.text)
    USART_OneBitMethodCmd                    0x0800254f   Thumb Code    24  stm32f10x_usart.o(.text)
    USART_IrDAConfig                         0x08002567   Thumb Code    18  stm32f10x_usart.o(.text)
    USART_IrDACmd                            0x08002579   Thumb Code    24  stm32f10x_usart.o(.text)
    USART_GetFlagStatus                      0x08002591   Thumb Code    26  stm32f10x_usart.o(.text)
    USART_ClearFlag                          0x080025ab   Thumb Code    18  stm32f10x_usart.o(.text)
    USART_GetITStatus                        0x080025bd   Thumb Code    84  stm32f10x_usart.o(.text)
    USART_ClearITPendingBit                  0x08002611   Thumb Code    52  stm32f10x_usart.o(.text)
    adc_init                                 0x08002645   Thumb Code   138  adc.o(.text)
    get_adc                                  0x080026cf   Thumb Code    32  adc.o(.text)
    SDA_Input_Mode                           0x080026f9   Thumb Code    30  i2c.o(.text)
    SDA_Output_Mode                          0x08002717   Thumb Code    30  i2c.o(.text)
    SDA_Output                               0x08002735   Thumb Code    26  i2c.o(.text)
    SCL_Output                               0x0800274f   Thumb Code    26  i2c.o(.text)
    SDA_Input                                0x08002769   Thumb Code    12  i2c.o(.text)
    delay1                                   0x08002775   Thumb Code    12  i2c.o(.text)
    I2CStart                                 0x08002781   Thumb Code    60  i2c.o(.text)
    I2CStop                                  0x080027bd   Thumb Code    60  i2c.o(.text)
    I2CWaitAck                               0x080027f9   Thumb Code    88  i2c.o(.text)
    I2CSendAck                               0x08002851   Thumb Code    54  i2c.o(.text)
    I2CSendNotAck                            0x08002887   Thumb Code    46  i2c.o(.text)
    I2CSendByte                              0x080028b5   Thumb Code    88  i2c.o(.text)
    I2CReceiveByte                           0x0800290d   Thumb Code    88  i2c.o(.text)
    i2c_init                                 0x08002965   Thumb Code    38  i2c.o(.text)
    i2c_sendByte                             0x0800298b   Thumb Code    46  i2c.o(.text)
    i2c_readByte                             0x080029b9   Thumb Code    60  i2c.o(.text)
    u24_write_int                            0x080029f5   Thumb Code    74  i2c.o(.text)
    u24_read_int                             0x08002a3f   Thumb Code    76  i2c.o(.text)
    key_init                                 0x08002a91   Thumb Code   366  key.o(.text)
    key_scan                                 0x08002bff   Thumb Code   140  key.o(.text)
    EXTI0_IRQHandler                         0x08002c8b   Thumb Code    26  key.o(.text)
    EXTI9_5_IRQHandler                       0x08002ca5   Thumb Code    30  key.o(.text)
    EXTI1_IRQHandler                         0x08002cc3   Thumb Code    26  key.o(.text)
    EXTI2_IRQHandler                         0x08002cdd   Thumb Code    26  key.o(.text)
    Delay_LCD                                0x08002d05   Thumb Code    30  lcd.o(.text)
    LCD_WriteReg                             0x08002d23   Thumb Code    56  lcd.o(.text)
    REG_8230_Init                            0x08002d5b   Thumb Code   288  lcd.o(.text)
    REG_932X_Init                            0x08002e7b   Thumb Code   514  lcd.o(.text)
    LCD_BusOut                               0x0800307d   Thumb Code    32  lcd.o(.text)
    LCD_BusIn                                0x0800309d   Thumb Code    32  lcd.o(.text)
    LCD_ReadReg                              0x080030bd   Thumb Code    92  lcd.o(.text)
    LCD_CtrlLinesConfig                      0x08003119   Thumb Code    68  lcd.o(.text)
    STM3210B_LCD_Init                        0x0800315d   Thumb Code    50  lcd.o(.text)
    LCD_SetTextColor                         0x0800318f   Thumb Code    12  lcd.o(.text)
    LCD_SetBackColor                         0x0800319b   Thumb Code    12  lcd.o(.text)
    LCD_SetCursor                            0x080031a7   Thumb Code    24  lcd.o(.text)
    LCD_WriteRAM                             0x080031bf   Thumb Code    44  lcd.o(.text)
    LCD_WriteRAM_Prepare                     0x080031eb   Thumb Code    48  lcd.o(.text)
    LCD_DrawChar                             0x0800321b   Thumb Code   100  lcd.o(.text)
    LCD_DisplayChar                          0x0800327f   Thumb Code    34  lcd.o(.text)
    LCD_DisplayStringLine                    0x080032a1   Thumb Code    44  lcd.o(.text)
    LCD_ClearLine                            0x080032cd   Thumb Code    14  lcd.o(.text)
    LCD_Clear                                0x080032db   Thumb Code    38  lcd.o(.text)
    LCD_SetDisplayWindow                     0x08003301   Thumb Code    88  lcd.o(.text)
    LCD_WindowModeDisable                    0x08003359   Thumb Code    28  lcd.o(.text)
    LCD_DrawLine                             0x08003375   Thumb Code    86  lcd.o(.text)
    LCD_DrawRect                             0x080033cb   Thumb Code    66  lcd.o(.text)
    LCD_DrawCircle                           0x0800340d   Thumb Code   252  lcd.o(.text)
    LCD_DrawMonoPict                         0x08003509   Thumb Code   126  lcd.o(.text)
    LCD_WriteBMP                             0x08003587   Thumb Code    74  lcd.o(.text)
    LCD_ReadRAM                              0x080035d1   Thumb Code    82  lcd.o(.text)
    LCD_PowerOn                              0x08003623   Thumb Code   118  lcd.o(.text)
    LCD_DisplayOn                            0x08003699   Thumb Code    14  lcd.o(.text)
    LCD_DisplayOff                           0x080036a7   Thumb Code    12  lcd.o(.text)
    LCD_DrawPicture                          0x080036b3   Thumb Code    48  lcd.o(.text)
    DisChar                                  0x080036e3   Thumb Code    80  lcd.o(.text)
    led_control                              0x08003745   Thumb Code    34  led.o(.text)
    led_init                                 0x08003767   Thumb Code    72  led.o(.text)
    pwm_tim2_init                            0x080037b9   Thumb Code   218  pwm.o(.text)
    pwm_tim3_init                            0x08003893   Thumb Code   208  pwm.o(.text)
    TIM3_IRQHandler                          0x08003963   Thumb Code   334  pwm.o(.text)
    pwm_Init                                 0x08003ab1   Thumb Code   170  pwm.o(.text)
    Timer2_PwmIn                             0x08003b5b   Thumb Code   236  pwm.o(.text)
    TIM2_IRQHandler                          0x08003c47   Thumb Code    94  pwm.o(.text)
    rtc_init                                 0x08003cbd   Thumb Code   128  rtc.o(.text)
    display_RTC                              0x08003d3d   Thumb Code    84  rtc.o(.text)
    RTC_IRQHandler                           0x08003d91   Thumb Code    34  rtc.o(.text)
    tim4_Init                                0x08003dd1   Thumb Code    90  tim.o(.text)
    TIM4_IRQHandler                          0x08003e2b   Thumb Code    22  tim.o(.text)
    uart_init                                0x08003e45   Thumb Code   158  uart.o(.text)
    USART2_IRQHandler                        0x08003ee3   Thumb Code    72  uart.o(.text)
    fputc                                    0x08003f2b   Thumb Code    32  uart.o(.text)
    delayd                                   0x08003f61   Thumb Code    12  dht11.o(.text)
    dht11_init                               0x08003f6d   Thumb Code    46  dht11.o(.text)
    mode_input                               0x08003f9b   Thumb Code    30  dht11.o(.text)
    mode_output                              0x08003fb9   Thumb Code    30  dht11.o(.text)
    dht11_read                               0x08003fd7   Thumb Code   258  dht11.o(.text)
    DisplayDht11                             0x080040d9   Thumb Code    70  dht11.o(.text)
    __aeabi_fadd                             0x08004141   Thumb Code   164  fadd.o(.text)
    __aeabi_fsub                             0x080041e5   Thumb Code     6  fadd.o(.text)
    __aeabi_frsub                            0x080041eb   Thumb Code     6  fadd.o(.text)
    __aeabi_fmul                             0x080041f1   Thumb Code   100  fmul.o(.text)
    __aeabi_ui2f                             0x08004255   Thumb Code    10  ffltui.o(.text)
    __aeabi_f2uiz                            0x0800425f   Thumb Code    40  ffixui.o(.text)
    __aeabi_uidiv                            0x08004287   Thumb Code     0  uidiv.o(.text)
    __aeabi_uidivmod                         0x08004287   Thumb Code    44  uidiv.o(.text)
    __I$use$fp                               0x080042b3   Thumb Code     0  iusefp.o(.text)
    _float_round                             0x080042b3   Thumb Code    18  fepilogue.o(.text)
    _float_epilogue                          0x080042c5   Thumb Code    92  fepilogue.o(.text)
    __scatterload                            0x08004321   Thumb Code    28  init.o(.text)
    __scatterload_rt2                        0x08004321   Thumb Code     0  init.o(.text)
    __0printf$1                              0x08004345   Thumb Code    22  printf1.o(i.__0printf$1)
    __1printf$1                              0x08004345   Thumb Code     0  printf1.o(i.__0printf$1)
    __2printf                                0x08004345   Thumb Code     0  printf1.o(i.__0printf$1)
    __0sprintf$1                             0x08004365   Thumb Code    34  printf1.o(i.__0sprintf$1)
    __1sprintf$1                             0x08004365   Thumb Code     0  printf1.o(i.__0sprintf$1)
    __2sprintf                               0x08004365   Thumb Code     0  printf1.o(i.__0sprintf$1)
    __scatterload_copy                       0x0800438d   Thumb Code    14  handlers.o(i.__scatterload_copy)
    __scatterload_null                       0x0800439b   Thumb Code     2  handlers.o(i.__scatterload_null)
    __scatterload_zeroinit                   0x0800439d   Thumb Code    14  handlers.o(i.__scatterload_zeroinit)
    ASCII_Table                              0x0800450a   Data        4560  lcd.o(.constdata)
    Region$$Table$$Base                      0x080056dc   Number         0  anon$$obj.o(Region$$Table)
    Region$$Table$$Limit                     0x080056fc   Number         0  anon$$obj.o(Region$$Table)
    TimingDelay                              0x20000000   Data           4  main.o(.data)
    adc_value                                0x20000004   Data           2  main.o(.data)
    test_variable                            0x20000008   Data           8  main.o(.data)
    SystemCoreClock                          0x20000010   Data           4  system_stm32f10x.o(.data)
    AHBPrescTable                            0x20000014   Data          16  system_stm32f10x.o(.data)
    key_flag                                 0x20000038   Data           1  key.o(.data)
    dummy                                    0x2000003e   Data           2  lcd.o(.data)
    led_state                                0x20000040   Data           1  led.o(.data)
    CCR1_Val                                 0x20000044   Data           2  pwm.o(.data)
    CCR2_Val                                 0x20000046   Data           2  pwm.o(.data)
    CCR6_Val                                 0x20000048   Data           2  pwm.o(.data)
    CCR7_Val                                 0x2000004a   Data           2  pwm.o(.data)
    duty_ratio1                              0x2000004c   Data           4  pwm.o(.data)
    duty_ratio2                              0x20000050   Data           4  pwm.o(.data)
    duty_ratio6                              0x20000054   Data           4  pwm.o(.data)
    duty_ratio7                              0x20000058   Data           4  pwm.o(.data)
    pa1_state                                0x2000005c   Data           1  pwm.o(.data)
    pa2_state                                0x2000005d   Data           1  pwm.o(.data)
    pa6_state                                0x2000005e   Data           1  pwm.o(.data)
    pa7_state                                0x2000005f   Data           1  pwm.o(.data)
    IC1Value                                 0x20000060   Data           2  pwm.o(.data)
    IC2Value                                 0x20000062   Data           2  pwm.o(.data)
    IC3Value                                 0x20000064   Data           2  pwm.o(.data)
    Frequency_1                              0x20000068   Data           4  pwm.o(.data)
    Frequency_2                              0x2000006c   Data           4  pwm.o(.data)
    Rx_flag                                  0x20000072   Data           1  uart.o(.data)
    RxCounter1                               0x20000073   Data           1  uart.o(.data)
    __stdout                                 0x20000074   Data           4  stdout.o(.data)
    RxBuffer1                                0x20000078   Data          30  uart.o(.bss)
    __initial_sp                             0x20000498   Data           0  startup_stm32f10x_md.o(STACK)



==============================================================================

Memory Map of the image

  Image Entry point : 0x080000ed

  Load Region LR_IROM1 (Base: 0x08000000, Size: 0x00005774, Max: 0x00020000, ABSOLUTE)

    Execution Region ER_IROM1 (Exec base: 0x08000000, Load base: 0x08000000, Size: 0x000056fc, Max: 0x00020000, ABSOLUTE)

    Exec Addr    Load Addr    Size         Type   Attr      Idx    E Section Name        Object

    0x08000000   0x08000000   0x000000ec   Data   RO           19    RESET               startup_stm32f10x_md.o
    0x080000ec   0x080000ec   0x00000000   Code   RO          732  * .ARM.Collect$$$$00000000  mc_w.l(entry.o)
    0x080000ec   0x080000ec   0x00000004   Code   RO         1010    .ARM.Collect$$$$00000001  mc_w.l(entry2.o)
    0x080000f0   0x080000f0   0x00000004   Code   RO         1013    .ARM.Collect$$$$00000004  mc_w.l(entry5.o)
    0x080000f4   0x080000f4   0x00000000   Code   RO         1015    .ARM.Collect$$$$00000008  mc_w.l(entry7b.o)
    0x080000f4   0x080000f4   0x00000000   Code   RO         1017    .ARM.Collect$$$$0000000A  mc_w.l(entry8b.o)
    0x080000f4   0x080000f4   0x00000008   Code   RO         1018    .ARM.Collect$$$$0000000B  mc_w.l(entry9a.o)
    0x080000fc   0x080000fc   0x00000004   Code   RO         1025    .ARM.Collect$$$$0000000E  mc_w.l(entry12b.o)
    0x08000100   0x08000100   0x00000000   Code   RO         1020    .ARM.Collect$$$$0000000F  mc_w.l(entry10a.o)
    0x08000100   0x08000100   0x00000000   Code   RO         1022    .ARM.Collect$$$$00000011  mc_w.l(entry11a.o)
    0x08000100   0x08000100   0x00000004   Code   RO         1011    .ARM.Collect$$$$00002712  mc_w.l(entry2.o)
    0x08000104   0x08000104   0x00000024   Code   RO           20    .text               startup_stm32f10x_md.o
    0x08000128   0x08000128   0x000000d0   Code   RO           24    .text               main.o
    0x080001f8   0x080001f8   0x00000028   Code   RO          181    .text               stm32f10x_it.o
    0x08000220   0x08000220   0x000001e0   Code   RO          223    .text               system_stm32f10x.o
    0x08000400   0x08000400   0x000000dc   Code   RO          241    .text               misc.o
    0x080004dc   0x080004dc   0x0000044e   Code   RO          257    .text               stm32f10x_adc.o
    0x0800092a   0x0800092a   0x00000002   PAD
    0x0800092c   0x0800092c   0x000000c4   Code   RO          269    .text               stm32f10x_bkp.o
    0x080009f0   0x080009f0   0x0000011c   Code   RO          353    .text               stm32f10x_exti.o
    0x08000b0c   0x08000b0c   0x0000035c   Code   RO          389    .text               stm32f10x_gpio.o
    0x08000e68   0x08000e68   0x000000cc   Code   RO          425    .text               stm32f10x_pwr.o
    0x08000f34   0x08000f34   0x000003a4   Code   RO          437    .text               stm32f10x_rcc.o
    0x080012d8   0x080012d8   0x00000148   Code   RO          451    .text               stm32f10x_rtc.o
    0x08001420   0x08001420   0x00000e1a   Code   RO          487    .text               stm32f10x_tim.o
    0x0800223a   0x0800223a   0x00000002   PAD
    0x0800223c   0x0800223c   0x00000408   Code   RO          499    .text               stm32f10x_usart.o
    0x08002644   0x08002644   0x000000b4   Code   RO          523    .text               adc.o
    0x080026f8   0x080026f8   0x00000398   Code   RO          535    .text               i2c.o
    0x08002a90   0x08002a90   0x00000274   Code   RO          547    .text               key.o
    0x08002d04   0x08002d04   0x00000a40   Code   RO          565    .text               lcd.o
    0x08003744   0x08003744   0x00000074   Code   RO          584    .text               led.o
    0x080037b8   0x080037b8   0x00000504   Code   RO          602    .text               pwm.o
    0x08003cbc   0x08003cbc   0x00000114   Code   RO          617    .text               rtc.o
    0x08003dd0   0x08003dd0   0x00000074   Code   RO          632    .text               tim.o
    0x08003e44   0x08003e44   0x0000011c   Code   RO          644    .text               uart.o
    0x08003f60   0x08003f60   0x000001e0   Code   RO          675    .text               dht11.o
    0x08004140   0x08004140   0x000000b0   Code   RO          996    .text               mf_w.l(fadd.o)
    0x080041f0   0x080041f0   0x00000064   Code   RO          998    .text               mf_w.l(fmul.o)
    0x08004254   0x08004254   0x0000000a   Code   RO         1004    .text               mf_w.l(ffltui.o)
    0x0800425e   0x0800425e   0x00000028   Code   RO         1006    .text               mf_w.l(ffixui.o)
    0x08004286   0x08004286   0x0000002c   Code   RO         1027    .text               mc_w.l(uidiv.o)
    0x080042b2   0x080042b2   0x00000000   Code   RO         1031    .text               mc_w.l(iusefp.o)
    0x080042b2   0x080042b2   0x0000006e   Code   RO         1032    .text               mf_w.l(fepilogue.o)
    0x08004320   0x08004320   0x00000024   Code   RO         1044    .text               mc_w.l(init.o)
    0x08004344   0x08004344   0x00000020   Code   RO          780    i.__0printf$1       mc_w.l(printf1.o)
    0x08004364   0x08004364   0x00000028   Code   RO          782    i.__0sprintf$1      mc_w.l(printf1.o)
    0x0800438c   0x0800438c   0x0000000e   Code   RO         1056    i.__scatterload_copy  mc_w.l(handlers.o)
    0x0800439a   0x0800439a   0x00000002   Code   RO         1057    i.__scatterload_null  mc_w.l(handlers.o)
    0x0800439c   0x0800439c   0x0000000e   Code   RO         1058    i.__scatterload_zeroinit  mc_w.l(handlers.o)
    0x080043aa   0x080043aa   0x00000002   PAD
    0x080043ac   0x080043ac   0x00000154   Code   RO          787    i._printf_core      mc_w.l(printf1.o)
    0x08004500   0x08004500   0x0000000a   Code   RO          789    i._sputc            mc_w.l(printf1.o)
    0x0800450a   0x0800450a   0x000011d0   Data   RO          566    .constdata          lcd.o
    0x080056da   0x080056da   0x00000002   PAD
    0x080056dc   0x080056dc   0x00000020   Data   RO         1054    Region$$Table       anon$$obj.o


    Execution Region RW_IRAM1 (Exec base: 0x20000000, Load base: 0x080056fc, Size: 0x00000498, Max: 0x00005000, ABSOLUTE)

    Exec Addr    Load Addr    Size         Type   Attr      Idx    E Section Name        Object

    0x20000000   0x080056fc   0x00000010   Data   RW           25    .data               main.o
    0x20000010   0x0800570c   0x00000014   Data   RW          224    .data               system_stm32f10x.o
    0x20000024   0x08005720   0x00000014   Data   RW          438    .data               stm32f10x_rcc.o
    0x20000038   0x08005734   0x00000001   Data   RW          548    .data               key.o
    0x20000039   0x08005735   0x00000001   PAD
    0x2000003a   0x08005736   0x00000006   Data   RW          567    .data               lcd.o
    0x20000040   0x0800573c   0x00000001   Data   RW          585    .data               led.o
    0x20000041   0x0800573d   0x00000003   PAD
    0x20000044   0x08005740   0x0000002e   Data   RW          603    .data               pwm.o
    0x20000072   0x0800576e   0x00000002   Data   RW          646    .data               uart.o
    0x20000074   0x08005770   0x00000004   Data   RW         1026    .data               mc_w.l(stdout.o)
    0x20000078        -       0x0000001e   Zero   RW          645    .bss                uart.o
    0x20000096   0x08005774   0x00000002   PAD
    0x20000098        -       0x00000400   Zero   RW           17    STACK               startup_stm32f10x_md.o


==============================================================================

Image component sizes


      Code (inc. data)   RO Data    RW Data    ZI Data      Debug   Object Name

       180         10          0          0          0        711   adc.o
         0          0          0          0          0       4532   core_cm3.o
       480         34          0          0          0       1615   dht11.o
       920          6          0          0          0       3710   i2c.o
       628         14          0          1          0       1661   key.o
      2624         78       4560          6          0       8924   lcd.o
       116         10          0          1          0        867   led.o
       208         22          0         16          0     275201   main.o
       220         22          0          0          0       1705   misc.o
      1284         64          0         46          0       3313   pwm.o
       276         30          0          0          0        854   rtc.o
        36          8        236          0       1024        772   startup_stm32f10x_md.o
      1102         26          0          0          0      10945   stm32f10x_adc.o
       196          8          0          0          0       3408   stm32f10x_bkp.o
       284         10          0          0          0       2163   stm32f10x_exti.o
       860         38          0          0          0       5641   stm32f10x_gpio.o
        40          4          0          0          0       1226   stm32f10x_it.o
       204         14          0          0          0       1911   stm32f10x_pwr.o
       932         36          0         20          0       8788   stm32f10x_rcc.o
       328          4          0          0          0       2686   stm32f10x_rtc.o
      3610         88          0          0          0      22748   stm32f10x_tim.o
      1032         22          0          0          0       8364   stm32f10x_usart.o
       480         38          0         20          0       1671   system_stm32f10x.o
       116          4          0          0          0        740   tim.o
       284         22          0          2         30       1579   uart.o

    ----------------------------------------------------------------------
     16444        612       4830        116       1056     375735   Object Totals
         0          0         32          0          0          0   (incl. Generated)
         4          0          2          4          2          0   (incl. Padding)

    ----------------------------------------------------------------------

      Code (inc. data)   RO Data    RW Data    ZI Data      Debug   Library Member Name

         0          0          0          0          0          0   entry.o
         0          0          0          0          0          0   entry10a.o
         0          0          0          0          0          0   entry11a.o
         4          0          0          0          0          0   entry12b.o
         8          4          0          0          0          0   entry2.o
         4          0          0          0          0          0   entry5.o
         0          0          0          0          0          0   entry7b.o
         0          0          0          0          0          0   entry8b.o
         8          4          0          0          0          0   entry9a.o
        30          0          0          0          0          0   handlers.o
        36          8          0          0          0         68   init.o
         0          0          0          0          0          0   iusefp.o
       422         20          0          0          0        336   printf1.o
         0          0          0          4          0          0   stdout.o
        44          0          0          0          0         80   uidiv.o
       176          0          0          0          0        140   fadd.o
       110          0          0          0          0        168   fepilogue.o
        40          0          0          0          0         68   ffixui.o
        10          0          0          0          0         68   ffltui.o
       100          0          0          0          0         76   fmul.o

    ----------------------------------------------------------------------
       994         36          0          4          0       1004   Library Totals
         2          0          0          0          0          0   (incl. Padding)

    ----------------------------------------------------------------------

      Code (inc. data)   RO Data    RW Data    ZI Data      Debug   Library Name

       556         36          0          4          0        484   mc_w.l
       436          0          0          0          0        520   mf_w.l

    ----------------------------------------------------------------------
       994         36          0          4          0       1004   Library Totals

    ----------------------------------------------------------------------

==============================================================================


      Code (inc. data)   RO Data    RW Data    ZI Data      Debug   

     17438        648       4830        120       1056     373875   Grand Totals
     17438        648       4830        120       1056     373875   ELF Image Totals
     17438        648       4830        120          0          0   ROM Totals

==============================================================================

    Total RO  Size (Code + RO Data)                22268 (  21.75kB)
    Total RW  Size (RW Data + ZI Data)              1176 (   1.15kB)
    Total ROM Size (Code + RO Data + RW Data)      22388 (  21.86kB)

==============================================================================

